Archive member included because of file (symbol)

C:\fehqt\Proteus/EWL/lib/armv7e-m\libm.a(s_cosf.o)
                              ..\robot.o (cosf)
C:\fehqt\Proteus/EWL/lib/armv7e-m\libm.a(s_sinf.o)
                              ..\robot.o (sinf)
C:\fehqt\Proteus/EWL/lib/armv7e-m\libm.a(w_atan2f.o)
                              ..\drive.o (atan2f)
C:\fehqt\Proteus/EWL/lib/armv7e-m\libm.a(w_sqrtf.o)
                              ..\robot.o (sqrtf)
C:\fehqt\Proteus/EWL/lib/armv7e-m\libm.a(e_atan2f.o)
                              C:\fehqt\Proteus/EWL/lib/armv7e-m\libm.a(w_atan2f.o) (__ieee754_atan2f)
C:\fehqt\Proteus/EWL/lib/armv7e-m\libm.a(e_rem_pio2f.o)
                              C:\fehqt\Proteus/EWL/lib/armv7e-m\libm.a(s_cosf.o) (__ieee754_rem_pio2f)
C:\fehqt\Proteus/EWL/lib/armv7e-m\libm.a(e_sqrtf.o)
                              C:\fehqt\Proteus/EWL/lib/armv7e-m\libm.a(w_sqrtf.o) (__ieee754_sqrtf)
C:\fehqt\Proteus/EWL/lib/armv7e-m\libm.a(k_cosf.o)
                              C:\fehqt\Proteus/EWL/lib/armv7e-m\libm.a(s_cosf.o) (__kernel_cosf)
C:\fehqt\Proteus/EWL/lib/armv7e-m\libm.a(k_rem_pio2f.o)
                              C:\fehqt\Proteus/EWL/lib/armv7e-m\libm.a(e_rem_pio2f.o) (__kernel_rem_pio2f)
C:\fehqt\Proteus/EWL/lib/armv7e-m\libm.a(k_sinf.o)
                              C:\fehqt\Proteus/EWL/lib/armv7e-m\libm.a(s_cosf.o) (__kernel_sinf)
C:\fehqt\Proteus/EWL/lib/armv7e-m\libm.a(s_atanf.o)
                              C:\fehqt\Proteus/EWL/lib/armv7e-m\libm.a(e_atan2f.o) (atanf)
C:\fehqt\Proteus/EWL/lib/armv7e-m\libm.a(s_floorf.o)
                              C:\fehqt\Proteus/EWL/lib/armv7e-m\libm.a(k_rem_pio2f.o) (floorf)
C:\fehqt\Proteus/EWL/lib/armv7e-m\libm.a(s_scalbnf.o)
                              C:\fehqt\Proteus/EWL/lib/armv7e-m\libm.a(k_rem_pio2f.o) (scalbnf)
C:\fehqt\Proteus/EWL/lib/armv7e-m\libc.a(errno.o)
                              C:\fehqt\Proteus/EWL/lib/armv7e-m\libm.a(e_atan2f.o) (errno)
C:\fehqt\Proteus/EWL/lib/armv7e-m\libc.a(sprintf.o)
                              Libraries\FEHLCD.o (sprintf)
C:\fehqt\Proteus/EWL/lib/armv7e-m\libc.a(vsnprintf.o)
                              C:\fehqt\Proteus/EWL/lib/armv7e-m\libc.a(sprintf.o) (vsnprintf)
C:\fehqt\Proteus/EWL/lib/armv7e-m\libc.a(exit.o)
                              Startup\__arm_start.o (exit)
C:\fehqt\Proteus/EWL/lib/armv7e-m\libc.a(memcpy.o)
                              ..\worldstate.o (memcpy)
C:\fehqt\Proteus/EWL/lib/armv7e-m\libc.a(memset.o)
                              Startup\__arm_start.o (memset)
C:\fehqt\Proteus/EWL/lib/armv7e-m\libc.a(strcmp.o)
                              Libraries\FEHLCD.o (strcmp)
C:\fehqt\Proteus/EWL/lib/armv7e-m\libc.a(strcpy.o)
                              Libraries\FEHLCD.o (strcpy)
C:\fehqt\Proteus/EWL/lib/armv7e-m\libc.a(strlen.o)
                              Libraries\FEHLCD.o (strlen)
C:\fehqt\Proteus/EWL/lib/armv7e-m\libc.a(printformat_.o)
                              (__pformatter_)
C:\fehqt\Proteus/EWL/lib/armv7e-m\libc.a(scanformat_.o)
                              (__sformatter)
C:\fehqt\Proteus/EWL/lib/armv7e-m\libc.a(ctype_aeabi.o)
                              C:\fehqt\Proteus/EWL/lib/armv7e-m\libc.a(scanformat_.o) (isspace)
C:\fehqt\Proteus/EWL/lib/armv7e-m\libc.a(__strtoul.o)
                              C:\fehqt\Proteus/EWL/lib/armv7e-m\libc.a(scanformat_.o) (__strtoul)
C:\fehqt\Proteus/EWL/lib/armv7e-m\libc.a(__filll_mem.o)
                              C:\fehqt\Proteus/EWL/lib/armv7e-m\libc.a(memset.o) (__fill_mem)
C:\fehqt\Proteus/EWL/lib/armv7e-m\libc.a(memchr.o)
                              C:\fehqt\Proteus/EWL/lib/armv7e-m\libc.a(printformat_.o) (memchr)
C:\fehqt\Proteus/EWL/lib/armv7e-m\libc.a(strchr.o)
                              C:\fehqt\Proteus/EWL/lib/armv7e-m\libc.a(printformat_.o) (strchr)
c:/fehqt/proteus/gcc/bin/../lib/gcc/arm-none-eabi/4.6.2/armv7e-m\libgcc.a(_arm_addsubdf3.o)
                              ..\drive.o (__aeabi_dsub)
c:/fehqt/proteus/gcc/bin/../lib/gcc/arm-none-eabi/4.6.2/armv7e-m\libgcc.a(_arm_muldivdf3.o)
                              ..\drive.o (__aeabi_dmul)
c:/fehqt/proteus/gcc/bin/../lib/gcc/arm-none-eabi/4.6.2/armv7e-m\libgcc.a(_arm_cmpdf2.o)
                              ..\drive.o (__aeabi_dcmplt)
c:/fehqt/proteus/gcc/bin/../lib/gcc/arm-none-eabi/4.6.2/armv7e-m\libgcc.a(_arm_fixdfsi.o)
                              ..\robot.o (__aeabi_d2iz)
c:/fehqt/proteus/gcc/bin/../lib/gcc/arm-none-eabi/4.6.2/armv7e-m\libgcc.a(_arm_fixunsdfsi.o)
                              Libraries\FEHUtility.o (__aeabi_d2uiz)
c:/fehqt/proteus/gcc/bin/../lib/gcc/arm-none-eabi/4.6.2/armv7e-m\libgcc.a(_arm_truncdfsf2.o)
                              ..\drive.o (__aeabi_d2f)
c:/fehqt/proteus/gcc/bin/../lib/gcc/arm-none-eabi/4.6.2/armv7e-m\libgcc.a(_arm_addsubsf3.o)
                              ..\drive.o (__aeabi_fsub)
c:/fehqt/proteus/gcc/bin/../lib/gcc/arm-none-eabi/4.6.2/armv7e-m\libgcc.a(_arm_muldivsf3.o)
[...]
Memory Configuration

Name             Origin             Length             Attributes
m_interrupts     0x0000c000         0x00000400         xr
m_cfmprotrom     0x0000c400         0x00000010         xr
m_text           0x0000c410         0x00073bf0         xr
m_data           0x1fff0400         0x0000fc00         xrw
m_data2          0x20000000         0x00010000         xrw
*default*        0x00000000         0xffffffff

Linker script and memory map

LOAD ..\depositcore.o
LOAD ..\drive.o
LOAD ..\drivedistance.o
LOAD ..\drivetime.o
LOAD ..\end.o
LOAD ..\finalbutton.o
LOAD ..\gotox.o
LOAD ..\gotoy.o
LOAD ..\moveservo.o
LOAD ..\orient.o
LOAD ..\readlight.o
LOAD ..\robot.o
LOAD ..\servo.o
LOAD ..\main.o
LOAD ..\taskexecutor.o
LOAD ..\toplevel.o
LOAD ..\waitforlight.o
LOAD ..\waitfortouch.o
LOAD ..\worldstate.o
LOAD Startup\__arm_start.o
LOAD Startup\__arm_end.o
LOAD Startup\kinetis_sysinit.o
LOAD Libraries\FEHMotor.o
LOAD Drivers\mcg.o
LOAD Drivers\i2c.o
LOAD Drivers\spi.o
LOAD Drivers\uart.o
LOAD Drivers\ff.o
LOAD Drivers\SDHC.o
LOAD Drivers\lptmr.o
LOAD FEHProteus.o
LOAD Drivers\FEHPropeller.o
LOAD Libraries\FEHUtility.o
LOAD Libraries\FEHIO.o
LOAD Drivers\adc16.o
LOAD Libraries\FEHBuzzer.o
LOAD Libraries\FEHServo.o
LOAD Libraries\FEHLCD.o
LOAD Libraries\FEHAccel.o
LOAD Libraries\FEHBattery.o
LOAD Drivers\FEHXBee.o
LOAD Libraries\FEHRPS.o
LOAD Libraries\FEHSD.o
                0x0001d2b0                __pformatter = __pformatter_
                [0x0001d6a8]                __sformatter = __sformatter
LOAD C:\fehqt\Proteus/EWL/lib/armv7e-m\libstdc++.a
LOAD C:\fehqt\Proteus/EWL/lib/armv7e-m\libm.a
START GROUP
LOAD C:\fehqt\Proteus/EWL/lib/armv7e-m\libc.a
LOAD C:\fehqt\Proteus/EWL/lib/armv7e-m\libc++.a
LOAD C:\fehqt\Proteus/EWL/lib/armv7e-m\libm.a
LOAD c:/fehqt/proteus/gcc/bin/../lib/gcc/arm-none-eabi/4.6.2/armv7e-m\libgcc.a
LOAD C:\fehqt\Proteus/EWL/lib/armv7e-m\librt.a
LOAD c:/fehqt/proteus/gcc/bin/../lib/gcc/arm-none-eabi/4.6.2/../../../../arm-none-eabi/lib/armv7e-m\libsupc++.a
END GROUP
                0x20000000                _estack = 0x20000000
                0x20000000                __SP_INIT = _estack
                0x00000800                __heap_size = 0x800
                0x00000800                __stack_size = 0x800

.interrupts     0x0000c000      0x1e0
                0x0000c000                __vector_table = .
                0x0000c000                . = ALIGN (0x4)
 *(.vectortable)
 .vectortable   0x0000c000      0x1e0 Startup\kinetis_sysinit.o
                0x0000c1e0                . = ALIGN (0x4)

.cfmprotect     0x0000c400        0x0
                0x0000c400                . = ALIGN (0x4)
 *(.cfmconfig)
                0x0000c400                . = ALIGN (0x4)

.text           0x0000c410    0x14330
                0x0000c410                . = ALIGN (0x4)
 *(.text)
 .text          0x0000c410      0x370 c:/fehqt/proteus/gcc/bin/../lib/gcc/arm-none-eabi/4.6.2/armv7e-m\libgcc.a(_arm_addsubdf3.o)
                0x0000c410                __aeabi_drsub
                0x0000c418                __aeabi_dsub
                0x0000c418                __subdf3
                0x0000c41c                __aeabi_dadd
                0x0000c41c                __adddf3
                0x0000c694                __floatunsidf
                0x0000c694                __aeabi_ui2d
                0x0000c6b4                __floatsidf
                0x0000c6b4                __aeabi_i2d
                0x0000c6d8                __aeabi_f2d
                0x0000c6d8                __extendsfdf2
                0x0000c714                __floatundidf
                0x0000c714                __aeabi_ul2d
                0x0000c724                __floatdidf
                0x0000c724                __aeabi_l2d
 .text          0x0000c780      0x424 c:/fehqt/proteus/gcc/bin/../lib/gcc/arm-none-eabi/4.6.2/armv7e-m\libgcc.a(_arm_muldivdf3.o)
                0x0000c780                __aeabi_dmul
                0x0000c780                __muldf3
                0x0000c9d4                __divdf3
                0x0000c9d4                __aeabi_ddiv
 .text          0x0000cba4      0x110 c:/fehqt/proteus/gcc/bin/../lib/gcc/arm-none-eabi/4.6.2/armv7e-m\libgcc.a(_arm_cmpdf2.o)
                0x0000cba4                __gtdf2
                0x0000cba4                __gedf2
                0x0000cbac                __ltdf2
                0x0000cbac                __ledf2
                0x0000cbb4                __nedf2
                0x0000cbb4                __eqdf2
                0x0000cbb4                __cmpdf2
                0x0000cc30                __aeabi_cdrcmple
                0x0000cc40                __aeabi_cdcmpeq
                0x0000cc40                __aeabi_cdcmple
                0x0000cc50                __aeabi_dcmpeq
                0x0000cc64                __aeabi_dcmplt
                0x0000cc78                __aeabi_dcmple
                0x0000cc8c                __aeabi_dcmpge
                0x0000cca0                __aeabi_dcmpgt
 .text          0x0000ccb4       0x50 c:/fehqt/proteus/gcc/bin/../lib/gcc/arm-none-eabi/4.6.2/armv7e-m\libgcc.a(_arm_fixdfsi.o)
                0x0000ccb4                __aeabi_d2iz
                0x0000ccb4                __fixdfsi
 .text          0x0000cd04       0x40 c:/fehqt/proteus/gcc/bin/../lib/gcc/arm-none-eabi/4.6.2/armv7e-m\libgcc.a(_arm_fixunsdfsi.o)
                0x0000cd04                __aeabi_d2uiz
                0x0000cd04                __fixunsdfsi
 .text          0x0000cd44       0xa0 c:/fehqt/proteus/gcc/bin/../lib/gcc/arm-none-eabi/4.6.2/armv7e-m\libgcc.a(_arm_truncdfsf2.o)
                0x0000cd44                __truncdfsf2
                0x0000cd44                __aeabi_d2f
 .text          0x0000cde4      0x21c c:/fehqt/proteus/gcc/bin/../lib/gcc/arm-none-eabi/4.6.2/armv7e-m\libgcc.a(_arm_addsubsf3.o)
                0x0000cde4                __aeabi_frsub
                0x0000cdec                __subsf3
                0x0000cdec                __aeabi_fsub
                0x0000cdf0                __aeabi_fadd
                0x0000cdf0                __addsf3
                0x0000cf50                __aeabi_ui2f
                0x0000cf50                __floatunsisf
                0x0000cf58                __aeabi_i2f
                0x0000cf58                __floatsisf
                0x0000cf74                __aeabi_ul2f
                0x0000cf74                __floatundisf
                0x0000cf84                __aeabi_l2f
                0x0000cf84                __floatdisf
 .text          0x0000d000      0x2a0 c:/fehqt/proteus/gcc/bin/../lib/gcc/arm-none-eabi/4.6.2/armv7e-m\libgcc.a(_arm_muldivsf3.o)
                0x0000d000                __mulsf3
                0x0000d000                __aeabi_fmul
                0x0000d168                __aeabi_fdiv
                0x0000d168                __divsf3
 .text          0x0000d2a0       0xec c:/fehqt/proteus/gcc/bin/../lib/gcc/arm-none-eabi/4.6.2/armv7e-m\libgcc.a(_arm_cmpsf2.o)
                0x0000d2a0                __gesf2
                0x0000d2a0                __gtsf2
                0x0000d2a8                __lesf2
                0x0000d2a8                __ltsf2
                0x0000d2b0                __nesf2
                0x0000d2b0                __eqsf2
                0x0000d2b0                __cmpsf2
                0x0000d310                __aeabi_cfrcmple
                0x0000d318                __aeabi_cfcmpeq
                0x0000d318                __aeabi_cfcmple
                0x0000d328                __aeabi_fcmpeq
                0x0000d33c                __aeabi_fcmplt
                0x0000d350                __aeabi_fcmple
                0x0000d364                __aeabi_fcmpge
                0x0000d378                __aeabi_fcmpgt
 .text          0x0000d38c       0x4c c:/fehqt/proteus/gcc/bin/../lib/gcc/arm-none-eabi/4.6.2/armv7e-m\libgcc.a(_arm_fixsfsi.o)
                0x0000d38c                __aeabi_f2iz
                0x0000d38c                __fixsfsi
 .text          0x0000d3d8      0xb54 c:/fehqt/proteus/gcc/bin/../lib/gcc/arm-none-eabi/4.6.2/armv7e-m\libgcc.a(unwind-arm.o)
                0x0000d680                _Unwind_VRS_Get
                0x0000d6c0                _Unwind_VRS_Set
                0x0000da20                __aeabi_unwind_cpp_pr2
                0x0000da24                __aeabi_unwind_cpp_pr1
                0x0000da28                __aeabi_unwind_cpp_pr0
                0x0000da2c                _Unwind_VRS_Pop
                0x0000dde0                _Unwind_GetCFA
                0x0000dde4                __gnu_Unwind_RaiseException
                0x0000de44                __gnu_Unwind_ForcedUnwind
                0x0000de58                __gnu_Unwind_Resume
                0x0000de94                __gnu_Unwind_Resume_or_Rethrow
                0x0000dea4                _Unwind_Complete
                0x0000dea8                _Unwind_DeleteException
                0x0000deb8                __gnu_Unwind_Backtrace
 .text          0x0000df2c      0x1ac c:/fehqt/proteus/gcc/bin/../lib/gcc/arm-none-eabi/4.6.2/armv7e-m\libgcc.a(libunwind.o)
                0x0000df2c                __restore_core_regs
                0x0000df2c                restore_core_regs
                0x0000df44                __gnu_Unwind_Restore_VFP
                0x0000df4c                __gnu_Unwind_Save_VFP
                0x0000df54                __gnu_Unwind_Restore_VFP_D
                0x0000df5c                __gnu_Unwind_Save_VFP_D
                0x0000df64                __gnu_Unwind_Restore_VFP_D_16_to_31
                0x0000df6c                __gnu_Unwind_Save_VFP_D_16_to_31
                0x0000df74                __gnu_Unwind_Restore_WMMXD
                0x0000dfb8                __gnu_Unwind_Save_WMMXD
                0x0000dffc                __gnu_Unwind_Restore_WMMXC
                0x0000e010                __gnu_Unwind_Save_WMMXC
                0x0000e024                ___Unwind_RaiseException
                0x0000e024                _Unwind_RaiseException
                0x0000e048                _Unwind_Resume
                0x0000e048                ___Unwind_Resume
                0x0000e06c                _Unwind_Resume_or_Rethrow
                0x0000e06c                ___Unwind_Resume_or_Rethrow
                0x0000e090                _Unwind_ForcedUnwind
                0x0000e090                ___Unwind_ForcedUnwind
                0x0000e0b4                ___Unwind_Backtrace
                0x0000e0b4                _Unwind_Backtrace
 .text          0x0000e0d8      0x374 c:/fehqt/proteus/gcc/bin/../lib/gcc/arm-none-eabi/4.6.2/armv7e-m\libgcc.a(pr-support.o)
                0x0000e12c                __gnu_unwind_execute
                0x0000e3f4                __gnu_unwind_frame
                0x0000e41c                _Unwind_GetRegionStart
                0x0000e428                _Unwind_GetLanguageSpecificData
                0x0000e43c                _Unwind_GetDataRelBase
                0x0000e444                _Unwind_GetTextRelBase
 *(.text*)
 .text._ZN4TaskC2Ev
                0x0000e44c       0x20 ..\depositcore.o
                0x0000e44c                Task::Task()
                0x0000e44c                Task::Task()
 .text._ZN11DepositCoreC2Ev
                0x0000e46c       0x30 ..\depositcore.o
                0x0000e46c                DepositCore::DepositCore()
                0x0000e46c                DepositCore::DepositCore()
 .text._ZN11DepositCore4InitER5Robot
                0x0000e49c       0x94 ..\depositcore.o
                0x0000e49c                DepositCore::Init(Robot&)
 .text._ZN11DepositCore3RunER5Robot
                0x0000e530       0x1c ..\depositcore.o
                0x0000e530                DepositCore::Run(Robot&)
 .text._ZN11DepositCore6FinishER5Robot
                0x0000e54c       0x14 ..\depositcore.o
                0x0000e54c                DepositCore::Finish(Robot&)
 .text._ZN11DepositCore5isEndEv
                0x0000e560       0x18 ..\depositcore.o
                0x0000e560                DepositCore::isEnd()
 .text._ZN13DriveDistanceC2Eff
                0x0000e578       0x38 ..\drivedistance.o
                0x0000e578                DriveDistance::DriveDistance(float, float)
                0x0000e578                DriveDistance::DriveDistance(float, float)
 .text._ZN13DriveDistance4InitER5Robot
                0x0000e5b0       0x14 ..\drivedistance.o
                0x0000e5b0                DriveDistance::Init(Robot&)
 .text._ZN13DriveDistance3RunER5Robot
                0x0000e5c4       0x2c ..\drivedistance.o
                0x0000e5c4                DriveDistance::Run(Robot&)
 .text._ZN13DriveDistance6FinishER5Robot
                0x0000e5f0       0x14 ..\drivedistance.o
                0x0000e5f0                DriveDistance::Finish(Robot&)
 .text._ZN13DriveDistance5isEndEv
                0x0000e604       0x18 ..\drivedistance.o
                0x0000e604                DriveDistance::isEnd()
 .text._ZN9DriveTimeC2Eff
                0x0000e61c       0x38 ..\drivetime.o
                0x0000e61c                DriveTime::DriveTime(float, float)
                0x0000e61c                DriveTime::DriveTime(float, float)
 .text._ZN9DriveTime4InitER5Robot
                0x0000e654       0x14 ..\drivetime.o
                0x0000e654                DriveTime::Init(Robot&)
 .text._ZN9DriveTime3RunER5Robot
                0x0000e668       0x2c ..\drivetime.o
                0x0000e668                DriveTime::Run(Robot&)
 .text._ZN9DriveTime6FinishER5Robot
                0x0000e694       0x14 ..\drivetime.o
                0x0000e694                DriveTime::Finish(Robot&)
 .text._ZN9DriveTime5isEndEv
                0x0000e6a8       0x18 ..\drivetime.o
                0x0000e6a8                DriveTime::isEnd()
 .text._ZN3EndC2Ev
                0x0000e6c0       0x28 ..\end.o
                0x0000e6c0                End::End()
                0x0000e6c0                End::End()
 .text._ZN3End4InitER5Robot
                0x0000e6e8       0x14 ..\end.o
                0x0000e6e8                End::Init(Robot&)
 .text._ZN3End3RunER5Robot
                0x0000e6fc       0x1c ..\end.o
                0x0000e6fc                End::Run(Robot&)
 .text._ZN3End6FinishER5Robot
                0x0000e718       0x14 ..\end.o
                0x0000e718                End::Finish(Robot&)
 .text._ZN3End5isEndEv
                0x0000e72c       0x18 ..\end.o
                0x0000e72c                End::isEnd()
 .text._ZN11FinalButtonC2Ev
                0x0000e744       0x30 ..\finalbutton.o
                0x0000e744                FinalButton::FinalButton()
                0x0000e744                FinalButton::FinalButton()
 *fill*         0x0000e774        0x4 00
 .text._ZN11FinalButton4InitER5Robot
                0x0000e778      0x148 ..\finalbutton.o
                0x0000e778                FinalButton::Init(Robot&)
 .text._ZN11FinalButton3RunER5Robot
                0x0000e8c0       0x1c ..\finalbutton.o
                0x0000e8c0                FinalButton::Run(Robot&)
 .text._ZN11FinalButton6FinishER5Robot
                0x0000e8dc       0x14 ..\finalbutton.o
                0x0000e8dc                FinalButton::Finish(Robot&)
 .text._ZN11FinalButton5isEndEv
                0x0000e8f0       0x18 ..\finalbutton.o
                0x0000e8f0                FinalButton::isEnd()
 .text._ZSt3absf
                0x0000e908       0x1c ..\gotox.o
                0x0000e908                std::abs(float)
 .text._ZN5GoToXC2Eff
                0x0000e924       0x6c ..\gotox.o
                0x0000e924                GoToX::GoToX(float, float)
                0x0000e924                GoToX::GoToX(float, float)
 .text._ZN5GoToXC2Efff
                0x0000e990       0x6c ..\gotox.o
                0x0000e990                GoToX::GoToX(float, float, float)
                0x0000e990                GoToX::GoToX(float, float, float)
 .text._ZN5GoToXC2Efffb
                0x0000e9fc       0x68 ..\gotox.o
                0x0000e9fc                GoToX::GoToX(float, float, float, bool)
                0x0000e9fc                GoToX::GoToX(float, float, float, bool)
 .text._ZN5GoToX4InitER5Robot
                0x0000ea64      0x134 ..\gotox.o
                0x0000ea64                GoToX::Init(Robot&)
 .text._ZN5GoToX3RunER5Robot
                0x0000eb98      0x148 ..\gotox.o
                0x0000eb98                GoToX::Run(Robot&)
 .text._ZN5GoToX6FinishER5Robot
                0x0000ece0       0x44 ..\gotox.o
                0x0000ece0                GoToX::Finish(Robot&)
 .text._ZN5GoToX5isEndEv
                0x0000ed24       0x18 ..\gotox.o
                0x0000ed24                GoToX::isEnd()
 .text._ZN5GoToYC2Efffb
                0x0000ed3c       0x60 ..\gotoy.o
                0x0000ed3c                GoToY::GoToY(float, float, float, bool)
                0x0000ed3c                GoToY::GoToY(float, float, float, bool)
 .text._ZN5GoToY4InitER5Robot
                0x0000ed9c      0x138 ..\gotoy.o
                0x0000ed9c                GoToY::Init(Robot&)
 *fill*         0x0000eed4        0x4 00
 .text._ZN5GoToY3RunER5Robot
                0x0000eed8      0x148 ..\gotoy.o
                0x0000eed8                GoToY::Run(Robot&)
 .text._ZN5GoToY6FinishER5Robot
                0x0000f020       0x28 ..\gotoy.o
                0x0000f020                GoToY::Finish(Robot&)
 .text._ZN5GoToY5isEndEv
                0x0000f048       0x18 ..\gotoy.o
                0x0000f048                GoToY::isEnd()
 .text._ZN9MoveServoC2Ef
                0x0000f060       0x30 ..\moveservo.o
                0x0000f060                MoveServo::MoveServo(float)
                0x0000f060                MoveServo::MoveServo(float)
 .text._ZN9MoveServo4InitER5Robot
                0x0000f090       0x14 ..\moveservo.o
                0x0000f090                MoveServo::Init(Robot&)
 .text._ZN9MoveServo3RunER5Robot
                0x0000f0a4       0x2c ..\moveservo.o
                0x0000f0a4                MoveServo::Run(Robot&)
 .text._ZN9MoveServo6FinishER5Robot
                0x0000f0d0       0x14 ..\moveservo.o
                0x0000f0d0                MoveServo::Finish(Robot&)
 .text._ZN9MoveServo5isEndEv
                0x0000f0e4       0x18 ..\moveservo.o
                0x0000f0e4                MoveServo::isEnd()
 .text._ZN6OrientC2Ef
                0x0000f0fc       0x38 ..\orient.o
                0x0000f0fc                Orient::Orient(float)
                0x0000f0fc                Orient::Orient(float)
 *fill*         0x0000f134        0x4 00
 .text._ZN6Orient4InitER5Robot
                0x0000f138      0x188 ..\orient.o
                0x0000f138                Orient::Init(Robot&)
 .text._ZN6Orient3RunER5Robot
                0x0000f2c0      0x1e8 ..\orient.o
                0x0000f2c0                Orient::Run(Robot&)
 .text._ZN6Orient6FinishER5Robot
                0x0000f4a8       0x3c ..\orient.o
                0x0000f4a8                Orient::Finish(Robot&)
 .text._ZN6Orient5isEndEv
                0x0000f4e4       0x18 ..\orient.o
                0x0000f4e4                Orient::isEnd()
 .text._ZN9ReadLightC2Ev
                0x0000f4fc       0x28 ..\readlight.o
                0x0000f4fc                ReadLight::ReadLight()
                0x0000f4fc                ReadLight::ReadLight()
 .text._ZN9ReadLight4InitER5Robot
                0x0000f524       0x14 ..\readlight.o
                0x0000f524                ReadLight::Init(Robot&)
 .text._ZN9ReadLight3RunER5Robot
                0x0000f538       0xa0 ..\readlight.o
                0x0000f538                ReadLight::Run(Robot&)
 .text._ZN9ReadLight6FinishER5Robot
                0x0000f5d8       0x14 ..\readlight.o
                0x0000f5d8                ReadLight::Finish(Robot&)
 .text._ZN9ReadLight5isEndEv
                0x0000f5ec       0x18 ..\readlight.o
                0x0000f5ec                ReadLight::isEnd()
 .text._ZSt3cosf
                0x0000f604       0x1c ..\robot.o
                0x0000f604                std::cos(float)
 .text._ZSt3sinf
                0x0000f620       0x1c ..\robot.o
                0x0000f620                std::sin(float)
 .text._ZN5RobotC2Ev
                0x0000f63c      0x148 ..\robot.o
                0x0000f63c                Robot::Robot()
                0x0000f63c                Robot::Robot()
 *fill*         0x0000f784        0x4 00
 .text._ZN5Robot13DriveStraightEff
                0x0000f788      0x220 ..\robot.o
                0x0000f788                Robot::DriveStraight(float, float)
 .text._ZN5Robot22DriveStraightReadLightEff
                0x0000f9a8      0x268 ..\robot.o
                0x0000f9a8                Robot::DriveStraightReadLight(float, float)
 .text._ZN5Robot9DriveTimeEff
                0x0000fc10      0x200 ..\robot.o
                0x0000fc10                Robot::DriveTime(float, float)
 .text._ZN5Robot4TurnEff
                0x0000fe10      0x218 ..\robot.o
                0x0000fe10                Robot::Turn(float, float)
 .text._ZN5Robot11GetRedLightEv
                0x00010028       0x1c ..\robot.o
                0x00010028                Robot::GetRedLight()
 .text._ZN5Robot11SetRedLightEb
                0x00010044       0x20 ..\robot.o
                0x00010044                Robot::SetRedLight(bool)
 .text._ZN5Robot4GetXEv
                0x00010064       0x18 ..\robot.o
                0x00010064                Robot::GetX()
 .text._ZN5Robot4GetYEv
                0x0001007c       0x18 ..\robot.o
                0x0001007c                Robot::GetY()
 .text._ZN5Robot10GetHeadingEv
                0x00010094       0x18 ..\robot.o
                0x00010094                Robot::GetHeading()
 .text._ZN5Robot15GetCdSCellValueEv
                0x000100ac       0x18 ..\robot.o
                0x000100ac                Robot::GetCdSCellValue()
 *fill*         0x000100c4        0x4 00
 .text._ZN5Robot6UpdateEv
                0x000100c8      0x158 ..\robot.o
                0x000100c8                Robot::Update()
 .text._ZN5Robot9LogReportEv
                0x00010220       0xb8 ..\robot.o
                0x00010220                Robot::LogReport()
 .text.main     0x000102d8      0x4b0 ..\main.o
                0x000102d8                main
 .text._Z41__static_initialization_and_destruction_0ii
                0x00010788       0x30 ..\main.o
 .text._GLOBAL__sub_I_executor
                0x000107b8       0x14 ..\main.o
 .text._ZN12TaskExecutorC2Ev
                0x000107cc       0x18 ..\taskexecutor.o
                0x000107cc                TaskExecutor::TaskExecutor()
                0x000107cc                TaskExecutor::TaskExecutor()
 .text._ZN12TaskExecutor7ExecuteER5RobotP4Task
                0x000107e4       0x70 ..\taskexecutor.o
                0x000107e4                TaskExecutor::Execute(Robot&, Task*)
 .text._ZN8TopLevelC2Ev
                0x00010854       0x28 ..\toplevel.o
                0x00010854                TopLevel::TopLevel()
                0x00010854                TopLevel::TopLevel()
 *fill*         0x0001087c        0x4 00
 .text._ZN8TopLevel4InitER5Robot
                0x00010880       0xd8 ..\toplevel.o
                0x00010880                TopLevel::Init(Robot&)
 .text._ZN8TopLevel3RunER5Robot
                0x00010958       0x1c ..\toplevel.o
                0x00010958                TopLevel::Run(Robot&)
 .text._ZN8TopLevel6FinishER5Robot
                0x00010974       0x14 ..\toplevel.o
                0x00010974                TopLevel::Finish(Robot&)
 .text._ZN8TopLevel5isEndEv
                0x00010988       0x18 ..\toplevel.o
                0x00010988                TopLevel::isEnd()
 .text._ZN12WaitForLightC2Ev
                0x000109a0       0x38 ..\waitforlight.o
                0x000109a0                WaitForLight::WaitForLight()
                0x000109a0                WaitForLight::WaitForLight()
 .text._ZN12WaitForLight4InitER5Robot
                0x000109d8       0x28 ..\waitforlight.o
                0x000109d8                WaitForLight::Init(Robot&)
 .text._ZN12WaitForLight3RunER5Robot
                0x00010a00       0xa8 ..\waitforlight.o
                0x00010a00                WaitForLight::Run(Robot&)
 .text._ZN12WaitForLight6FinishER5Robot
                0x00010aa8       0x14 ..\waitforlight.o
                0x00010aa8                WaitForLight::Finish(Robot&)
 .text._ZN12WaitForLight5isEndEv
                0x00010abc       0x18 ..\waitforlight.o
                0x00010abc                WaitForLight::isEnd()
 .text._ZN12WaitForTouchC2EPc
                0x00010ad4       0x38 ..\waitfortouch.o
                0x00010ad4                WaitForTouch::WaitForTouch(char*)
                0x00010ad4                WaitForTouch::WaitForTouch(char*)
 .text._ZN12WaitForTouch4InitER5Robot
                0x00010b0c       0x24 ..\waitfortouch.o
                0x00010b0c                WaitForTouch::Init(Robot&)
 .text._ZN12WaitForTouch3RunER5Robot
                0x00010b30       0x78 ..\waitfortouch.o
                0x00010b30                WaitForTouch::Run(Robot&)
 .text._ZN12WaitForTouch6FinishER5Robot
                0x00010ba8       0x28 ..\waitfortouch.o
                0x00010ba8                WaitForTouch::Finish(Robot&)
 .text._ZN12WaitForTouch5isEndEv
                0x00010bd0       0x18 ..\waitfortouch.o
                0x00010bd0                WaitForTouch::isEnd()
 .text.zero_fill_bss
                0x00010be8       0x34 Startup\__arm_start.o
 .text.__thumb_startup
                0x00010c1c       0x34 Startup\__arm_start.o
                0x00010c1c                __thumb_startup
 .text.InitFEHProteus
                0x00010c50      0x15c Startup\__arm_start.o
                0x00010c50                InitFEHProteus
 .text.pll_init_bl
                0x00010dac      0x130 Startup\__arm_start.o
 .text.InitPowerButton
                0x00010edc       0x90 Startup\__arm_start.o
                0x00010edc                InitPowerButton
 .text._ExitProcess
                0x00010f6c        0xc Startup\__arm_end.o
                0x00010f6c                _ExitProcess
 .text.Default_Handler
                0x00010f78        0xc Startup\kinetis_sysinit.o
                0x00010f78                BusFault_Handler()
                0x00010f78                HardFault_Handler()
                0x00010f78                SysTick_Handler()
                0x00010f78                PendSV_Handler()
                0x00010f78                DebugMonitor_Handler()
                0x00010f78                MemManage_Handler()
                0x00010f78                NMI_Handler()
                0x00010f78                SVC_Handler()
                0x00010f78                Default_Handler
                0x00010f78                UsageFault_Handler()
 .text.__init_hardware
                0x00010f84       0x44 Startup\kinetis_sysinit.o
                0x00010f84                __init_hardware
 .text._Z8PortDISRv
                0x00010fc8       0x64 Startup\kinetis_sysinit.o
                0x00010fc8                PortDISR()
 *fill*         0x0001102c        0x4 00
 .text._ZN8FEHMotorC2ENS_12FEHMotorPortEf
                0x00011030       0xb0 Libraries\FEHMotor.o
                0x00011030                FEHMotor::FEHMotor(FEHMotor::FEHMotorPort, float)
                0x00011030                FEHMotor::FEHMotor(FEHMotor::FEHMotorPort, float)
 .text._ZN8FEHMotor4StopEv
                0x000110e0       0x3c Libraries\FEHMotor.o
                0x000110e0                FEHMotor::Stop()
 .text._ZN8FEHMotor8SetPowerEi
                0x0001111c       0x60 Libraries\FEHMotor.o
                0x0001111c                FEHMotor::SetPower(int)
 *fill*         0x0001117c        0x4 00
 .text._ZN8FEHMotor10SetPercentEf
                0x00011180      0x158 Libraries\FEHMotor.o
                0x00011180                FEHMotor::SetPercent(float)
 .text._Z21IIC_StartTransmissionhh
                0x000112d8       0x98 Drivers\i2c.o
                0x000112d8                IIC_StartTransmission(unsigned char, unsigned char)
 .text._Z5Pausev
                0x00011370       0x34 Drivers\i2c.o
                0x00011370                Pause()
 .text._Z21MMA8451QWriteRegisterhh
                0x000113a4      0x12c Drivers\i2c.o
                0x000113a4                MMA8451QWriteRegister(unsigned char, unsigned char)
 .text._Z12SPI_SendCharh
                0x000114d0       0x1c Drivers\spi.o
                0x000114d0                SPI_SendChar(unsigned char)
 .text._Z16SPI_WriteCommandhh
                0x000114ec       0x34 Drivers\spi.o
                0x000114ec                SPI_WriteCommand(unsigned char, unsigned char)
 .text._Z11SPI_GetCharv
                0x00011520       0x14 Drivers\spi.o
                0x00011520                SPI_GetChar()
 .text._Z15SPI_ReadCommandh
                0x00011534       0x3c Drivers\spi.o
                0x00011534                SPI_ReadCommand(unsigned char)
 .text._Z13SPI_CS_Assertv
                0x00011570       0x24 Drivers\spi.o
                0x00011570                SPI_CS_Assert()
 .text._Z15SPI_CS_Deassertv
                0x00011594       0x24 Drivers\spi.o
                0x00011594                SPI_CS_Deassert()
 .text._Z12SPI_Transferh
                0x000115b8       0x88 Drivers\spi.o
                0x000115b8                SPI_Transfer(unsigned char)
 .text._Z8SPI_Initv
                0x00011640       0xe8 Drivers\spi.o
                0x00011640                SPI_Init()
 .text._Z9uart_initPV11UART_MemMapii
                0x00011728      0x20c Drivers\uart.o
                0x00011728                uart_init(UART_MemMap volatile*, int, int)
 .text._Z12uart_getcharPV11UART_MemMap
                0x00011934       0x34 Drivers\uart.o
                0x00011934                uart_getchar(UART_MemMap volatile*)
 .text._Z12uart_putcharPV11UART_MemMapc
                0x00011968       0x38 Drivers\uart.o
                0x00011968                uart_putchar(UART_MemMap volatile*, char)
 .text._ZL7mem_cpyPvPKvj
                0x000119a0       0x50 Drivers\ff.o
 .text._ZL7mem_setPvij
                0x000119f0       0x44 Drivers\ff.o
 .text._ZL7mem_cmpPKvS0_j
                0x00011a34       0x7c Drivers\ff.o
 .text._ZL7chk_chrPKci
                0x00011ab0       0x48 Drivers\ff.o
 .text._ZL11move_windowP5FATFSm
                0x00011af8       0xf0 Drivers\ff.o
 .text._ZL4syncP5FATFS
                0x00011be8      0x188 Drivers\ff.o
 .text._Z10clust2sectP5FATFSm
                0x00011d70       0x44 Drivers\ff.o
                0x00011d70                clust2sect(FATFS*, unsigned long)
 .text._Z7get_fatP5FATFSm
                0x00011db4      0x1d4 Drivers\ff.o
                0x00011db4                get_fat(FATFS*, unsigned long)
 .text._Z7put_fatP5FATFSmm
                0x00011f88      0x268 Drivers\ff.o
                0x00011f88                put_fat(FATFS*, unsigned long, unsigned long)
 .text._ZL12remove_chainP5FATFSm
                0x000121f0       0xbc Drivers\ff.o
 .text._ZL12create_chainP5FATFSm
                0x000122ac      0x130 Drivers\ff.o
 .text._ZL10clmt_clustP3FILm
                0x000123dc       0x70 Drivers\ff.o
 .text._ZL7dir_sdiP3DIRt
                0x0001244c      0x124 Drivers\ff.o
 .text._ZL8dir_nextP3DIRi
                0x00012570      0x1fc Drivers\ff.o
 .text._ZL8dir_findP3DIR
                0x0001276c       0xbc Drivers\ff.o
 .text._ZL12dir_registerP3DIR
                0x00012828       0xcc Drivers\ff.o
 .text._ZL11create_nameP3DIRPPKc
                0x000128f4      0x250 Drivers\ff.o
 .text._ZL11follow_pathP3DIRPKc
                0x00012b44      0x150 Drivers\ff.o
 .text._ZL8check_fsP5FATFSm
                0x00012c94       0xf0 Drivers\ff.o
 .text._ZL11chk_mountedPPKcPP5FATFSh
                0x00012d84      0x5f8 Drivers\ff.o
 .text._ZL8validateP5FATFSt
                0x0001337c       0x54 Drivers\ff.o
 .text._Z7f_mounthP5FATFS
                0x000133d0       0x64 Drivers\ff.o
                0x000133d0                f_mount(unsigned char, FATFS*)
 .text._Z6f_openP3FILPKch
                0x00013434      0x358 Drivers\ff.o
                0x00013434                f_open(FIL*, char const*, unsigned char)
 .text._Z7f_writeP3FILPKvjPj
                0x0001378c      0x39c Drivers\ff.o
                0x0001378c                f_write(FIL*, void const*, unsigned int, unsigned int*)
 .text._Z6f_syncP3FIL
                0x00013b28      0x1c0 Drivers\ff.o
                0x00013b28                f_sync(FIL*)
 .text._Z7f_closeP3FIL
                0x00013ce8       0x2c Drivers\ff.o
                0x00013ce8                f_close(FIL*)
 .text._Z6f_putccP3FIL
                0x00013d14       0x44 Drivers\ff.o
                0x00013d14                f_putc(char, FIL*)
 .text._Z6f_putsPKcP3FIL
                0x00013d58       0x64 Drivers\ff.o
                0x00013d58                f_puts(char const*, FIL*)
 .text._Z5powerii
                0x00013dbc       0x50 Drivers\ff.o
                0x00013dbc                power(int, int)
 .text._Z8f_printfP3FILPKcSt9__va_list
                0x00013e0c      0x76c Drivers\ff.o
                0x00013e0c                f_printf(FIL*, char const*, std::__va_list)
 .text._ZL17SDHC_set_baudratemm
                0x00014578      0x14c Drivers\SDHC.o
 .text._Z9SDHC_initP17esdhc_info_structPK17esdhc_init_struct
                0x000146c4      0x1c4 Drivers\SDHC.o
                0x000146c4                SDHC_init(esdhc_info_struct*, esdhc_init_struct const*)
 .text._ZL15SDHC_is_runningv
                0x00014888       0x28 Drivers\SDHC.o
 .text._ZL16SDHC_status_waitm
                0x000148b0       0x38 Drivers\SDHC.o
 .text._ZL17SDHC_send_commandP20esdhc_command_struct
                0x000148e8      0x2a0 Drivers\SDHC.o
 .text._Z10SDHC_ioctlmPv
                0x00014b88      0x978 Drivers\SDHC.o
                0x00014b88                SDHC_ioctl(unsigned long, void*)
 .text._Z15disk_initializeh
                0x00015500      0x448 Drivers\SDHC.o
                0x00015500                disk_initialize(unsigned char)
 .text._ZL14rcvr_datablockPhm
                0x00015948      0x134 Drivers\SDHC.o
 .text._Z9disk_readhPhmh
                0x00015a7c      0x13c Drivers\SDHC.o
                0x00015a7c                disk_read(unsigned char, unsigned char*, unsigned long, unsigned char)
 .text._ZL14xmit_datablockPKhm
                0x00015bb8       0xe0 Drivers\SDHC.o
 .text._Z10disk_writehPKhmh
                0x00015c98      0x1cc Drivers\SDHC.o
                0x00015c98                disk_write(unsigned char, unsigned char const*, unsigned long, unsigned char)
 .text._Z10disk_ioctlhhPv
                0x00015e64      0x128 Drivers\SDHC.o
                0x00015e64                disk_ioctl(unsigned char, unsigned char, void*)
 .text._Z11disk_statush
                0x00015f8c       0x30 Drivers\SDHC.o
                0x00015f8c                disk_status(unsigned char)
 .text._Z13time_delay_msm
                0x00015fbc       0xa4 Drivers\lptmr.o
                0x00015fbc                time_delay_ms(unsigned long)
 .text._Z41__static_initialization_and_destruction_0ii
                0x00016060       0x30 FEHProteus.o
 .text._GLOBAL__sub_I_Propeller
                0x00016090       0x14 FEHProteus.o
 .text._ZN12FEHPropellerC2Ev
                0x000160a4       0x20 Drivers\FEHPropeller.o
                0x000160a4                FEHPropeller::FEHPropeller()
                0x000160a4                FEHPropeller::FEHPropeller()
 .text._ZN12FEHPropeller10InitializeEv
                0x000160c4       0x94 Drivers\FEHPropeller.o
                0x000160c4                FEHPropeller::Initialize()
 .text._ZN12FEHPropeller12SetMotorRateEhhh
                0x00016158       0x78 Drivers\FEHPropeller.o
                0x00016158                FEHPropeller::SetMotorRate(unsigned char, unsigned char, unsigned char)
 .text._ZL5Delaymjj
                0x000161d0       0xc4 Libraries\FEHUtility.o
 .text._Z5Sleepi
                0x00016294       0x34 Libraries\FEHUtility.o
                0x00016294                Sleep(int)
 .text._Z5Sleepd
                0x000162c8       0x58 Libraries\FEHUtility.o
                0x000162c8                Sleep(double)
 .text._Z7TimeNowv
                0x00016320       0x70 Libraries\FEHUtility.o
                0x00016320                TimeNow()
 .text._Z11TimeNowMSecv
                0x00016390       0x44 Libraries\FEHUtility.o
                0x00016390                TimeNowMSec()
 .text._ZN15DigitalInputPinC2EN5FEHIO8FEHIOPinE
                0x000163d4       0x24 Libraries\FEHIO.o
                0x000163d4                DigitalInputPin::DigitalInputPin(FEHIO::FEHIOPin)
                0x000163d4                DigitalInputPin::DigitalInputPin(FEHIO::FEHIOPin)
 .text._ZN15DigitalInputPin10InitializeEN5FEHIO8FEHIOPinE
                0x000163f8      0x224 Libraries\FEHIO.o
                0x000163f8                DigitalInputPin::Initialize(FEHIO::FEHIOPin)
 .text._ZN15DigitalInputPin5ValueEv
                0x0001661c      0x148 Libraries\FEHIO.o
                0x0001661c                DigitalInputPin::Value()
 .text._ZN14DigitalEncoderC2EN5FEHIO8FEHIOPinE
                0x00016764       0x2c Libraries\FEHIO.o
                0x00016764                DigitalEncoder::DigitalEncoder(FEHIO::FEHIOPin)
                0x00016764                DigitalEncoder::DigitalEncoder(FEHIO::FEHIOPin)
 .text._Z10enable_irqi
                0x00016790      0x1cc Libraries\FEHIO.o
                0x00016790                enable_irq(int)
 .text._ZN14DigitalEncoder10InitializeEN5FEHIO8FEHIOPinENS0_21FEHIOInterruptTriggerE
                0x0001695c      0x224 Libraries\FEHIO.o
                0x0001695c                DigitalEncoder::Initialize(FEHIO::FEHIOPin, FEHIO::FEHIOInterruptTrigger)
 .text._Z9portB_isrv
                0x00016b80       0xd4 Libraries\FEHIO.o
                0x00016b80                portB_isr()
 .text._Z9portC_isrv
                0x00016c54       0xd8 Libraries\FEHIO.o
                0x00016c54                portC_isr()
 .text._Z9portA_isrv
                0x00016d2c       0xd8 Libraries\FEHIO.o
                0x00016d2c                portA_isr()
 .text._Z9portE_isrv
                0x00016e04       0xd0 Libraries\FEHIO.o
                0x00016e04                portE_isr()
 .text._ZN14DigitalEncoder6CountsEv
                0x00016ed4       0x28 Libraries\FEHIO.o
                0x00016ed4                DigitalEncoder::Counts()
 .text._ZN14DigitalEncoder11ResetCountsEv
                0x00016efc       0x28 Libraries\FEHIO.o
                0x00016efc                DigitalEncoder::ResetCounts()
 .text._ZN14AnalogInputPinC2EN5FEHIO8FEHIOPinE
                0x00016f24       0x20 Libraries\FEHIO.o
                0x00016f24                AnalogInputPin::AnalogInputPin(FEHIO::FEHIOPin)
                0x00016f24                AnalogInputPin::AnalogInputPin(FEHIO::FEHIOPin)
 *fill*         0x00016f44        0x4 00
 .text._ZN14AnalogInputPin5ValueEv
                0x00016f48      0x180 Libraries\FEHIO.o
                0x00016f48                AnalogInputPin::Value()
 .text._ZN13AnalogEncoder12EncoderValueEv
                0x000170c8       0xe4 Libraries\FEHIO.o
                0x000170c8                AnalogEncoder::EncoderValue()
 .text._ZN14AnalogInputPin8InitADCsEv
                0x000171ac      0x120 Libraries\FEHIO.o
                0x000171ac                AnalogInputPin::InitADCs()
 .text._Z8pit0_isrv
                0x000172cc       0x34 Libraries\FEHIO.o
                0x000172cc                pit0_isr()
 .text._ZN13AnalogEncoder4InitEv
                0x00017300       0x64 Libraries\FEHIO.o
                0x00017300                AnalogEncoder::Init()
 .text._ZN13AnalogEncoder14SetCounterInitEj
                0x00017364       0x20 Libraries\FEHIO.o
                0x00017364                AnalogEncoder::SetCounterInit(unsigned int)
 .text._ZN13AnalogEncoder10ProcessIntEv
                0x00017384       0x80 Libraries\FEHIO.o
                0x00017384                AnalogEncoder::ProcessInt()
 .text._ZN13AnalogEncoder14ProcessIntSelfEv
                0x00017404       0x80 Libraries\FEHIO.o
                0x00017404                AnalogEncoder::ProcessIntSelf()
 .text._Z7ADC_CalPV10ADC_MemMap
                0x00017484      0x14c Drivers\adc16.o
                0x00017484                ADC_Cal(ADC_MemMap volatile*)
 .text._Z14ADC_Config_AltPV10ADC_MemMapP7adc_cfg
                0x000175d0       0x6c Drivers\adc16.o
                0x000175d0                ADC_Config_Alt(ADC_MemMap volatile*, adc_cfg*)
 .text._ZN9FEHBuzzerC2Ev
                0x0001763c       0x18 Libraries\FEHBuzzer.o
                0x0001763c                FEHBuzzer::FEHBuzzer()
                0x0001763c                FEHBuzzer::FEHBuzzer()
 .text._Z41__static_initialization_and_destruction_0ii
                0x00017654       0x30 Libraries\FEHBuzzer.o
 .text._GLOBAL__sub_I_Buzzer
                0x00017684       0x14 Libraries\FEHBuzzer.o
 .text._ZN8FEHServoC2ENS_12FEHServoPortE
                0x00017698       0x3c Libraries\FEHServo.o
                0x00017698                FEHServo::FEHServo(FEHServo::FEHServoPort)
                0x00017698                FEHServo::FEHServo(FEHServo::FEHServoPort)
 *fill*         0x000176d4        0x4 00
 .text._ZN8FEHServo9SetDegreeEf
                0x000176d8      0x148 Libraries\FEHServo.o
                0x000176d8                FEHServo::SetDegree(float)
 .text._ZN6FEHLCD11_InitializeEv
                0x00017820      0x5dc Libraries\FEHLCD.o
                0x00017820                FEHLCD::_Initialize()
 .text._ZN6FEHLCDC2Ev
                0x00017dfc       0x64 Libraries\FEHLCD.o
                0x00017dfc                FEHLCD::FEHLCD()
                0x00017dfc                FEHLCD::FEHLCD()
 .text._ZN6FEHLCD10InitializeEv
                0x00017e60       0x38 Libraries\FEHLCD.o
                0x00017e60                FEHLCD::Initialize()
 .text._ZN6FEHLCD10PrintImageEii
                0x00017e98      0x100 Libraries\FEHLCD.o
                0x00017e98                FEHLCD::PrintImage(int, int)
 .text._ZN6FEHLCD9PrintLogoEii
                0x00017f98      0x100 Libraries\FEHLCD.o
                0x00017f98                FEHLCD::PrintLogo(int, int)
 .text._ZN6FEHLCD22ConvertFEHColorTo24BitENS_11FEHLCDColorE
                0x00018098       0x80 Libraries\FEHLCD.o
                0x00018098                FEHLCD::ConvertFEHColorTo24Bit(FEHLCD::FEHLCDColor)
 .text._ZN6FEHLCD24Convert24BitColorTo16BitEj
                0x00018118       0x40 Libraries\FEHLCD.o
                0x00018118                FEHLCD::Convert24BitColorTo16Bit(unsigned int)
 .text._ZN6FEHLCD22ConvertRGBColorTo16BitEhhh
                0x00018158       0x44 Libraries\FEHLCD.o
                0x00018158                FEHLCD::ConvertRGBColorTo16Bit(unsigned char, unsigned char, unsigned char)
 .text._ZN6FEHLCD5ClearENS_11FEHLCDColorE
                0x0001819c       0x28 Libraries\FEHLCD.o
                0x0001819c                FEHLCD::Clear(FEHLCD::FEHLCDColor)
 .text._ZN6FEHLCD5ClearEj
                0x000181c4       0x2c Libraries\FEHLCD.o
                0x000181c4                FEHLCD::Clear(unsigned int)
 .text._ZN6FEHLCD5ClearEv
                0x000181f0       0x18 Libraries\FEHLCD.o
                0x000181f0                FEHLCD::Clear()
 .text._ZN6FEHLCD18SetBackgroundColorENS_11FEHLCDColorE
                0x00018208       0x28 Libraries\FEHLCD.o
                0x00018208                FEHLCD::SetBackgroundColor(FEHLCD::FEHLCDColor)
 .text._ZN6FEHLCD18SetBackgroundColorEj
                0x00018230       0x28 Libraries\FEHLCD.o
                0x00018230                FEHLCD::SetBackgroundColor(unsigned int)
 .text._ZN6FEHLCD12SetFontColorENS_11FEHLCDColorE
                0x00018258       0x28 Libraries\FEHLCD.o
                0x00018258                FEHLCD::SetFontColor(FEHLCD::FEHLCDColor)
 .text._ZN6FEHLCD12SetFontColorEj
                0x00018280       0x28 Libraries\FEHLCD.o
                0x00018280                FEHLCD::SetFontColor(unsigned int)
 .text._ZN6FEHLCD7WriteAtEPKcii
                0x000182a8       0x58 Libraries\FEHLCD.o
                0x000182a8                FEHLCD::WriteAt(char const*, int, int)
 .text._ZN6FEHLCD11TS_SPI_InitEv
                0x00018300       0xa8 Libraries\FEHLCD.o
                0x00018300                FEHLCD::TS_SPI_Init()
 .text._ZN6FEHLCD5TouchEPfS0_
                0x000183a8      0x240 Libraries\FEHLCD.o
                0x000183a8                FEHLCD::Touch(float*, float*)
 .text._ZN6FEHLCD3absEi
                0x000185e8       0x28 Libraries\FEHLCD.o
                0x000185e8                FEHLCD::abs(int)
 .text._ZN6FEHLCD5WriteEPKc
                0x00018610       0x5c Libraries\FEHLCD.o
                0x00018610                FEHLCD::Write(char const*)
 .text._ZN6FEHLCD5WriteEi
                0x0001866c       0x34 Libraries\FEHLCD.o
                0x0001866c                FEHLCD::Write(int)
 .text._ZN6FEHLCD5WriteEf
                0x000186a0       0xdc Libraries\FEHLCD.o
                0x000186a0                FEHLCD::Write(float)
 .text._ZN6FEHLCD5WriteEc
                0x0001877c       0x30 Libraries\FEHLCD.o
                0x0001877c                FEHLCD::Write(char)
 .text._ZN6FEHLCD9WriteLineEPKc
                0x000187ac       0x28 Libraries\FEHLCD.o
                0x000187ac                FEHLCD::WriteLine(char const*)
 .text._ZN6FEHLCD9WriteLineEf
                0x000187d4       0x28 Libraries\FEHLCD.o
                0x000187d4                FEHLCD::WriteLine(float)
 .text._ZN6FEHLCD9WriteLineEc
                0x000187fc       0x2c Libraries\FEHLCD.o
                0x000187fc                FEHLCD::WriteLine(char)
 .text._ZN6FEHLCD10WriteIndexEh
                0x00018828      0x288 Libraries\FEHLCD.o
                0x00018828                FEHLCD::WriteIndex(unsigned char)
 .text._ZN6FEHLCD14WriteParameterEh
                0x00018ab0      0x254 Libraries\FEHLCD.o
                0x00018ab0                FEHLCD::WriteParameter(unsigned char)
 .text._ZN6FEHLCD6_ClearEv
                0x00018d04      0x228 Libraries\FEHLCD.o
                0x00018d04                FEHLCD::_Clear()
 .text._ZN6FEHLCD8NextLineEv
                0x00018f2c       0x30 Libraries\FEHLCD.o
                0x00018f2c                FEHLCD::NextLine()
 .text._ZN6FEHLCD9CheckLineEv
                0x00018f5c       0x2c Libraries\FEHLCD.o
                0x00018f5c                FEHLCD::CheckLine()
 .text._ZN6FEHLCD8NextCharEv
                0x00018f88       0x34 Libraries\FEHLCD.o
                0x00018f88                FEHLCD::NextChar()
 .text._ZN6FEHLCD9DrawPixelEii
                0x00018fbc       0x30 Libraries\FEHLCD.o
                0x00018fbc                FEHLCD::DrawPixel(int, int)
 .text._Z4SwapRiS_
                0x00018fec       0x28 Libraries\FEHLCD.o
                0x00018fec                Swap(int&, int&)
 .text._ZN6FEHLCD13DrawRectangleEiiii
                0x00019014       0x80 Libraries\FEHLCD.o
                0x00019014                FEHLCD::DrawRectangle(int, int, int, int)
 .text._ZN6FEHLCD13SetDrawRegionEiiii
                0x00019094      0x10c Libraries\FEHLCD.o
                0x00019094                FEHLCD::SetDrawRegion(int, int, int, int)
 .text._ZN6FEHLCD8DrawLineEiiii
                0x000191a0      0x17c Libraries\FEHLCD.o
                0x000191a0                FEHLCD::DrawLine(int, int, int, int)
 .text._ZN6FEHLCD9WriteCharEiic
                0x0001931c       0x40 Libraries\FEHLCD.o
                0x0001931c                FEHLCD::WriteChar(int, int, char)
 .text._ZN6FEHLCD11WriteCharAtEiic
                0x0001935c      0x278 Libraries\FEHLCD.o
                0x0001935c                FEHLCD::WriteCharAt(int, int, char)
 .text._ZN6FEHLCD11RepeatColorEv
                0x000195d4       0xbc Libraries\FEHLCD.o
                0x000195d4                FEHLCD::RepeatColor()
 .text._ZN6FEHLCD10_ForePixelEv
                0x00019690      0x160 Libraries\FEHLCD.o
                0x00019690                FEHLCD::_ForePixel()
 .text._ZN6FEHLCD10_BackPixelEv
                0x000197f0      0x160 Libraries\FEHLCD.o
                0x000197f0                FEHLCD::_BackPixel()
 .text._ZN6FEHLCD22SetRegisterColorValuesEv
                0x00019950      0x4c0 Libraries\FEHLCD.o
                0x00019950                FEHLCD::SetRegisterColorValues()
 .text._ZN7FEHIcon4IconC2Ev
                0x00019e10       0x18 Libraries\FEHLCD.o
                0x00019e10                FEHIcon::Icon::Icon()
                0x00019e10                FEHIcon::Icon::Icon()
 .text._ZN7FEHIcon4Icon13SetPropertiesEPciiiijj
                0x00019e28       0x70 Libraries\FEHLCD.o
                0x00019e28                FEHIcon::Icon::SetProperties(char*, int, int, int, int, unsigned int, unsigned int)
 .text._ZN7FEHIcon4Icon4DrawEv
                0x00019e98       0xb0 Libraries\FEHLCD.o
                0x00019e98                FEHIcon::Icon::Draw()
 .text._ZN7FEHIcon4Icon6SelectEv
                0x00019f48       0xb8 Libraries\FEHLCD.o
                0x00019f48                FEHIcon::Icon::Select()
 .text._ZN7FEHIcon4Icon8DeselectEv
                0x0001a000       0xb4 Libraries\FEHLCD.o
                0x0001a000                FEHIcon::Icon::Deselect()
 .text._ZN7FEHIcon4Icon7PressedEffi
                0x0001a0b4      0x1dc Libraries\FEHLCD.o
                0x0001a0b4                FEHIcon::Icon::Pressed(float, float, int)
 .text._ZN7FEHIcon4Icon12WhilePressedEff
                0x0001a290       0x5c Libraries\FEHLCD.o
                0x0001a290                FEHIcon::Icon::WhilePressed(float, float)
 .text._ZN7FEHIcon13DrawIconArrayEPNS_4IconEiiiiiiPA20_cjj
                0x0001a2ec      0x194 Libraries\FEHLCD.o
                0x0001a2ec                FEHIcon::DrawIconArray(FEHIcon::Icon*, int, int, int, int, int, int, char (*) [20], unsigned int, unsigned int)
 .text._Z41__static_initialization_and_destruction_0ii
                0x0001a480       0x30 Libraries\FEHLCD.o
 .text._GLOBAL__sub_I_image
                0x0001a4b0       0x14 Libraries\FEHLCD.o
 .text._ZN8FEHAccelC2Ev
                0x0001a4c4       0x8c Libraries\FEHAccel.o
                0x0001a4c4                FEHAccel::FEHAccel()
                0x0001a4c4                FEHAccel::FEHAccel()
 .text._Z41__static_initialization_and_destruction_0ii
                0x0001a550       0x30 Libraries\FEHAccel.o
 .text._GLOBAL__sub_I_Accel
                0x0001a580       0x14 Libraries\FEHAccel.o
 .text._ZN10FEHBatteryC2EN5FEHIO8FEHIOPinE
                0x0001a594       0x24 Libraries\FEHBattery.o
                0x0001a594                FEHBattery::FEHBattery(FEHIO::FEHIOPin)
                0x0001a594                FEHBattery::FEHBattery(FEHIO::FEHIOPin)
 .text._Z41__static_initialization_and_destruction_0ii
                0x0001a5b8       0x34 Libraries\FEHBattery.o
 .text._GLOBAL__sub_I_Battery
                0x0001a5ec       0x14 Libraries\FEHBattery.o
 .text._ZN7FEHXBeeC2Ev
                0x0001a600       0x20 Drivers\FEHXBee.o
                0x0001a600                FEHXBee::FEHXBee()
                0x0001a600                FEHXBee::FEHXBee()
 .text._ZN7FEHXBee10InitializeEv
                0x0001a620      0x148 Drivers\FEHXBee.o
                0x0001a620                FEHXBee::Initialize()
 .text._ZN7FEHXBee13IsInitializedEv
                0x0001a768       0x18 Drivers\FEHXBee.o
                0x0001a768                FEHXBee::IsInitialized()
 .text._ZN7FEHXBee17ReceiveDataSearchEPcjh
                0x0001a780       0xb4 Drivers\FEHXBee.o
                0x0001a780                FEHXBee::ReceiveDataSearch(char*, unsigned int, unsigned char)
 .text._ZN7FEHXBee8SendDataEPcj
                0x0001a834       0x50 Drivers\FEHXBee.o
                0x0001a834                FEHXBee::SendData(char*, unsigned int)
 .text._ZN7FEHXBee17SetPacketCallBackEPFvPhhE
                0x0001a884       0x20 Drivers\FEHXBee.o
                0x0001a884                FEHXBee::SetPacketCallBack(void (*)(unsigned char*, unsigned char))
 .text._Z9UART0_ISRv
                0x0001a8a4      0x174 Drivers\FEHXBee.o
                0x0001a8a4                UART0_ISR()
 .text._ZN6FEHRPSC2Ev
                0x0001aa18       0x88 Libraries\FEHRPS.o
                0x0001aa18                FEHRPS::FEHRPS()
                0x0001aa18                FEHRPS::FEHRPS()
 .text._ZN6FEHRPS10InitializeEi
                0x0001aaa0      0x8b4 Libraries\FEHRPS.o
                0x0001aaa0                FEHRPS::Initialize(int)
 .text._ZN6FEHRPS10InitializeEc
                0x0001b354       0x4c Libraries\FEHRPS.o
                0x0001b354                FEHRPS::Initialize(char)
 .text._ZN6FEHRPS19InitializeTouchMenuEv
                0x0001b3a0      0x908 Libraries\FEHRPS.o
                0x0001b3a0                FEHRPS::InitializeTouchMenu()
 .text._ZN6FEHRPS19CurrentRegionLetterEv
                0x0001bca8       0x20 Libraries\FEHRPS.o
                0x0001bca8                FEHRPS::CurrentRegionLetter()
 .text._ZN6FEHRPS13WaitForPacketEv
                0x0001bcc8       0x78 Libraries\FEHRPS.o
                0x0001bcc8                FEHRPS::WaitForPacket()
 .text._ZN6FEHRPS1XEv
                0x0001bd40       0x20 Libraries\FEHRPS.o
                0x0001bd40                FEHRPS::X()
 .text._ZN6FEHRPS1YEv
                0x0001bd60       0x20 Libraries\FEHRPS.o
                0x0001bd60                FEHRPS::Y()
 .text._ZN6FEHRPS7HeadingEv
                0x0001bd80       0x20 Libraries\FEHRPS.o
                0x0001bd80                FEHRPS::Heading()
 .text._Z14RPSDataProcessPhh
                0x0001bda0      0x18c Libraries\FEHRPS.o
                0x0001bda0                RPSDataProcess(unsigned char*, unsigned char)
 .text._Z41__static_initialization_and_destruction_0ii
                0x0001bf2c       0x30 Libraries\FEHRPS.o
 .text._GLOBAL__sub_I_RPS
                0x0001bf5c       0x14 Libraries\FEHRPS.o
 .text._ZN5FEHSDC2Ev
                0x0001bf70       0x24 Libraries\FEHSD.o
                0x0001bf70                FEHSD::FEHSD()
                0x0001bf70                FEHSD::FEHSD()
 .text._ZN5FEHSD7OpenLogEv
                0x0001bf94      0x1a4 Libraries\FEHSD.o
                0x0001bf94                FEHSD::OpenLog()
 .text._ZN5FEHSD8CloseLogEv
                0x0001c138       0x38 Libraries\FEHSD.o
                0x0001c138                FEHSD::CloseLog()
 .text._ZN5FEHSD6PrintfEPKcz
                0x0001c170       0x30 Libraries\FEHSD.o
                0x0001c170                FEHSD::Printf(char const*, ...)
 .text._ZN5FEHSD10InitializeEv
                0x0001c1a0      0x118 Libraries\FEHSD.o
                0x0001c1a0                FEHSD::Initialize()
 .text._Z41__static_initialization_and_destruction_0ii
                0x0001c2b8       0x30 Libraries\FEHSD.o
 .text._GLOBAL__sub_I_SD
                0x0001c2e8       0x14 Libraries\FEHSD.o
 .text.cosf     0x0001c2fc       0x98 C:\fehqt\Proteus/EWL/lib/armv7e-m\libm.a(s_cosf.o)
                0x0001c2fc                cosf
 .text.sinf     0x0001c394       0x88 C:\fehqt\Proteus/EWL/lib/armv7e-m\libm.a(s_sinf.o)
                0x0001c394                sinf
 .text.__ieee754_rem_pio2f
                0x0001c41c      0x2ac C:\fehqt\Proteus/EWL/lib/armv7e-m\libm.a(e_rem_pio2f.o)
                0x0001c41c                __ieee754_rem_pio2f
 .text.__kernel_cosf
                0x0001c6c8      0x138 C:\fehqt\Proteus/EWL/lib/armv7e-m\libm.a(k_cosf.o)
                0x0001c6c8                __kernel_cosf
 .text.__kernel_rem_pio2f
                0x0001c800      0x5e8 C:\fehqt\Proteus/EWL/lib/armv7e-m\libm.a(k_rem_pio2f.o)
                0x0001c800                __kernel_rem_pio2f
 .text.__kernel_sinf
                0x0001cde8       0xf4 C:\fehqt\Proteus/EWL/lib/armv7e-m\libm.a(k_sinf.o)
                0x0001cde8                __kernel_sinf
 .text.floorf   0x0001cedc       0x84 C:\fehqt\Proteus/EWL/lib/armv7e-m\libm.a(s_floorf.o)
                0x0001cedc                floorf
 .text.scalbnf  0x0001cf60       0xac C:\fehqt\Proteus/EWL/lib/armv7e-m\libm.a(s_scalbnf.o)
                0x0001cf60                scalbnf
 .text.sprintf  0x0001d00c       0x1c C:\fehqt\Proteus/EWL/lib/armv7e-m\libc.a(sprintf.o)
                0x0001d00c                sprintf
 .text.__StringWrite
                0x0001d028       0x28 C:\fehqt\Proteus/EWL/lib/armv7e-m\libc.a(vsnprintf.o)
                0x0001d028                __StringWrite
 .text.vsnprintf
                0x0001d050       0x34 C:\fehqt\Proteus/EWL/lib/armv7e-m\libc.a(vsnprintf.o)
                0x0001d050                vsnprintf
 .text.exit     0x0001d084       0x38 C:\fehqt\Proteus/EWL/lib/armv7e-m\libc.a(exit.o)
                0x0001d084                exit
 .text.memcpy   0x0001d0bc       0x12 C:\fehqt\Proteus/EWL/lib/armv7e-m\libc.a(memcpy.o)
                0x0001d0bc                memcpy
 .text.memset   0x0001d0ce        0xc C:\fehqt\Proteus/EWL/lib/armv7e-m\libc.a(memset.o)
                0x0001d0ce                memset
 .text.strcmp   0x0001d0da       0x18 C:\fehqt\Proteus/EWL/lib/armv7e-m\libc.a(strcmp.o)
                0x0001d0da                strcmp
 .text.strcpy   0x0001d0f2       0x18 C:\fehqt\Proteus/EWL/lib/armv7e-m\libc.a(strcpy.o)
                0x0001d0f2                strcpy
 .text.strlen   0x0001d10a       0x10 C:\fehqt\Proteus/EWL/lib/armv7e-m\libc.a(strlen.o)
                0x0001d10a                strlen
 .text.long2str.isra.0
                0x0001d11a      0x196 C:\fehqt\Proteus/EWL/lib/armv7e-m\libc.a(printformat_.o)
 .text.__pformatter_
                0x0001d2b0      0x3f8 C:\fehqt\Proteus/EWL/lib/armv7e-m\libc.a(printformat_.o)
                0x0001d2b0                __pformatter_
 .text.__sformatter
                0x0001d6a8      0x74e C:\fehqt\Proteus/EWL/lib/armv7e-m\libc.a(scanformat_.o)
                0x0001d6a8                __sformatter
 *fill*         0x0001ddf6        0x2 00
 .text.isalpha  0x0001ddf8       0x1c C:\fehqt\Proteus/EWL/lib/armv7e-m\libc.a(ctype_aeabi.o)
                0x0001ddf8                isalpha
 .text.isspace  0x0001de14       0x1c C:\fehqt\Proteus/EWL/lib/armv7e-m\libc.a(ctype_aeabi.o)
                0x0001de14                isspace
 .text.toupper  0x0001de30        0xc C:\fehqt\Proteus/EWL/lib/armv7e-m\libc.a(ctype_aeabi.o)
                0x0001de30                toupper
 .text.__strtoul
                0x0001de3c      0x1dc C:\fehqt\Proteus/EWL/lib/armv7e-m\libc.a(__strtoul.o)
                0x0001de3c                __strtoul
 .text.__fill_mem
                0x0001e018       0x76 C:\fehqt\Proteus/EWL/lib/armv7e-m\libc.a(__filll_mem.o)
                0x0001e018                __fill_mem
 .text.memchr   0x0001e08e       0x1a C:\fehqt\Proteus/EWL/lib/armv7e-m\libc.a(memchr.o)
                0x0001e08e                memchr
 .text.strchr   0x0001e0a8       0x1c C:\fehqt\Proteus/EWL/lib/armv7e-m\libc.a(strchr.o)
                0x0001e0a8                strchr
 .text.__init_cpp
                0x0001e0c4       0x4c C:\fehqt\Proteus/EWL/lib/armv7e-m\librt.a(gcc_ctor_dtor.o)
                0x0001e0c4                __init_cpp
 .text.__fini_cpp
                0x0001e110       0x34 C:\fehqt\Proteus/EWL/lib/armv7e-m\librt.a(gcc_ctor_dtor.o)
                0x0001e110                __fini_cpp
 .text.__copy_rom_section
                0x0001e144       0x44 C:\fehqt\Proteus/EWL/lib/armv7e-m\librt.a(ROMCopy.o)
                0x0001e144                __copy_rom_section
 .text.__copy_rom_sections_to_ram
                0x0001e188       0x34 C:\fehqt\Proteus/EWL/lib/armv7e-m\librt.a(ROMCopy.o)
                0x0001e188                __copy_rom_sections_to_ram
 .text.__destroy_global_chain
                0x0001e1bc       0x1c C:\fehqt\Proteus/EWL/lib/armv7e-m\librt.a(__arm_eabi_init.o)
                0x0001e1bc                __destroy_global_chain
 .text.__init_registers
                0x0001e1d8       0x20 C:\fehqt\Proteus/EWL/lib/armv7e-m\librt.a(__arm_eabi_init.o)
                0x0001e1d8                __init_registers
 .text.__init_user
                0x0001e1f8        0x4 C:\fehqt\Proteus/EWL/lib/armv7e-m\librt.a(__arm_eabi_init.o)
                0x0001e1f8                __init_user
 .text._ZNSt9bad_allocD2Ev
                0x0001e1fc        0xc C:\fehqt\Proteus/EWL/lib/armv7e-m\librt.a(New.o)
                0x0001e1fc                std::bad_alloc::~bad_alloc()
                0x0001e1fc                std::bad_alloc::~bad_alloc()
 .text._ZNKSt9bad_alloc4whatEv
                0x0001e208        0x8 C:\fehqt\Proteus/EWL/lib/armv7e-m\librt.a(New.o)
                0x0001e208                std::bad_alloc::what() const
 .text._Znwj    0x0001e210       0x4c C:\fehqt\Proteus/EWL/lib/armv7e-m\librt.a(New.o)
                0x0001e210                operator new(unsigned int)
 .text._ZdlPv   0x0001e25c        0x8 C:\fehqt\Proteus/EWL/lib/armv7e-m\librt.a(New.o)
                0x0001e25c                operator delete(void*)
 .text._ZNSt9bad_allocD0Ev
                0x0001e264       0x14 C:\fehqt\Proteus/EWL/lib/armv7e-m\librt.a(New.o)
                0x0001e264                std::bad_alloc::~bad_alloc()
 .text._ZNK10__cxxabiv117__class_type_info11__do_upcastEPKS0_PPv
                0x0001e278       0x38 c:/fehqt/proteus/gcc/bin/../lib/gcc/arm-none-eabi/4.6.2/../../../../arm-none-eabi/lib/armv7e-m\libsupc++.a(class_type_info.o)
                0x0001e278                __cxxabiv1::__class_type_info::__do_upcast(__cxxabiv1::__class_type_info const*, void**) const
 .text._ZNK10__cxxabiv117__class_type_info20__do_find_public_srcEiPKvPKS0_S2_
                0x0001e2b0        0xc c:/fehqt/proteus/gcc/bin/../lib/gcc/arm-none-eabi/4.6.2/../../../../arm-none-eabi/lib/armv7e-m\libsupc++.a(class_type_info.o)
                0x0001e2b0                __cxxabiv1::__class_type_info::__do_find_public_src(int, void const*, __cxxabiv1::__class_type_info const*, void const*) const
 .text._ZNK10__cxxabiv117__class_type_info11__do_upcastEPKS0_PKvRNS0_15__upcast_resultE
                0x0001e2bc       0x1c c:/fehqt/proteus/gcc/bin/../lib/gcc/arm-none-eabi/4.6.2/../../../../arm-none-eabi/lib/armv7e-m\libsupc++.a(class_type_info.o)
                0x0001e2bc                __cxxabiv1::__class_type_info::__do_upcast(__cxxabiv1::__class_type_info const*, void const*, __cxxabiv1::__class_type_info::__upcast_result&) const
 .text._ZN10__cxxabiv117__class_type_infoD2Ev
                0x0001e2d8       0x14 c:/fehqt/proteus/gcc/bin/../lib/gcc/arm-none-eabi/4.6.2/../../../../arm-none-eabi/lib/armv7e-m\libsupc++.a(class_type_info.o)
                0x0001e2d8                __cxxabiv1::__class_type_info::~__class_type_info()
                0x0001e2d8                __cxxabiv1::__class_type_info::~__class_type_info()
 .text._ZN10__cxxabiv117__class_type_infoD0Ev
                0x0001e2ec       0x1c c:/fehqt/proteus/gcc/bin/../lib/gcc/arm-none-eabi/4.6.2/../../../../arm-none-eabi/lib/armv7e-m\libsupc++.a(class_type_info.o)
                0x0001e2ec                __cxxabiv1::__class_type_info::~__class_type_info()
 .text._ZNK10__cxxabiv117__class_type_info12__do_dyncastEiNS0_10__sub_kindEPKS0_PKvS3_S5_RNS0_16__dyncast_resultE
                0x0001e308       0x3c c:/fehqt/proteus/gcc/bin/../lib/gcc/arm-none-eabi/4.6.2/../../../../arm-none-eabi/lib/armv7e-m\libsupc++.a(class_type_info.o)
                0x0001e308                __cxxabiv1::__class_type_info::__do_dyncast(int, __cxxabiv1::__class_type_info::__sub_kind, __cxxabiv1::__class_type_info const*, void const*, __cxxabiv1::__class_type_info const*, void const*, __cxxabiv1::__class_type_info::__dyncast_result&) const
 .text._ZNK10__cxxabiv117__class_type_info10__do_catchEPKSt9type_infoPPvj
                0x0001e344       0x28 c:/fehqt/proteus/gcc/bin/../lib/gcc/arm-none-eabi/4.6.2/../../../../arm-none-eabi/lib/armv7e-m\libsupc++.a(class_type_info.o)
                0x0001e344                __cxxabiv1::__class_type_info::__do_catch(std::type_info const*, void**, unsigned int) const
 .text.__cxa_allocate_exception
                0x0001e36c       0x70 c:/fehqt/proteus/gcc/bin/../lib/gcc/arm-none-eabi/4.6.2/../../../../arm-none-eabi/lib/armv7e-m\libsupc++.a(eh_alloc.o)
                0x0001e36c                __cxa_allocate_exception
 .text.__cxa_free_exception
                0x0001e3dc       0x34 c:/fehqt/proteus/gcc/bin/../lib/gcc/arm-none-eabi/4.6.2/../../../../arm-none-eabi/lib/armv7e-m\libsupc++.a(eh_alloc.o)
                0x0001e3dc                __cxa_free_exception
 .text.__cxa_end_cleanup
                0x0001e410        0xc c:/fehqt/proteus/gcc/bin/../lib/gcc/arm-none-eabi/4.6.2/../../../../arm-none-eabi/lib/armv7e-m\libsupc++.a(eh_arm.o)
                0x0001e410                __cxa_end_cleanup
 .text.__cxa_type_match
                0x0001e41c       0xec c:/fehqt/proteus/gcc/bin/../lib/gcc/arm-none-eabi/4.6.2/../../../../arm-none-eabi/lib/armv7e-m\libsupc++.a(eh_arm.o)
                0x0001e41c                __cxa_type_match
 .text.__cxa_begin_cleanup
                0x0001e508       0x78 c:/fehqt/proteus/gcc/bin/../lib/gcc/arm-none-eabi/4.6.2/../../../../arm-none-eabi/lib/armv7e-m\libsupc++.a(eh_arm.o)
                0x0001e508                __cxa_begin_cleanup
 .text.__gnu_end_cleanup
                0x0001e580       0x7c c:/fehqt/proteus/gcc/bin/../lib/gcc/arm-none-eabi/4.6.2/../../../../arm-none-eabi/lib/armv7e-m\libsupc++.a(eh_arm.o)
                0x0001e580                __gnu_end_cleanup
 .text.__cxa_bad_typeid
                0x0001e5fc       0x24 c:/fehqt/proteus/gcc/bin/../lib/gcc/arm-none-eabi/4.6.2/../../../../arm-none-eabi/lib/armv7e-m\libsupc++.a(eh_aux_runtime.o)
                0x0001e5fc                __cxa_bad_typeid
 .text.__cxa_call_terminate
                0x0001e620       0x50 c:/fehqt/proteus/gcc/bin/../lib/gcc/arm-none-eabi/4.6.2/../../../../arm-none-eabi/lib/armv7e-m\libsupc++.a(eh_call.o)
                0x0001e620                __cxa_call_terminate
 .text.__cxa_call_unexpected
                0x0001e670      0x120 c:/fehqt/proteus/gcc/bin/../lib/gcc/arm-none-eabi/4.6.2/../../../../arm-none-eabi/lib/armv7e-m\libsupc++.a(eh_call.o)
                0x0001e670                __cxa_call_unexpected
 .text.__cxa_begin_catch
                0x0001e790       0x98 c:/fehqt/proteus/gcc/bin/../lib/gcc/arm-none-eabi/4.6.2/../../../../arm-none-eabi/lib/armv7e-m\libsupc++.a(eh_catch.o)
                0x0001e790                __cxa_begin_catch
 .text.__cxa_end_catch
                0x0001e828       0x98 c:/fehqt/proteus/gcc/bin/../lib/gcc/arm-none-eabi/4.6.2/../../../../arm-none-eabi/lib/armv7e-m\libsupc++.a(eh_catch.o)
                0x0001e828                __cxa_end_catch
 .text._ZNSt9exceptionD2Ev
                0x0001e8c0        0xc c:/fehqt/proteus/gcc/bin/../lib/gcc/arm-none-eabi/4.6.2/../../../../arm-none-eabi/lib/armv7e-m\libsupc++.a(eh_exception.o)
                0x0001e8c0                std::exception::~exception()
                0x0001e8c0                std::exception::~exception()
 .text._ZNSt13bad_exceptionD2Ev
                0x0001e8cc        0xc c:/fehqt/proteus/gcc/bin/../lib/gcc/arm-none-eabi/4.6.2/../../../../arm-none-eabi/lib/armv7e-m\libsupc++.a(eh_exception.o)
                0x0001e8cc                std::bad_exception::~bad_exception()
                0x0001e8cc                std::bad_exception::~bad_exception()
 .text._ZNKSt9exception4whatEv
                0x0001e8d8        0xc c:/fehqt/proteus/gcc/bin/../lib/gcc/arm-none-eabi/4.6.2/../../../../arm-none-eabi/lib/armv7e-m\libsupc++.a(eh_exception.o)
                0x0001e8d8                std::exception::what() const
 .text._ZNKSt13bad_exception4whatEv
                0x0001e8e4        0xc c:/fehqt/proteus/gcc/bin/../lib/gcc/arm-none-eabi/4.6.2/../../../../arm-none-eabi/lib/armv7e-m\libsupc++.a(eh_exception.o)
                0x0001e8e4                std::bad_exception::what() const
 .text._ZNSt13bad_exceptionD0Ev
                0x0001e8f0       0x14 c:/fehqt/proteus/gcc/bin/../lib/gcc/arm-none-eabi/4.6.2/../../../../arm-none-eabi/lib/armv7e-m\libsupc++.a(eh_exception.o)
                0x0001e8f0                std::bad_exception::~bad_exception()
 .text._ZNSt9exceptionD0Ev
                0x0001e904       0x14 c:/fehqt/proteus/gcc/bin/../lib/gcc/arm-none-eabi/4.6.2/../../../../arm-none-eabi/lib/armv7e-m\libsupc++.a(eh_exception.o)
                0x0001e904                std::exception::~exception()
 .text.__cxa_get_globals_fast
                0x0001e918        0xc c:/fehqt/proteus/gcc/bin/../lib/gcc/arm-none-eabi/4.6.2/../../../../arm-none-eabi/lib/armv7e-m\libsupc++.a(eh_globals.o)
                0x0001e918                __cxa_get_globals_fast
 .text.__cxa_get_globals
                0x0001e924        0xc c:/fehqt/proteus/gcc/bin/../lib/gcc/arm-none-eabi/4.6.2/../../../../arm-none-eabi/lib/armv7e-m\libsupc++.a(eh_globals.o)
                0x0001e924                __cxa_get_globals
 .text._ZL12read_sleb128PKhPl
                0x0001e930       0x3c c:/fehqt/proteus/gcc/bin/../lib/gcc/arm-none-eabi/4.6.2/../../../../arm-none-eabi/lib/armv7e-m\libsupc++.a(eh_personality.o)
 .text._ZL28read_encoded_value_with_basehjPKhPj
                0x0001e96c       0xa4 c:/fehqt/proteus/gcc/bin/../lib/gcc/arm-none-eabi/4.6.2/../../../../arm-none-eabi/lib/armv7e-m\libsupc++.a(eh_personality.o)
 .text._ZL21base_of_encoded_valuehP15_Unwind_Context
                0x0001ea10       0x4c c:/fehqt/proteus/gcc/bin/../lib/gcc/arm-none-eabi/4.6.2/../../../../arm-none-eabi/lib/armv7e-m\libsupc++.a(eh_personality.o)
 .text._ZL17parse_lsda_headerP15_Unwind_ContextPKhP16lsda_header_info.constprop.1
                0x0001ea5c       0x90 c:/fehqt/proteus/gcc/bin/../lib/gcc/arm-none-eabi/4.6.2/../../../../arm-none-eabi/lib/armv7e-m\libsupc++.a(eh_personality.o)
 .text.__gxx_personality_v0
                0x0001eaec      0x3bc c:/fehqt/proteus/gcc/bin/../lib/gcc/arm-none-eabi/4.6.2/../../../../arm-none-eabi/lib/armv7e-m\libsupc++.a(eh_personality.o)
                0x0001eaec                __gxx_personality_v0
 .text._ZN10__cxxabiv111__terminateEPFvvE
                0x0001eea8       0x28 c:/fehqt/proteus/gcc/bin/../lib/gcc/arm-none-eabi/4.6.2/../../../../arm-none-eabi/lib/armv7e-m\libsupc++.a(eh_terminate.o)
                0x0001eea8                __cxxabiv1::__terminate(void (*)())
 .text._ZSt9terminatev
                0x0001eed0       0x10 c:/fehqt/proteus/gcc/bin/../lib/gcc/arm-none-eabi/4.6.2/../../../../arm-none-eabi/lib/armv7e-m\libsupc++.a(eh_terminate.o)
                0x0001eed0                std::terminate()
 .text._ZN10__cxxabiv112__unexpectedEPFvvE
                0x0001eee0        0x8 c:/fehqt/proteus/gcc/bin/../lib/gcc/arm-none-eabi/4.6.2/../../../../arm-none-eabi/lib/armv7e-m\libsupc++.a(eh_terminate.o)
                0x0001eee0                __cxxabiv1::__unexpected(void (*)())
 .text._ZSt10unexpectedv
                0x0001eee8       0x14 c:/fehqt/proteus/gcc/bin/../lib/gcc/arm-none-eabi/4.6.2/../../../../arm-none-eabi/lib/armv7e-m\libsupc++.a(eh_terminate.o)
                0x0001eee8                std::unexpected()
 .text._ZL23__gxx_exception_cleanup19_Unwind_Reason_CodeP21_Unwind_Control_Block
                0x0001eefc       0x4c c:/fehqt/proteus/gcc/bin/../lib/gcc/arm-none-eabi/4.6.2/../../../../arm-none-eabi/lib/armv7e-m\libsupc++.a(eh_throw.o)
 .text.__cxa_throw
                0x0001ef48       0x80 c:/fehqt/proteus/gcc/bin/../lib/gcc/arm-none-eabi/4.6.2/../../../../arm-none-eabi/lib/armv7e-m\libsupc++.a(eh_throw.o)
                0x0001ef48                __cxa_throw
 .text.__cxa_rethrow
                0x0001efc8       0x78 c:/fehqt/proteus/gcc/bin/../lib/gcc/arm-none-eabi/4.6.2/../../../../arm-none-eabi/lib/armv7e-m\libsupc++.a(eh_throw.o)
                0x0001efc8                __cxa_rethrow
 .text._ZN10__cxxabiv123__fundamental_type_infoD2Ev
                0x0001f040       0x14 c:/fehqt/proteus/gcc/bin/../lib/gcc/arm-none-eabi/4.6.2/../../../../arm-none-eabi/lib/armv7e-m\libsupc++.a(fundamental_type_info.o)
                0x0001f040                __cxxabiv1::__fundamental_type_info::~__fundamental_type_info()
                0x0001f040                __cxxabiv1::__fundamental_type_info::~__fundamental_type_info()
 .text._ZN10__cxxabiv123__fundamental_type_infoD0Ev
                0x0001f054       0x1c c:/fehqt/proteus/gcc/bin/../lib/gcc/arm-none-eabi/4.6.2/../../../../arm-none-eabi/lib/armv7e-m\libsupc++.a(fundamental_type_info.o)
                0x0001f054                __cxxabiv1::__fundamental_type_info::~__fundamental_type_info()
 .text._ZNK10__cxxabiv119__pointer_type_info14__is_pointer_pEv
                0x0001f070        0x4 c:/fehqt/proteus/gcc/bin/../lib/gcc/arm-none-eabi/4.6.2/../../../../arm-none-eabi/lib/armv7e-m\libsupc++.a(pointer_type_info.o)
                0x0001f070                __cxxabiv1::__pointer_type_info::__is_pointer_p() const
 .text._ZN10__cxxabiv119__pointer_type_infoD2Ev
                0x0001f074       0x14 c:/fehqt/proteus/gcc/bin/../lib/gcc/arm-none-eabi/4.6.2/../../../../arm-none-eabi/lib/armv7e-m\libsupc++.a(pointer_type_info.o)
                0x0001f074                __cxxabiv1::__pointer_type_info::~__pointer_type_info()
                0x0001f074                __cxxabiv1::__pointer_type_info::~__pointer_type_info()
 .text._ZN10__cxxabiv119__pointer_type_infoD0Ev
                0x0001f088       0x1c c:/fehqt/proteus/gcc/bin/../lib/gcc/arm-none-eabi/4.6.2/../../../../arm-none-eabi/lib/armv7e-m\libsupc++.a(pointer_type_info.o)
                0x0001f088                __cxxabiv1::__pointer_type_info::~__pointer_type_info()
 .text._ZNK10__cxxabiv119__pointer_type_info15__pointer_catchEPKNS_17__pbase_type_infoEPPvj
                0x0001f0a4       0x44 c:/fehqt/proteus/gcc/bin/../lib/gcc/arm-none-eabi/4.6.2/../../../../arm-none-eabi/lib/armv7e-m\libsupc++.a(pointer_type_info.o)
                0x0001f0a4                __cxxabiv1::__pointer_type_info::__pointer_catch(__cxxabiv1::__pbase_type_info const*, void**, unsigned int) const
 .text.__cxa_pure_virtual
                0x0001f0e8        0x8 c:/fehqt/proteus/gcc/bin/../lib/gcc/arm-none-eabi/4.6.2/../../../../arm-none-eabi/lib/armv7e-m\libsupc++.a(pure.o)
                0x0001f0e8                __cxa_pure_virtual
 .text._ZN10__cxxabiv120__si_class_type_infoD2Ev
                0x0001f0f0       0x14 c:/fehqt/proteus/gcc/bin/../lib/gcc/arm-none-eabi/4.6.2/../../../../arm-none-eabi/lib/armv7e-m\libsupc++.a(si_class_type_info.o)
                0x0001f0f0                __cxxabiv1::__si_class_type_info::~__si_class_type_info()
                0x0001f0f0                __cxxabiv1::__si_class_type_info::~__si_class_type_info()
 .text._ZN10__cxxabiv120__si_class_type_infoD0Ev
                0x0001f104       0x1c c:/fehqt/proteus/gcc/bin/../lib/gcc/arm-none-eabi/4.6.2/../../../../arm-none-eabi/lib/armv7e-m\libsupc++.a(si_class_type_info.o)
                0x0001f104                __cxxabiv1::__si_class_type_info::~__si_class_type_info()
 .text._ZNK10__cxxabiv120__si_class_type_info11__do_upcastEPKNS_17__class_type_infoEPKvRNS1_15__upcast_resultE
                0x0001f120       0x24 c:/fehqt/proteus/gcc/bin/../lib/gcc/arm-none-eabi/4.6.2/../../../../arm-none-eabi/lib/armv7e-m\libsupc++.a(si_class_type_info.o)
                0x0001f120                __cxxabiv1::__si_class_type_info::__do_upcast(__cxxabiv1::__class_type_info const*, void const*, __cxxabiv1::__class_type_info::__upcast_result&) const
 .text._ZNK10__cxxabiv120__si_class_type_info12__do_dyncastEiNS_17__class_type_info10__sub_kindEPKS1_PKvS4_S6_RNS1_16__dyncast_resultE
                0x0001f144       0x94 c:/fehqt/proteus/gcc/bin/../lib/gcc/arm-none-eabi/4.6.2/../../../../arm-none-eabi/lib/armv7e-m\libsupc++.a(si_class_type_info.o)
                0x0001f144                __cxxabiv1::__si_class_type_info::__do_dyncast(int, __cxxabiv1::__class_type_info::__sub_kind, __cxxabiv1::__class_type_info const*, void const*, __cxxabiv1::__class_type_info const*, void const*, __cxxabiv1::__class_type_info::__dyncast_result&) const
 .text._ZNK10__cxxabiv120__si_class_type_info20__do_find_public_srcEiPKvPKNS_17__class_type_infoES2_
                0x0001f1d8       0x34 c:/fehqt/proteus/gcc/bin/../lib/gcc/arm-none-eabi/4.6.2/../../../../arm-none-eabi/lib/armv7e-m\libsupc++.a(si_class_type_info.o)
                0x0001f1d8                __cxxabiv1::__si_class_type_info::__do_find_public_src(int, void const*, __cxxabiv1::__class_type_info const*, void const*) const
 .text._ZNSt9type_infoD2Ev
                0x0001f20c        0xc c:/fehqt/proteus/gcc/bin/../lib/gcc/arm-none-eabi/4.6.2/../../../../arm-none-eabi/lib/armv7e-m\libsupc++.a(tinfo.o)
                0x0001f20c                std::type_info::~type_info()
                0x0001f20c                std::type_info::~type_info()
 .text._ZNKSt9type_info14__is_pointer_pEv
                0x0001f218        0x4 c:/fehqt/proteus/gcc/bin/../lib/gcc/arm-none-eabi/4.6.2/../../../../arm-none-eabi/lib/armv7e-m\libsupc++.a(tinfo.o)
                0x0001f218                std::type_info::__is_pointer_p() const
 .text._ZNKSt9type_info15__is_function_pEv
                0x0001f21c        0x4 c:/fehqt/proteus/gcc/bin/../lib/gcc/arm-none-eabi/4.6.2/../../../../arm-none-eabi/lib/armv7e-m\libsupc++.a(tinfo.o)
                0x0001f21c                std::type_info::__is_function_p() const
 .text._ZNKSt9type_info11__do_upcastEPKN10__cxxabiv117__class_type_infoEPPv
                0x0001f220        0x4 c:/fehqt/proteus/gcc/bin/../lib/gcc/arm-none-eabi/4.6.2/../../../../arm-none-eabi/lib/armv7e-m\libsupc++.a(tinfo.o)
                0x0001f220                std::type_info::__do_upcast(__cxxabiv1::__class_type_info const*, void**) const
 .text._ZNSt9type_infoD0Ev
                0x0001f224       0x14 c:/fehqt/proteus/gcc/bin/../lib/gcc/arm-none-eabi/4.6.2/../../../../arm-none-eabi/lib/armv7e-m\libsupc++.a(tinfo.o)
                0x0001f224                std::type_info::~type_info()
 .text._ZNKSt9type_infoeqERKS_
                0x0001f238       0x30 c:/fehqt/proteus/gcc/bin/../lib/gcc/arm-none-eabi/4.6.2/../../../../arm-none-eabi/lib/armv7e-m\libsupc++.a(tinfo.o)
                0x0001f238                std::type_info::operator==(std::type_info const&) const
 .text._ZNKSt9type_info10__do_catchEPKS_PPvj
                0x0001f268        0x4 c:/fehqt/proteus/gcc/bin/../lib/gcc/arm-none-eabi/4.6.2/../../../../arm-none-eabi/lib/armv7e-m\libsupc++.a(tinfo.o)
                0x0001f268                std::type_info::__do_catch(std::type_info const*, void**, unsigned int) const
 .text._ZNKSt10bad_typeid4whatEv
                0x0001f26c        0xc c:/fehqt/proteus/gcc/bin/../lib/gcc/arm-none-eabi/4.6.2/../../../../arm-none-eabi/lib/armv7e-m\libsupc++.a(bad_typeid.o)
                0x0001f26c                std::bad_typeid::what() const
 .text._ZNSt10bad_typeidD2Ev
                0x0001f278       0x14 c:/fehqt/proteus/gcc/bin/../lib/gcc/arm-none-eabi/4.6.2/../../../../arm-none-eabi/lib/armv7e-m\libsupc++.a(bad_typeid.o)
                0x0001f278                std::bad_typeid::~bad_typeid()
                0x0001f278                std::bad_typeid::~bad_typeid()
 .text._ZNSt10bad_typeidD0Ev
                0x0001f28c       0x1c c:/fehqt/proteus/gcc/bin/../lib/gcc/arm-none-eabi/4.6.2/../../../../arm-none-eabi/lib/armv7e-m\libsupc++.a(bad_typeid.o)
                0x0001f28c                std::bad_typeid::~bad_typeid()
 .text._ZNK10__cxxabiv117__pbase_type_info15__pointer_catchEPKS0_PPvj
                0x0001f2a8       0x10 c:/fehqt/proteus/gcc/bin/../lib/gcc/arm-none-eabi/4.6.2/../../../../arm-none-eabi/lib/armv7e-m\libsupc++.a(pbase_type_info.o)
                0x0001f2a8                __cxxabiv1::__pbase_type_info::__pointer_catch(__cxxabiv1::__pbase_type_info const*, void**, unsigned int) const
 .text._ZN10__cxxabiv117__pbase_type_infoD2Ev
                0x0001f2b8       0x14 c:/fehqt/proteus/gcc/bin/../lib/gcc/arm-none-eabi/4.6.2/../../../../arm-none-eabi/lib/armv7e-m\libsupc++.a(pbase_type_info.o)
                0x0001f2b8                __cxxabiv1::__pbase_type_info::~__pbase_type_info()
                0x0001f2b8                __cxxabiv1::__pbase_type_info::~__pbase_type_info()
 .text._ZN10__cxxabiv117__pbase_type_infoD0Ev
                0x0001f2cc       0x1c c:/fehqt/proteus/gcc/bin/../lib/gcc/arm-none-eabi/4.6.2/../../../../arm-none-eabi/lib/armv7e-m\libsupc++.a(pbase_type_info.o)
                0x0001f2cc                __cxxabiv1::__pbase_type_info::~__pbase_type_info()
 .text._ZNK10__cxxabiv117__pbase_type_info10__do_catchEPKSt9type_infoPPvj
                0x0001f2e8       0x68 c:/fehqt/proteus/gcc/bin/../lib/gcc/arm-none-eabi/4.6.2/../../../../arm-none-eabi/lib/armv7e-m\libsupc++.a(pbase_type_info.o)
                0x0001f2e8                __cxxabiv1::__pbase_type_info::__do_catch(std::type_info const*, void**, unsigned int) const
 .text.abort    0x0001f350       0x24 C:\fehqt\Proteus/EWL/lib/armv7e-m\libc.a(abort.o)
                0x0001f350                abort
 .text.sbrk     0x0001f374       0x28 C:\fehqt\Proteus/EWL/lib/armv7e-m\libc.a(alloc.o)
                0x0001f374                sbrk
 .text.malloc   0x0001f39c      0x110 C:\fehqt\Proteus/EWL/lib/armv7e-m\libc.a(alloc.o)
                0x0001f39c                malloc
 .text.free     0x0001f4ac       0x10 C:\fehqt\Proteus/EWL/lib/armv7e-m\libc.a(alloc.o)
                0x0001f4ac                free
 .text.raise    0x0001f4bc       0x3c C:\fehqt\Proteus/EWL/lib/armv7e-m\libc.a(raise.o)
                0x0001f4bc                raise
 *(.rodata)
 .rodata        0x0001f4f8        0xc ..\readlight.o
 .rodata        0x0001f504       0x5c ..\robot.o
 .rodata        0x0001f560       0x1c ..\main.o
 .rodata        0x0001f57c        0xc ..\waitfortouch.o
 .rodata        0x0001f588       0x10 Drivers\ff.o
 .rodata        0x0001f598       0x78 Libraries\FEHIO.o
 .rodata        0x0001f610       0x34 Libraries\FEHLCD.o
 .rodata        0x0001f644      0x220 Libraries\FEHRPS.o
 .rodata        0x0001f864       0xdc Libraries\FEHSD.o
 *(.rodata*)
 .rodata._ZTV11DepositCore
                0x0001f940       0x18 ..\depositcore.o
                0x0001f940                vtable for DepositCore
 .rodata._ZTV4Task
                0x0001f958       0x18 ..\depositcore.o
                0x0001f958                vtable for Task
 .rodata._ZTI11DepositCore
                0x0001f970        0xc ..\depositcore.o
                0x0001f970                typeinfo for DepositCore
 .rodata._ZTS11DepositCore
                0x0001f97c       0x10 ..\depositcore.o
                0x0001f97c                typeinfo name for DepositCore
 .rodata._ZTS4Task
                0x0001f98c        0x8 ..\depositcore.o
                0x0001f98c                typeinfo name for Task
 .rodata._ZTI4Task
                0x0001f994        0x8 ..\depositcore.o
                0x0001f994                typeinfo for Task
 *fill*         0x0001f99c        0x4 00
 .rodata._ZTV13DriveDistance
                0x0001f9a0       0x18 ..\drivedistance.o
                0x0001f9a0                vtable for DriveDistance
 .rodata._ZTI13DriveDistance
                0x0001f9b8        0xc ..\drivedistance.o
                0x0001f9b8                typeinfo for DriveDistance
 .rodata._ZTS13DriveDistance
                0x0001f9c4       0x10 ..\drivedistance.o
                0x0001f9c4                typeinfo name for DriveDistance
 *fill*         0x0001f9d4        0x4 00
 .rodata._ZTV9DriveTime
                0x0001f9d8       0x18 ..\drivetime.o
                0x0001f9d8                vtable for DriveTime
 .rodata._ZTI9DriveTime
                0x0001f9f0        0xc ..\drivetime.o
                0x0001f9f0                typeinfo for DriveTime
 .rodata._ZTS9DriveTime
                0x0001f9fc        0xc ..\drivetime.o
                0x0001f9fc                typeinfo name for DriveTime
 .rodata._ZTV3End
                0x0001fa08       0x18 ..\end.o
                0x0001fa08                vtable for End
 .rodata._ZTI3End
                0x0001fa20        0xc ..\end.o
                0x0001fa20                typeinfo for End
 .rodata._ZTS3End
                0x0001fa2c        0x8 ..\end.o
                0x0001fa2c                typeinfo name for End
 *fill*         0x0001fa34        0x4 00
 .rodata._ZTV11FinalButton
                0x0001fa38       0x18 ..\finalbutton.o
                0x0001fa38                vtable for FinalButton
 .rodata._ZTI11FinalButton
                0x0001fa50        0xc ..\finalbutton.o
                0x0001fa50                typeinfo for FinalButton
 .rodata._ZTS11FinalButton
                0x0001fa5c       0x10 ..\finalbutton.o
                0x0001fa5c                typeinfo name for FinalButton
 *fill*         0x0001fa6c        0x4 00
 .rodata._ZTV5GoToX
                0x0001fa70       0x18 ..\gotox.o
                0x0001fa70                vtable for GoToX
 .rodata._ZTI5GoToX
                0x0001fa88        0xc ..\gotox.o
                0x0001fa88                typeinfo for GoToX
 .rodata._ZTS5GoToX
                0x0001fa94        0x8 ..\gotox.o
                0x0001fa94                typeinfo name for GoToX
 *fill*         0x0001fa9c        0x4 00
 .rodata._ZTV5GoToY
                0x0001faa0       0x18 ..\gotoy.o
                0x0001faa0                vtable for GoToY
 .rodata._ZTI5GoToY
                0x0001fab8        0xc ..\gotoy.o
                0x0001fab8                typeinfo for GoToY
 .rodata._ZTS5GoToY
                0x0001fac4        0x8 ..\gotoy.o
                0x0001fac4                typeinfo name for GoToY
 *fill*         0x0001facc        0x4 00
 .rodata._ZTV9MoveServo
                0x0001fad0       0x18 ..\moveservo.o
                0x0001fad0                vtable for MoveServo
 .rodata._ZTI9MoveServo
                0x0001fae8        0xc ..\moveservo.o
                0x0001fae8                typeinfo for MoveServo
 .rodata._ZTS9MoveServo
                0x0001faf4        0xc ..\moveservo.o
                0x0001faf4                typeinfo name for MoveServo
 .rodata._ZTV6Orient
                0x0001fb00       0x18 ..\orient.o
                0x0001fb00                vtable for Orient
 .rodata._ZTI6Orient
                0x0001fb18        0xc ..\orient.o
                0x0001fb18                typeinfo for Orient
 .rodata._ZTS6Orient
                0x0001fb24        0x8 ..\orient.o
                0x0001fb24                typeinfo name for Orient
 *fill*         0x0001fb2c        0x4 00
 .rodata._ZTV9ReadLight
                0x0001fb30       0x18 ..\readlight.o
                0x0001fb30                vtable for ReadLight
 .rodata._ZTI9ReadLight
                0x0001fb48        0xc ..\readlight.o
                0x0001fb48                typeinfo for ReadLight
 .rodata._ZTS9ReadLight
                0x0001fb54        0xc ..\readlight.o
                0x0001fb54                typeinfo name for ReadLight
 .rodata._ZTV8TopLevel
                0x0001fb60       0x18 ..\toplevel.o
                0x0001fb60                vtable for TopLevel
 .rodata._ZTI8TopLevel
                0x0001fb78        0xc ..\toplevel.o
                0x0001fb78                typeinfo for TopLevel
 .rodata._ZTS8TopLevel
                0x0001fb84        0xc ..\toplevel.o
                0x0001fb84                typeinfo name for TopLevel
 .rodata._ZTV12WaitForLight
                0x0001fb90       0x18 ..\waitforlight.o
                0x0001fb90                vtable for WaitForLight
 .rodata._ZTI12WaitForLight
                0x0001fba8        0xc ..\waitforlight.o
                0x0001fba8                typeinfo for WaitForLight
 .rodata._ZTS12WaitForLight
                0x0001fbb4       0x10 ..\waitforlight.o
                0x0001fbb4                typeinfo name for WaitForLight
 *fill*         0x0001fbc4        0x4 00
 .rodata._ZTV12WaitForTouch
                0x0001fbc8       0x18 ..\waitfortouch.o
                0x0001fbc8                vtable for WaitForTouch
 .rodata._ZTI12WaitForTouch
                0x0001fbe0        0xc ..\waitfortouch.o
                0x0001fbe0                typeinfo for WaitForTouch
 .rodata._ZTS12WaitForTouch
                0x0001fbec       0x10 ..\waitfortouch.o
                0x0001fbec                typeinfo name for WaitForTouch
 .rodata._ZZL11create_nameP3DIRPPKcE5excvt
                0x0001fbfc       0x80 Drivers\ff.o
 .rodata.K60_SDHC0_init
                0x0001fc7c        0xc Drivers\SDHC.o
                0x0001fc7c                K60_SDHC0_init
 .rodata._ZL21ESDHC_COMMAND_XFERTYP
                0x0001fc88      0x100 Drivers\SDHC.o
 .rodata._ZL9GPIOPorts
                0x0001fd88       0x20 Libraries\FEHIO.o
 .rodata._ZL10ADCNumbers
                0x0001fda8       0x24 Libraries\FEHIO.o
 .rodata._ZL14GPIOPinNumbers
                0x0001fdcc       0x80 Libraries\FEHIO.o
 .rodata._ZL16AnalogPinNumbers
                0x0001fe4c       0x84 Libraries\FEHIO.o
 .rodata.npio2_hw
                0x0001fed0       0x80 C:\fehqt\Proteus/EWL/lib/armv7e-m\libm.a(e_rem_pio2f.o)
 .rodata.two_over_pi
                0x0001ff50      0x318 C:\fehqt\Proteus/EWL/lib/armv7e-m\libm.a(e_rem_pio2f.o)
 .rodata.init_jk
                0x00020268        0xc C:\fehqt\Proteus/EWL/lib/armv7e-m\libm.a(k_rem_pio2f.o)
 .rodata.PIo2   0x00020274       0x2c C:\fehqt\Proteus/EWL/lib/armv7e-m\libm.a(k_rem_pio2f.o)
 .rodata.str1.1
                0x00000000        0x0 C:\fehqt\Proteus/EWL/lib/armv7e-m\libc.a(printformat_.o)
                                  0x1 (size before relaxing)
 .rodata.__aeabi_ctype_table_C
                0x000202a0      0x101 C:\fehqt\Proteus/EWL/lib/armv7e-m\libc.a(ctype_aeabi.o)
                0x000202a0                __aeabi_ctype_table_C
 *fill*         0x000203a1        0x7 00
 .rodata._ZTVSt9bad_alloc
                0x000203a8       0x18 C:\fehqt\Proteus/EWL/lib/armv7e-m\librt.a(New.o)
                0x000203a8                vtable for std::bad_alloc
 .rodata._ZTISt9bad_alloc
                0x000203c0        0xc C:\fehqt\Proteus/EWL/lib/armv7e-m\librt.a(New.o)
                0x000203c0                typeinfo for std::bad_alloc
 .rodata._ZTSSt9bad_alloc
                0x000203cc        0xd C:\fehqt\Proteus/EWL/lib/armv7e-m\librt.a(New.o)
                0x000203cc                typeinfo name for std::bad_alloc
 .rodata.str1.1
                0x000203d9       0x14 C:\fehqt\Proteus/EWL/lib/armv7e-m\librt.a(New.o)
 *fill*         0x000203ed        0x3 00
 .rodata._ZTVN10__cxxabiv117__class_type_infoE
                0x000203f0       0x30 c:/fehqt/proteus/gcc/bin/../lib/gcc/arm-none-eabi/4.6.2/../../../../arm-none-eabi/lib/armv7e-m\libsupc++.a(class_type_info.o)
                0x000203f0                vtable for __cxxabiv1::__class_type_info
 .rodata._ZTIN10__cxxabiv117__class_type_infoE
                0x00020420        0xc c:/fehqt/proteus/gcc/bin/../lib/gcc/arm-none-eabi/4.6.2/../../../../arm-none-eabi/lib/armv7e-m\libsupc++.a(class_type_info.o)
                0x00020420                typeinfo for __cxxabiv1::__class_type_info
 .rodata._ZTSN10__cxxabiv117__class_type_infoE
                0x0002042c       0x24 c:/fehqt/proteus/gcc/bin/../lib/gcc/arm-none-eabi/4.6.2/../../../../arm-none-eabi/lib/armv7e-m\libsupc++.a(class_type_info.o)
                0x0002042c                typeinfo name for __cxxabiv1::__class_type_info
 .rodata._ZTVSt9exception
                0x00020450       0x18 c:/fehqt/proteus/gcc/bin/../lib/gcc/arm-none-eabi/4.6.2/../../../../arm-none-eabi/lib/armv7e-m\libsupc++.a(eh_exception.o)
                0x00020450                vtable for std::exception
 .rodata._ZTIN10__cxxabiv115__forced_unwindE
                0x00020468        0x8 c:/fehqt/proteus/gcc/bin/../lib/gcc/arm-none-eabi/4.6.2/../../../../arm-none-eabi/lib/armv7e-m\libsupc++.a(eh_exception.o)
                0x00020468                typeinfo for __cxxabiv1::__forced_unwind
 .rodata._ZTISt9exception
                0x00020470        0x8 c:/fehqt/proteus/gcc/bin/../lib/gcc/arm-none-eabi/4.6.2/../../../../arm-none-eabi/lib/armv7e-m\libsupc++.a(eh_exception.o)
                0x00020470                typeinfo for std::exception
 .rodata._ZTSSt13bad_exception
                0x00020478       0x14 c:/fehqt/proteus/gcc/bin/../lib/gcc/arm-none-eabi/4.6.2/../../../../arm-none-eabi/lib/armv7e-m\libsupc++.a(eh_exception.o)
                0x00020478                typeinfo name for std::bad_exception
 .rodata.str1.4
                0x0002048c       0x23 c:/fehqt/proteus/gcc/bin/../lib/gcc/arm-none-eabi/4.6.2/../../../../arm-none-eabi/lib/armv7e-m\libsupc++.a(eh_exception.o)
                                 0x24 (size before relaxing)
 *fill*         0x000204af        0x1 00
 .rodata._ZTSN10__cxxabiv119__foreign_exceptionE
                0x000204b0       0x24 c:/fehqt/proteus/gcc/bin/../lib/gcc/arm-none-eabi/4.6.2/../../../../arm-none-eabi/lib/armv7e-m\libsupc++.a(eh_exception.o)
                0x000204b0                typeinfo name for __cxxabiv1::__foreign_exception
 .rodata._ZTIN10__cxxabiv119__foreign_exceptionE
                0x000204d4        0x8 c:/fehqt/proteus/gcc/bin/../lib/gcc/arm-none-eabi/4.6.2/../../../../arm-none-eabi/lib/armv7e-m\libsupc++.a(eh_exception.o)
                0x000204d4                typeinfo for __cxxabiv1::__foreign_exception
 *fill*         0x000204dc        0x4 00
 .rodata._ZTVSt13bad_exception
                0x000204e0       0x18 c:/fehqt/proteus/gcc/bin/../lib/gcc/arm-none-eabi/4.6.2/../../../../arm-none-eabi/lib/armv7e-m\libsupc++.a(eh_exception.o)
                0x000204e0                vtable for std::bad_exception
 .rodata._ZTSSt9exception
                0x000204f8       0x10 c:/fehqt/proteus/gcc/bin/../lib/gcc/arm-none-eabi/4.6.2/../../../../arm-none-eabi/lib/armv7e-m\libsupc++.a(eh_exception.o)
                0x000204f8                typeinfo name for std::exception
 .rodata._ZTSN10__cxxabiv115__forced_unwindE