Archive member included because of file (symbol)

C:\fehqt\Proteus/EWL/lib/armv7e-m\libm.a(s_cosf.o)
                              ..\robot.o (cosf)
C:\fehqt\Proteus/EWL/lib/armv7e-m\libm.a(s_sinf.o)
                              ..\robot.o (sinf)
C:\fehqt\Proteus/EWL/lib/armv7e-m\libm.a(w_atan2f.o)
                              ..\drive.o (atan2f)
C:\fehqt\Proteus/EWL/lib/armv7e-m\libm.a(e_atan2f.o)
                              C:\fehqt\Proteus/EWL/lib/armv7e-m\libm.a(w_atan2f.o) (__ieee754_atan2f)
C:\fehqt\Proteus/EWL/lib/armv7e-m\libm.a(e_rem_pio2f.o)
                              C:\fehqt\Proteus/EWL/lib/armv7e-m\libm.a(s_cosf.o) (__ieee754_rem_pio2f)
C:\fehqt\Proteus/EWL/lib/armv7e-m\libm.a(k_cosf.o)
                              C:\fehqt\Proteus/EWL/lib/armv7e-m\libm.a(s_cosf.o) (__kernel_cosf)
C:\fehqt\Proteus/EWL/lib/armv7e-m\libm.a(k_rem_pio2f.o)
                              C:\fehqt\Proteus/EWL/lib/armv7e-m\libm.a(e_rem_pio2f.o) (__kernel_rem_pio2f)
C:\fehqt\Proteus/EWL/lib/armv7e-m\libm.a(k_sinf.o)
                              C:\fehqt\Proteus/EWL/lib/armv7e-m\libm.a(s_cosf.o) (__kernel_sinf)
C:\fehqt\Proteus/EWL/lib/armv7e-m\libm.a(s_atanf.o)
                              C:\fehqt\Proteus/EWL/lib/armv7e-m\libm.a(e_atan2f.o) (atanf)
C:\fehqt\Proteus/EWL/lib/armv7e-m\libm.a(s_floorf.o)
                              C:\fehqt\Proteus/EWL/lib/armv7e-m\libm.a(k_rem_pio2f.o) (floorf)
C:\fehqt\Proteus/EWL/lib/armv7e-m\libm.a(s_scalbnf.o)
                              C:\fehqt\Proteus/EWL/lib/armv7e-m\libm.a(k_rem_pio2f.o) (scalbnf)
C:\fehqt\Proteus/EWL/lib/armv7e-m\libc.a(errno.o)
                              C:\fehqt\Proteus/EWL/lib/armv7e-m\libm.a(e_atan2f.o) (errno)
C:\fehqt\Proteus/EWL/lib/armv7e-m\libc.a(sprintf.o)
                              Libraries\FEHLCD.o (sprintf)
C:\fehqt\Proteus/EWL/lib/armv7e-m\libc.a(vsnprintf.o)
                              C:\fehqt\Proteus/EWL/lib/armv7e-m\libc.a(sprintf.o) (vsnprintf)
C:\fehqt\Proteus/EWL/lib/armv7e-m\libc.a(exit.o)
                              Startup\__arm_start.o (exit)
C:\fehqt\Proteus/EWL/lib/armv7e-m\libc.a(memcpy.o)
                              ..\worldstate.o (memcpy)
C:\fehqt\Proteus/EWL/lib/armv7e-m\libc.a(memset.o)
                              Startup\__arm_start.o (memset)
C:\fehqt\Proteus/EWL/lib/armv7e-m\libc.a(strcmp.o)
                              Libraries\FEHLCD.o (strcmp)
C:\fehqt\Proteus/EWL/lib/armv7e-m\libc.a(strcpy.o)
                              Libraries\FEHLCD.o (strcpy)
C:\fehqt\Proteus/EWL/lib/armv7e-m\libc.a(strlen.o)
                              Libraries\FEHLCD.o (strlen)
C:\fehqt\Proteus/EWL/lib/armv7e-m\libc.a(printformat_.o)
                              (__pformatter_)
C:\fehqt\Proteus/EWL/lib/armv7e-m\libc.a(scanformat_.o)
                              (__sformatter)
C:\fehqt\Proteus/EWL/lib/armv7e-m\libc.a(ctype_aeabi.o)
                              C:\fehqt\Proteus/EWL/lib/armv7e-m\libc.a(scanformat_.o) (isspace)
C:\fehqt\Proteus/EWL/lib/armv7e-m\libc.a(__strtoul.o)
                              C:\fehqt\Proteus/EWL/lib/armv7e-m\libc.a(scanformat_.o) (__strtoul)
C:\fehqt\Proteus/EWL/lib/armv7e-m\libc.a(__filll_mem.o)
                              C:\fehqt\Proteus/EWL/lib/armv7e-m\libc.a(memset.o) (__fill_mem)
C:\fehqt\Proteus/EWL/lib/armv7e-m\libc.a(memchr.o)
                              C:\fehqt\Proteus/EWL/lib/armv7e-m\libc.a(printformat_.o) (memchr)
C:\fehqt\Proteus/EWL/lib/armv7e-m\libc.a(strchr.o)
                              C:\fehqt\Proteus/EWL/lib/armv7e-m\libc.a(printformat_.o) (strchr)
c:/fehqt/proteus/gcc/bin/../lib/gcc/arm-none-eabi/4.6.2/armv7e-m\libgcc.a(_arm_addsubdf3.o)
                              ..\drive.o (__aeabi_dsub)
c:/fehqt/proteus/gcc/bin/../lib/gcc/arm-none-eabi/4.6.2/armv7e-m\libgcc.a(_arm_muldivdf3.o)
                              ..\drive.o (__aeabi_dmul)
c:/fehqt/proteus/gcc/bin/../lib/gcc/arm-none-eabi/4.6.2/armv7e-m\libgcc.a(_arm_cmpdf2.o)
                              ..\drive.o (__aeabi_dcmplt)
c:/fehqt/proteus/gcc/bin/../lib/gcc/arm-none-eabi/4.6.2/armv7e-m\libgcc.a(_arm_fixdfsi.o)
                              ..\robot.o (__aeabi_d2iz)
c:/fehqt/proteus/gcc/bin/../lib/gcc/arm-none-eabi/4.6.2/armv7e-m\libgcc.a(_arm_fixunsdfsi.o)
                              Libraries\FEHUtility.o (__aeabi_d2uiz)
c:/fehqt/proteus/gcc/bin/../lib/gcc/arm-none-eabi/4.6.2/armv7e-m\libgcc.a(_arm_truncdfsf2.o)
                              ..\drive.o (__aeabi_d2f)
c:/fehqt/proteus/gcc/bin/../lib/gcc/arm-none-eabi/4.6.2/armv7e-m\libgcc.a(_arm_addsubsf3.o)
                              ..\drive.o (__aeabi_fsub)
c:/fehqt/proteus/gcc/bin/../lib/gcc/arm-none-eabi/4.6.2/armv7e-m\libgcc.a(_arm_muldivsf3.o)
                              ..\drive.o (__aeabi_fmul)
c:/fehqt/proteus/gcc/bin/../lib/gcc/arm-none-eabi/4.6.2/armv7e-m\libgcc.a(_arm_cmpsf2.o)
                              ..\worldstate.o (__aeabi_fcmpeq)
[...]
Memory Configuration

Name             Origin             Length             Attributes
m_interrupts     0x0000c000         0x00000400         xr
m_cfmprotrom     0x0000c400         0x00000010         xr
m_text           0x0000c410         0x00073bf0         xr
m_data           0x1fff0400         0x0000fc00         xrw
m_data2          0x20000000         0x00010000         xrw
*default*        0x00000000         0xffffffff

Linker script and memory map

LOAD ..\depositcore.o
LOAD ..\drive.o
LOAD ..\drivedistance.o
LOAD ..\end.o
LOAD ..\gotox.o
LOAD ..\gotoy.o
LOAD ..\moveservo.o
LOAD ..\orient.o
LOAD ..\readlight.o
LOAD ..\robot.o
LOAD ..\servo.o
LOAD ..\main.o
LOAD ..\taskexecutor.o
LOAD ..\waitforlight.o
LOAD ..\waitfortouch.o
LOAD ..\worldstate.o
LOAD Startup\__arm_start.o
LOAD Startup\__arm_end.o
LOAD Startup\kinetis_sysinit.o
LOAD Libraries\FEHMotor.o
LOAD Drivers\mcg.o
LOAD Drivers\i2c.o
LOAD Drivers\spi.o
LOAD Drivers\uart.o
LOAD Drivers\ff.o
LOAD Drivers\SDHC.o
LOAD Drivers\lptmr.o
LOAD FEHProteus.o
LOAD Drivers\FEHPropeller.o
LOAD Libraries\FEHUtility.o
LOAD Libraries\FEHIO.o
LOAD Drivers\adc16.o
LOAD Libraries\FEHBuzzer.o
LOAD Libraries\FEHServo.o
LOAD Libraries\FEHLCD.o
LOAD Libraries\FEHAccel.o
LOAD Libraries\FEHBattery.o
LOAD Drivers\FEHXBee.o
LOAD Libraries\FEHRPS.o
LOAD Libraries\FEHSD.o
                0x000195d8                __pformatter = __pformatter_
                [0x000199d0]                __sformatter = __sformatter
LOAD C:\fehqt\Proteus/EWL/lib/armv7e-m\libstdc++.a
LOAD C:\fehqt\Proteus/EWL/lib/armv7e-m\libm.a
START GROUP
LOAD C:\fehqt\Proteus/EWL/lib/armv7e-m\libc.a
LOAD C:\fehqt\Proteus/EWL/lib/armv7e-m\libc++.a
LOAD C:\fehqt\Proteus/EWL/lib/armv7e-m\libm.a
LOAD c:/fehqt/proteus/gcc/bin/../lib/gcc/arm-none-eabi/4.6.2/armv7e-m\libgcc.a
LOAD C:\fehqt\Proteus/EWL/lib/armv7e-m\librt.a
LOAD c:/fehqt/proteus/gcc/bin/../lib/gcc/arm-none-eabi/4.6.2/../../../../arm-none-eabi/lib/armv7e-m\libsupc++.a
END GROUP
                0x20000000                _estack = 0x20000000
                0x20000000                __SP_INIT = _estack
                0x00000800                __heap_size = 0x800
                0x00000800                __stack_size = 0x800

.interrupts     0x0000c000      0x1e0
                0x0000c000                __vector_table = .
                0x0000c000                . = ALIGN (0x4)
 *(.vectortable)
 .vectortable   0x0000c000      0x1e0 Startup\kinetis_sysinit.o
                0x0000c1e0                . = ALIGN (0x4)

.cfmprotect     0x0000c400        0x0
                0x0000c400                . = ALIGN (0x4)
 *(.cfmconfig)
                0x0000c400                . = ALIGN (0x4)

.text           0x0000c410    0x103f8
                0x0000c410                . = ALIGN (0x4)
 *(.text)
 .text          0x0000c410      0x370 c:/fehqt/proteus/gcc/bin/../lib/gcc/arm-none-eabi/4.6.2/armv7e-m\libgcc.a(_arm_addsubdf3.o)
                0x0000c410                __aeabi_drsub
                0x0000c418                __aeabi_dsub
                0x0000c418                __subdf3
                0x0000c41c                __aeabi_dadd
                0x0000c41c                __adddf3
                0x0000c694                __floatunsidf
                0x0000c694                __aeabi_ui2d
                0x0000c6b4                __floatsidf
                0x0000c6b4                __aeabi_i2d
                0x0000c6d8                __aeabi_f2d
                0x0000c6d8                __extendsfdf2
                0x0000c714                __floatundidf
                0x0000c714                __aeabi_ul2d
                0x0000c724                __floatdidf
                0x0000c724                __aeabi_l2d
 .text          0x0000c780      0x424 c:/fehqt/proteus/gcc/bin/../lib/gcc/arm-none-eabi/4.6.2/armv7e-m\libgcc.a(_arm_muldivdf3.o)
                0x0000c780                __aeabi_dmul
                0x0000c780                __muldf3
                0x0000c9d4                __divdf3
                0x0000c9d4                __aeabi_ddiv
 .text          0x0000cba4      0x110 c:/fehqt/proteus/gcc/bin/../lib/gcc/arm-none-eabi/4.6.2/armv7e-m\libgcc.a(_arm_cmpdf2.o)
                0x0000cba4                __gtdf2
                0x0000cba4                __gedf2
                0x0000cbac                __ltdf2
                0x0000cbac                __ledf2
                0x0000cbb4                __nedf2
                0x0000cbb4                __eqdf2
                0x0000cbb4                __cmpdf2
                0x0000cc30                __aeabi_cdrcmple
                0x0000cc40                __aeabi_cdcmpeq
                0x0000cc40                __aeabi_cdcmple
                0x0000cc50                __aeabi_dcmpeq
                0x0000cc64                __aeabi_dcmplt
                0x0000cc78                __aeabi_dcmple
                0x0000cc8c                __aeabi_dcmpge
                0x0000cca0                __aeabi_dcmpgt
 .text          0x0000ccb4       0x50 c:/fehqt/proteus/gcc/bin/../lib/gcc/arm-none-eabi/4.6.2/armv7e-m\libgcc.a(_arm_fixdfsi.o)
                0x0000ccb4                __aeabi_d2iz
                0x0000ccb4                __fixdfsi
 .text          0x0000cd04       0x40 c:/fehqt/proteus/gcc/bin/../lib/gcc/arm-none-eabi/4.6.2/armv7e-m\libgcc.a(_arm_fixunsdfsi.o)
                0x0000cd04                __aeabi_d2uiz
                0x0000cd04                __fixunsdfsi
 .text          0x0000cd44       0xa0 c:/fehqt/proteus/gcc/bin/../lib/gcc/arm-none-eabi/4.6.2/armv7e-m\libgcc.a(_arm_truncdfsf2.o)
                0x0000cd44                __truncdfsf2
                0x0000cd44                __aeabi_d2f
 .text          0x0000cde4      0x21c c:/fehqt/proteus/gcc/bin/../lib/gcc/arm-none-eabi/4.6.2/armv7e-m\libgcc.a(_arm_addsubsf3.o)
                0x0000cde4                __aeabi_frsub
                0x0000cdec                __subsf3
                0x0000cdec                __aeabi_fsub
                0x0000cdf0                __aeabi_fadd
                0x0000cdf0                __addsf3
                0x0000cf50                __aeabi_ui2f
                0x0000cf50                __floatunsisf
                0x0000cf58                __aeabi_i2f
                0x0000cf58                __floatsisf
                0x0000cf74                __aeabi_ul2f
                0x0000cf74                __floatundisf
                0x0000cf84                __aeabi_l2f
                0x0000cf84                __floatdisf
 .text          0x0000d000      0x2a0 c:/fehqt/proteus/gcc/bin/../lib/gcc/arm-none-eabi/4.6.2/armv7e-m\libgcc.a(_arm_muldivsf3.o)
                0x0000d000                __mulsf3
                0x0000d000                __aeabi_fmul
                0x0000d168                __aeabi_fdiv
                0x0000d168                __divsf3
 .text          0x0000d2a0       0xec c:/fehqt/proteus/gcc/bin/../lib/gcc/arm-none-eabi/4.6.2/armv7e-m\libgcc.a(_arm_cmpsf2.o)
                0x0000d2a0                __gesf2
                0x0000d2a0                __gtsf2
                0x0000d2a8                __lesf2
                0x0000d2a8                __ltsf2
                0x0000d2b0                __nesf2
                0x0000d2b0                __eqsf2
                0x0000d2b0                __cmpsf2
                0x0000d310                __aeabi_cfrcmple
                0x0000d318                __aeabi_cfcmpeq
                0x0000d318                __aeabi_cfcmple
                0x0000d328                __aeabi_fcmpeq
                0x0000d33c                __aeabi_fcmplt
                0x0000d350                __aeabi_fcmple
                0x0000d364                __aeabi_fcmpge
                0x0000d378                __aeabi_fcmpgt
 .text          0x0000d38c       0x4c c:/fehqt/proteus/gcc/bin/../lib/gcc/arm-none-eabi/4.6.2/armv7e-m\libgcc.a(_arm_fixsfsi.o)
                0x0000d38c                __aeabi_f2iz
                0x0000d38c                __fixsfsi
 .text          0x0000d3d8      0xb54 c:/fehqt/proteus/gcc/bin/../lib/gcc/arm-none-eabi/4.6.2/armv7e-m\libgcc.a(unwind-arm.o)
                0x0000d680                _Unwind_VRS_Get
                0x0000d6c0                _Unwind_VRS_Set
                0x0000da20                __aeabi_unwind_cpp_pr2
                0x0000da24                __aeabi_unwind_cpp_pr1
                0x0000da28                __aeabi_unwind_cpp_pr0
                0x0000da2c                _Unwind_VRS_Pop
                0x0000dde0                _Unwind_GetCFA
                0x0000dde4                __gnu_Unwind_RaiseException
                0x0000de44                __gnu_Unwind_ForcedUnwind
                0x0000de58                __gnu_Unwind_Resume
                0x0000de94                __gnu_Unwind_Resume_or_Rethrow
                0x0000dea4                _Unwind_Complete
                0x0000dea8                _Unwind_DeleteException
                0x0000deb8                __gnu_Unwind_Backtrace
 .text          0x0000df2c      0x1ac c:/fehqt/proteus/gcc/bin/../lib/gcc/arm-none-eabi/4.6.2/armv7e-m\libgcc.a(libunwind.o)
                0x0000df2c                __restore_core_regs
                0x0000df2c                restore_core_regs
                0x0000df44                __gnu_Unwind_Restore_VFP
                0x0000df4c                __gnu_Unwind_Save_VFP
                0x0000df54                __gnu_Unwind_Restore_VFP_D
                0x0000df5c                __gnu_Unwind_Save_VFP_D
                0x0000df64                __gnu_Unwind_Restore_VFP_D_16_to_31
                0x0000df6c                __gnu_Unwind_Save_VFP_D_16_to_31
                0x0000df74                __gnu_Unwind_Restore_WMMXD
                0x0000dfb8                __gnu_Unwind_Save_WMMXD
                0x0000dffc                __gnu_Unwind_Restore_WMMXC
                0x0000e010                __gnu_Unwind_Save_WMMXC
                0x0000e024                ___Unwind_RaiseException
                0x0000e024                _Unwind_RaiseException
                0x0000e048                _Unwind_Resume
                0x0000e048                ___Unwind_Resume
                0x0000e06c                _Unwind_Resume_or_Rethrow
                0x0000e06c                ___Unwind_Resume_or_Rethrow
                0x0000e090                _Unwind_ForcedUnwind
                0x0000e090                ___Unwind_ForcedUnwind
                0x0000e0b4                ___Unwind_Backtrace
                0x0000e0b4                _Unwind_Backtrace
 .text          0x0000e0d8      0x374 c:/fehqt/proteus/gcc/bin/../lib/gcc/arm-none-eabi/4.6.2/armv7e-m\libgcc.a(pr-support.o)
                0x0000e12c                __gnu_unwind_execute
                0x0000e3f4                __gnu_unwind_frame
                0x0000e41c                _Unwind_GetRegionStart
                0x0000e428                _Unwind_GetLanguageSpecificData
                0x0000e43c                _Unwind_GetDataRelBase
                0x0000e444                _Unwind_GetTextRelBase
 *(.text*)
 .text._ZN4TaskC2Ev
                0x0000e44c       0x20 ..\depositcore.o
                0x0000e44c                Task::Task()
                0x0000e44c                Task::Task()
 .text._ZN11DepositCoreC2Ev
                0x0000e46c       0x30 ..\depositcore.o
                0x0000e46c                DepositCore::DepositCore()
                0x0000e46c                DepositCore::DepositCore()
 .text._ZN11DepositCore4InitER5Robot
                0x0000e49c       0x94 ..\depositcore.o
                0x0000e49c                DepositCore::Init(Robot&)
 .text._ZN11DepositCore3RunER5Robot
                0x0000e530       0x1c ..\depositcore.o
                0x0000e530                DepositCore::Run(Robot&)
 .text._ZN11DepositCore6FinishER5Robot
                0x0000e54c       0x14 ..\depositcore.o
                0x0000e54c                DepositCore::Finish(Robot&)
 .text._ZN11DepositCore5isEndEv
                0x0000e560       0x18 ..\depositcore.o
                0x0000e560                DepositCore::isEnd()
 .text._ZN13DriveDistanceC2Ef
                0x0000e578       0x38 ..\drivedistance.o
                0x0000e578                DriveDistance::DriveDistance(float)
                0x0000e578                DriveDistance::DriveDistance(float)
 .text._ZN13DriveDistanceC2Eff
                0x0000e5b0       0x38 ..\drivedistance.o
                0x0000e5b0                DriveDistance::DriveDistance(float, float)
                0x0000e5b0                DriveDistance::DriveDistance(float, float)
 .text._ZN13DriveDistance4InitER5Robot
                0x0000e5e8       0x14 ..\drivedistance.o
                0x0000e5e8                DriveDistance::Init(Robot&)
 .text._ZN13DriveDistance3RunER5Robot
                0x0000e5fc       0x2c ..\drivedistance.o
                0x0000e5fc                DriveDistance::Run(Robot&)
 .text._ZN13DriveDistance6FinishER5Robot
                0x0000e628       0x14 ..\drivedistance.o
                0x0000e628                DriveDistance::Finish(Robot&)
 .text._ZN13DriveDistance5isEndEv
                0x0000e63c       0x18 ..\drivedistance.o
                0x0000e63c                DriveDistance::isEnd()
 .text._ZN3EndC2Ev
                0x0000e654       0x28 ..\end.o
                0x0000e654                End::End()
                0x0000e654                End::End()
 .text._ZN3End4InitER5Robot
                0x0000e67c       0x14 ..\end.o
                0x0000e67c                End::Init(Robot&)
 .text._ZN3End3RunER5Robot
                0x0000e690       0x1c ..\end.o
                0x0000e690                End::Run(Robot&)
 .text._ZN3End6FinishER5Robot
                0x0000e6ac       0x14 ..\end.o
                0x0000e6ac                End::Finish(Robot&)
 .text._ZN3End5isEndEv
                0x0000e6c0       0x18 ..\end.o
                0x0000e6c0                End::isEnd()
 .text._ZSt3absf
                0x0000e6d8       0x1c ..\gotox.o
                0x0000e6d8                std::abs(float)
 .text._ZN5GoToXC2Eff
                0x0000e6f4       0x40 ..\gotox.o
                0x0000e6f4                GoToX::GoToX(float, float)
                0x0000e6f4                GoToX::GoToX(float, float)
 .text._ZN5GoToX4InitER5Robot
                0x0000e734      0x118 ..\gotox.o
                0x0000e734                GoToX::Init(Robot&)
 *fill*         0x0000e84c        0x4 00
 .text._ZN5GoToX3RunER5Robot
                0x0000e850      0x130 ..\gotox.o
                0x0000e850                GoToX::Run(Robot&)
 .text._ZN5GoToX6FinishER5Robot
                0x0000e980       0x28 ..\gotox.o
                0x0000e980                GoToX::Finish(Robot&)
 .text._ZN5GoToX5isEndEv
                0x0000e9a8       0x18 ..\gotox.o
                0x0000e9a8                GoToX::isEnd()
 .text._ZN5GoToYC2Eff
                0x0000e9c0       0x40 ..\gotoy.o
                0x0000e9c0                GoToY::GoToY(float, float)
                0x0000e9c0                GoToY::GoToY(float, float)
 .text._ZN5GoToY4InitER5Robot
                0x0000ea00      0x11c ..\gotoy.o
                0x0000ea00                GoToY::Init(Robot&)
 *fill*         0x0000eb1c        0x4 00
 .text._ZN5GoToY3RunER5Robot
                0x0000eb20      0x130 ..\gotoy.o
                0x0000eb20                GoToY::Run(Robot&)
 .text._ZN5GoToY6FinishER5Robot
                0x0000ec50       0x28 ..\gotoy.o
                0x0000ec50                GoToY::Finish(Robot&)
 .text._ZN5GoToY5isEndEv
                0x0000ec78       0x18 ..\gotoy.o
                0x0000ec78                GoToY::isEnd()
 .text._ZN9MoveServoC2Ef
                0x0000ec90       0x30 ..\moveservo.o
                0x0000ec90                MoveServo::MoveServo(float)
                0x0000ec90                MoveServo::MoveServo(float)
 .text._ZN9MoveServo4InitER5Robot
                0x0000ecc0       0x14 ..\moveservo.o
                0x0000ecc0                MoveServo::Init(Robot&)
 .text._ZN9MoveServo3RunER5Robot
                0x0000ecd4       0x2c ..\moveservo.o
                0x0000ecd4                MoveServo::Run(Robot&)
 .text._ZN9MoveServo6FinishER5Robot
                0x0000ed00       0x14 ..\moveservo.o
                0x0000ed00                MoveServo::Finish(Robot&)
 .text._ZN9MoveServo5isEndEv
                0x0000ed14       0x18 ..\moveservo.o
                0x0000ed14                MoveServo::isEnd()
 .text._ZN6OrientC2Ef
                0x0000ed2c       0x30 ..\orient.o
                0x0000ed2c                Orient::Orient(float)
                0x0000ed2c                Orient::Orient(float)
 .text._ZN6Orient4InitER5Robot
                0x0000ed5c       0x14 ..\orient.o
                0x0000ed5c                Orient::Init(Robot&)
 .text._ZN6Orient3RunER5Robot
                0x0000ed70      0x1b8 ..\orient.o
                0x0000ed70                Orient::Run(Robot&)
 .text._ZN6Orient6FinishER5Robot
                0x0000ef28       0x28 ..\orient.o
                0x0000ef28                Orient::Finish(Robot&)
 .text._ZN6Orient5isEndEv
                0x0000ef50       0x18 ..\orient.o
                0x0000ef50                Orient::isEnd()
 .text._ZN9ReadLightC2Ev
                0x0000ef68       0x28 ..\readlight.o
                0x0000ef68                ReadLight::ReadLight()
                0x0000ef68                ReadLight::ReadLight()
 .text._ZN9ReadLight4InitER5Robot
                0x0000ef90       0x14 ..\readlight.o
                0x0000ef90                ReadLight::Init(Robot&)
 .text._ZN9ReadLight3RunER5Robot
                0x0000efa4       0x98 ..\readlight.o
                0x0000efa4                ReadLight::Run(Robot&)
 .text._ZN9ReadLight6FinishER5Robot
                0x0000f03c       0x14 ..\readlight.o
                0x0000f03c                ReadLight::Finish(Robot&)
 .text._ZN9ReadLight5isEndEv
                0x0000f050       0x18 ..\readlight.o
                0x0000f050                ReadLight::isEnd()
 .text._ZSt3cosf
                0x0000f068       0x1c ..\robot.o
                0x0000f068                std::cos(float)
 .text._ZSt3sinf
                0x0000f084       0x1c ..\robot.o
                0x0000f084                std::sin(float)
 .text._ZN5RobotC2Ev
                0x0000f0a0      0x114 ..\robot.o
                0x0000f0a0                Robot::Robot()
                0x0000f0a0                Robot::Robot()
 *fill*         0x0000f1b4        0x4 00
 .text._ZN5Robot13DriveStraightEff
                0x0000f1b8      0x190 ..\robot.o
                0x0000f1b8                Robot::DriveStraight(float, float)
 .text._ZN5Robot4TurnEff
                0x0000f348      0x188 ..\robot.o
                0x0000f348                Robot::Turn(float, float)
 .text._ZN5Robot11GetRedLightEv
                0x0000f4d0       0x1c ..\robot.o
                0x0000f4d0                Robot::GetRedLight()
 .text._ZN5Robot11SetRedLightEb
                0x0000f4ec       0x20 ..\robot.o
                0x0000f4ec                Robot::SetRedLight(bool)
 .text._ZN5Robot4GetXEv
                0x0000f50c       0x18 ..\robot.o
                0x0000f50c                Robot::GetX()
 .text._ZN5Robot4GetYEv
                0x0000f524       0x18 ..\robot.o
                0x0000f524                Robot::GetY()
 .text._ZN5Robot10GetHeadingEv
                0x0000f53c       0x18 ..\robot.o
                0x0000f53c                Robot::GetHeading()
 .text._ZN5Robot15GetCdSCellValueEv
                0x0000f554       0x18 ..\robot.o
                0x0000f554                Robot::GetCdSCellValue()
 *fill*         0x0000f56c        0x4 00
 .text._ZN5Robot6UpdateEv
                0x0000f570      0x158 ..\robot.o
                0x0000f570                Robot::Update()
 .text.main     0x0000f6c8      0x518 ..\main.o
                0x0000f6c8                main
 .text._Z41__static_initialization_and_destruction_0ii
                0x0000fbe0       0x3c ..\main.o
 .text._GLOBAL__sub_I_robot
                0x0000fc1c       0x14 ..\main.o
 .text._ZN12TaskExecutorC2Ev
                0x0000fc30       0x18 ..\taskexecutor.o
                0x0000fc30                TaskExecutor::TaskExecutor()
                0x0000fc30                TaskExecutor::TaskExecutor()
 .text._ZN12TaskExecutor7ExecuteER5RobotP4Task
                0x0000fc48       0x78 ..\taskexecutor.o
                0x0000fc48                TaskExecutor::Execute(Robot&, Task*)
 .text._ZN12WaitForLightC2Ev
                0x0000fcc0       0x38 ..\waitforlight.o
                0x0000fcc0                WaitForLight::WaitForLight()
                0x0000fcc0                WaitForLight::WaitForLight()
 .text._ZN12WaitForLight4InitER5Robot
                0x0000fcf8       0x28 ..\waitforlight.o
                0x0000fcf8                WaitForLight::Init(Robot&)
 .text._ZN12WaitForLight3RunER5Robot
                0x0000fd20       0xa8 ..\waitforlight.o
                0x0000fd20                WaitForLight::Run(Robot&)
 .text._ZN12WaitForLight6FinishER5Robot
                0x0000fdc8       0x14 ..\waitforlight.o
                0x0000fdc8                WaitForLight::Finish(Robot&)
 .text._ZN12WaitForLight5isEndEv
                0x0000fddc       0x18 ..\waitforlight.o
                0x0000fddc                WaitForLight::isEnd()
 .text._ZN12WaitForTouchC2EPc
                0x0000fdf4       0x38 ..\waitfortouch.o
                0x0000fdf4                WaitForTouch::WaitForTouch(char*)
                0x0000fdf4                WaitForTouch::WaitForTouch(char*)
 .text._ZN12WaitForTouch4InitER5Robot
                0x0000fe2c       0x24 ..\waitfortouch.o
                0x0000fe2c                WaitForTouch::Init(Robot&)
 .text._ZN12WaitForTouch3RunER5Robot
                0x0000fe50       0x78 ..\waitfortouch.o
                0x0000fe50                WaitForTouch::Run(Robot&)
 .text._ZN12WaitForTouch6FinishER5Robot
                0x0000fec8       0x28 ..\waitfortouch.o
                0x0000fec8                WaitForTouch::Finish(Robot&)
 .text._ZN12WaitForTouch5isEndEv
                0x0000fef0       0x18 ..\waitfortouch.o
                0x0000fef0                WaitForTouch::isEnd()
 .text.zero_fill_bss
                0x0000ff08       0x34 Startup\__arm_start.o
 .text.__thumb_startup
                0x0000ff3c       0x34 Startup\__arm_start.o
                0x0000ff3c                __thumb_startup
 .text.InitFEHProteus
                0x0000ff70      0x15c Startup\__arm_start.o
                0x0000ff70                InitFEHProteus
 .text.pll_init_bl
                0x000100cc      0x130 Startup\__arm_start.o
 .text.InitPowerButton
                0x000101fc       0x90 Startup\__arm_start.o
                0x000101fc                InitPowerButton
 .text._ExitProcess
                0x0001028c        0xc Startup\__arm_end.o
                0x0001028c                _ExitProcess
 .text.Default_Handler
                0x00010298        0xc Startup\kinetis_sysinit.o
                0x00010298                BusFault_Handler()
                0x00010298                HardFault_Handler()
                0x00010298                SysTick_Handler()
                0x00010298                PendSV_Handler()
                0x00010298                DebugMonitor_Handler()
                0x00010298                MemManage_Handler()
                0x00010298                NMI_Handler()
                0x00010298                SVC_Handler()
                0x00010298                Default_Handler
                0x00010298                UsageFault_Handler()
 .text.__init_hardware
                0x000102a4       0x44 Startup\kinetis_sysinit.o
                0x000102a4                __init_hardware
 .text._Z8PortDISRv
                0x000102e8       0x64 Startup\kinetis_sysinit.o
                0x000102e8                PortDISR()
 *fill*         0x0001034c        0x4 00
 .text._ZN8FEHMotorC2ENS_12FEHMotorPortEf
                0x00010350       0xb0 Libraries\FEHMotor.o
                0x00010350                FEHMotor::FEHMotor(FEHMotor::FEHMotorPort, float)
                0x00010350                FEHMotor::FEHMotor(FEHMotor::FEHMotorPort, float)
 .text._ZN8FEHMotor4StopEv
                0x00010400       0x3c Libraries\FEHMotor.o
                0x00010400                FEHMotor::Stop()
 .text._ZN8FEHMotor8SetPowerEi
                0x0001043c       0x60 Libraries\FEHMotor.o
                0x0001043c                FEHMotor::SetPower(int)
 *fill*         0x0001049c        0x4 00
 .text._ZN8FEHMotor10SetPercentEf
                0x000104a0      0x158 Libraries\FEHMotor.o
                0x000104a0                FEHMotor::SetPercent(float)
 .text._Z21IIC_StartTransmissionhh
                0x000105f8       0x98 Drivers\i2c.o
                0x000105f8                IIC_StartTransmission(unsigned char, unsigned char)
 .text._Z5Pausev
                0x00010690       0x34 Drivers\i2c.o
                0x00010690                Pause()
 .text._Z21MMA8451QWriteRegisterhh
                0x000106c4      0x12c Drivers\i2c.o
                0x000106c4                MMA8451QWriteRegister(unsigned char, unsigned char)
 .text._Z12SPI_SendCharh
                0x000107f0       0x1c Drivers\spi.o
                0x000107f0                SPI_SendChar(unsigned char)
 .text._Z16SPI_WriteCommandhh
                0x0001080c       0x34 Drivers\spi.o
                0x0001080c                SPI_WriteCommand(unsigned char, unsigned char)
 .text._Z11SPI_GetCharv
                0x00010840       0x14 Drivers\spi.o
                0x00010840                SPI_GetChar()
 .text._Z15SPI_ReadCommandh
                0x00010854       0x3c Drivers\spi.o
                0x00010854                SPI_ReadCommand(unsigned char)
 .text._Z13SPI_CS_Assertv
                0x00010890       0x24 Drivers\spi.o
                0x00010890                SPI_CS_Assert()
 .text._Z15SPI_CS_Deassertv
                0x000108b4       0x24 Drivers\spi.o
                0x000108b4                SPI_CS_Deassert()
 .text._Z12SPI_Transferh
                0x000108d8       0x88 Drivers\spi.o
                0x000108d8                SPI_Transfer(unsigned char)
 .text._Z8SPI_Initv
                0x00010960       0xe8 Drivers\spi.o
                0x00010960                SPI_Init()
 .text._Z9uart_initPV11UART_MemMapii
                0x00010a48      0x20c Drivers\uart.o
                0x00010a48                uart_init(UART_MemMap volatile*, int, int)
 .text._Z12uart_getcharPV11UART_MemMap
                0x00010c54       0x34 Drivers\uart.o
                0x00010c54                uart_getchar(UART_MemMap volatile*)
 .text._Z12uart_putcharPV11UART_MemMapc
                0x00010c88       0x38 Drivers\uart.o
                0x00010c88                uart_putchar(UART_MemMap volatile*, char)
 .text._ZL7mem_setPvij
                0x00010cc0       0x44 Drivers\ff.o
 .text._ZL11move_windowP5FATFSm
                0x00010d04       0xf0 Drivers\ff.o
 .text._ZL4syncP5FATFS
                0x00010df4      0x188 Drivers\ff.o
 .text._ZL8validateP5FATFSt
                0x00010f7c       0x54 Drivers\ff.o
 .text._Z6f_syncP3FIL
                0x00010fd0      0x1c0 Drivers\ff.o
                0x00010fd0                f_sync(FIL*)
 .text._Z7f_closeP3FIL
                0x00011190       0x2c Drivers\ff.o
                0x00011190                f_close(FIL*)
 .text._ZL17SDHC_set_baudratemm
                0x000111bc      0x14c Drivers\SDHC.o
 .text._Z9SDHC_initP17esdhc_info_structPK17esdhc_init_struct
                0x00011308      0x1c4 Drivers\SDHC.o
                0x00011308                SDHC_init(esdhc_info_struct*, esdhc_init_struct const*)
 .text._ZL15SDHC_is_runningv
                0x000114cc       0x28 Drivers\SDHC.o
 .text._ZL16SDHC_status_waitm
                0x000114f4       0x38 Drivers\SDHC.o
 .text._ZL17SDHC_send_commandP20esdhc_command_struct
                0x0001152c      0x2a0 Drivers\SDHC.o
 .text._Z10SDHC_ioctlmPv
                0x000117cc      0x978 Drivers\SDHC.o
                0x000117cc                SDHC_ioctl(unsigned long, void*)
 .text._ZL14rcvr_datablockPhm
                0x00012144      0x134 Drivers\SDHC.o
 .text._Z9disk_readhPhmh
                0x00012278      0x13c Drivers\SDHC.o
                0x00012278                disk_read(unsigned char, unsigned char*, unsigned long, unsigned char)
 .text._ZL14xmit_datablockPKhm
                0x000123b4       0xe0 Drivers\SDHC.o
 .text._Z10disk_writehPKhmh
                0x00012494      0x1cc Drivers\SDHC.o
                0x00012494                disk_write(unsigned char, unsigned char const*, unsigned long, unsigned char)
 .text._Z10disk_ioctlhhPv
                0x00012660      0x128 Drivers\SDHC.o
                0x00012660                disk_ioctl(unsigned char, unsigned char, void*)
 .text._Z11disk_statush
                0x00012788       0x30 Drivers\SDHC.o
                0x00012788                disk_status(unsigned char)
 .text._Z13time_delay_msm
                0x000127b8       0xa4 Drivers\lptmr.o
                0x000127b8                time_delay_ms(unsigned long)
 .text._Z41__static_initialization_and_destruction_0ii
                0x0001285c       0x30 FEHProteus.o
 .text._GLOBAL__sub_I_Propeller
                0x0001288c       0x14 FEHProteus.o
 .text._ZN12FEHPropellerC2Ev
                0x000128a0       0x20 Drivers\FEHPropeller.o
                0x000128a0                FEHPropeller::FEHPropeller()
                0x000128a0                FEHPropeller::FEHPropeller()
 .text._ZN12FEHPropeller10InitializeEv
                0x000128c0       0x94 Drivers\FEHPropeller.o
                0x000128c0                FEHPropeller::Initialize()
 .text._ZN12FEHPropeller12SetMotorRateEhhh
                0x00012954       0x78 Drivers\FEHPropeller.o
                0x00012954                FEHPropeller::SetMotorRate(unsigned char, unsigned char, unsigned char)
 .text._ZL5Delaymjj
                0x000129cc       0xc4 Libraries\FEHUtility.o
 .text._Z5Sleepi
                0x00012a90       0x34 Libraries\FEHUtility.o
                0x00012a90                Sleep(int)
 *fill*         0x00012ac4        0x4 00
 .text._Z5Sleepd
                0x00012ac8       0x58 Libraries\FEHUtility.o
                0x00012ac8                Sleep(double)
 .text._Z11TimeNowMSecv
                0x00012b20       0x44 Libraries\FEHUtility.o
                0x00012b20                TimeNowMSec()
 .text._ZN15DigitalInputPinC2EN5FEHIO8FEHIOPinE
                0x00012b64       0x24 Libraries\FEHIO.o
                0x00012b64                DigitalInputPin::DigitalInputPin(FEHIO::FEHIOPin)
                0x00012b64                DigitalInputPin::DigitalInputPin(FEHIO::FEHIOPin)
 .text._ZN15DigitalInputPin10InitializeEN5FEHIO8FEHIOPinE
                0x00012b88      0x224 Libraries\FEHIO.o
                0x00012b88                DigitalInputPin::Initialize(FEHIO::FEHIOPin)
 .text._ZN14DigitalEncoderC2EN5FEHIO8FEHIOPinE
                0x00012dac       0x2c Libraries\FEHIO.o
                0x00012dac                DigitalEncoder::DigitalEncoder(FEHIO::FEHIOPin)
                0x00012dac                DigitalEncoder::DigitalEncoder(FEHIO::FEHIOPin)
 .text._Z10enable_irqi
                0x00012dd8      0x1cc Libraries\FEHIO.o
                0x00012dd8                enable_irq(int)
 .text._ZN14DigitalEncoder10InitializeEN5FEHIO8FEHIOPinENS0_21FEHIOInterruptTriggerE
                0x00012fa4      0x224 Libraries\FEHIO.o
                0x00012fa4                DigitalEncoder::Initialize(FEHIO::FEHIOPin, FEHIO::FEHIOInterruptTrigger)
 .text._Z9portB_isrv
                0x000131c8       0xd4 Libraries\FEHIO.o
                0x000131c8                portB_isr()
 .text._Z9portC_isrv
                0x0001329c       0xd8 Libraries\FEHIO.o
                0x0001329c                portC_isr()
 .text._Z9portA_isrv
                0x00013374       0xd8 Libraries\FEHIO.o
                0x00013374                portA_isr()
 .text._Z9portE_isrv
                0x0001344c       0xd0 Libraries\FEHIO.o
                0x0001344c                portE_isr()
 .text._ZN14DigitalEncoder6CountsEv
                0x0001351c       0x28 Libraries\FEHIO.o
                0x0001351c                DigitalEncoder::Counts()
 .text._ZN14DigitalEncoder11ResetCountsEv
                0x00013544       0x28 Libraries\FEHIO.o
                0x00013544                DigitalEncoder::ResetCounts()
 .text._ZN14AnalogInputPinC2EN5FEHIO8FEHIOPinE
                0x0001356c       0x20 Libraries\FEHIO.o
                0x0001356c                AnalogInputPin::AnalogInputPin(FEHIO::FEHIOPin)
                0x0001356c                AnalogInputPin::AnalogInputPin(FEHIO::FEHIOPin)
 *fill*         0x0001358c        0x4 00
 .text._ZN14AnalogInputPin5ValueEv
                0x00013590      0x180 Libraries\FEHIO.o
                0x00013590                AnalogInputPin::Value()
 .text._ZN13AnalogEncoder12EncoderValueEv
                0x00013710       0xe4 Libraries\FEHIO.o
                0x00013710                AnalogEncoder::EncoderValue()
 .text._ZN14AnalogInputPin8InitADCsEv
                0x000137f4      0x120 Libraries\FEHIO.o
                0x000137f4                AnalogInputPin::InitADCs()
 .text._Z8pit0_isrv
                0x00013914       0x34 Libraries\FEHIO.o
                0x00013914                pit0_isr()
 .text._ZN13AnalogEncoder4InitEv
                0x00013948       0x64 Libraries\FEHIO.o
                0x00013948                AnalogEncoder::Init()
 .text._ZN13AnalogEncoder14SetCounterInitEj
                0x000139ac       0x20 Libraries\FEHIO.o
                0x000139ac                AnalogEncoder::SetCounterInit(unsigned int)
 .text._ZN13AnalogEncoder10ProcessIntEv
                0x000139cc       0x80 Libraries\FEHIO.o
                0x000139cc                AnalogEncoder::ProcessInt()
 .text._ZN13AnalogEncoder14ProcessIntSelfEv
                0x00013a4c       0x80 Libraries\FEHIO.o
                0x00013a4c                AnalogEncoder::ProcessIntSelf()
 .text._Z7ADC_CalPV10ADC_MemMap
                0x00013acc      0x14c Drivers\adc16.o
                0x00013acc                ADC_Cal(ADC_MemMap volatile*)
 .text._Z14ADC_Config_AltPV10ADC_MemMapP7adc_cfg
                0x00013c18       0x6c Drivers\adc16.o
                0x00013c18                ADC_Config_Alt(ADC_MemMap volatile*, adc_cfg*)
 .text._ZN9FEHBuzzerC2Ev
                0x00013c84       0x18 Libraries\FEHBuzzer.o
                0x00013c84                FEHBuzzer::FEHBuzzer()
                0x00013c84                FEHBuzzer::FEHBuzzer()
 .text._Z41__static_initialization_and_destruction_0ii
                0x00013c9c       0x30 Libraries\FEHBuzzer.o
 .text._GLOBAL__sub_I_Buzzer
                0x00013ccc       0x14 Libraries\FEHBuzzer.o
 .text._ZN8FEHServoC2ENS_12FEHServoPortE
                0x00013ce0       0x3c Libraries\FEHServo.o
                0x00013ce0                FEHServo::FEHServo(FEHServo::FEHServoPort)
                0x00013ce0                FEHServo::FEHServo(FEHServo::FEHServoPort)
 *fill*         0x00013d1c        0x4 00
 .text._ZN8FEHServo9SetDegreeEf
                0x00013d20      0x148 Libraries\FEHServo.o
                0x00013d20                FEHServo::SetDegree(float)
 .text._ZN6FEHLCD11_InitializeEv
                0x00013e68      0x5dc Libraries\FEHLCD.o
                0x00013e68                FEHLCD::_Initialize()
 .text._ZN6FEHLCDC2Ev
                0x00014444       0x64 Libraries\FEHLCD.o
                0x00014444                FEHLCD::FEHLCD()
                0x00014444                FEHLCD::FEHLCD()
 .text._ZN6FEHLCD10InitializeEv
                0x000144a8       0x38 Libraries\FEHLCD.o
                0x000144a8                FEHLCD::Initialize()
 .text._ZN6FEHLCD10PrintImageEii
                0x000144e0      0x100 Libraries\FEHLCD.o
                0x000144e0                FEHLCD::PrintImage(int, int)
 .text._ZN6FEHLCD9PrintLogoEii
                0x000145e0      0x100 Libraries\FEHLCD.o
                0x000145e0                FEHLCD::PrintLogo(int, int)
 .text._ZN6FEHLCD22ConvertFEHColorTo24BitENS_11FEHLCDColorE
                0x000146e0       0x80 Libraries\FEHLCD.o
                0x000146e0                FEHLCD::ConvertFEHColorTo24Bit(FEHLCD::FEHLCDColor)
 .text._ZN6FEHLCD24Convert24BitColorTo16BitEj
                0x00014760       0x40 Libraries\FEHLCD.o
                0x00014760                FEHLCD::Convert24BitColorTo16Bit(unsigned int)
 .text._ZN6FEHLCD22ConvertRGBColorTo16BitEhhh
                0x000147a0       0x44 Libraries\FEHLCD.o
                0x000147a0                FEHLCD::ConvertRGBColorTo16Bit(unsigned char, unsigned char, unsigned char)
 .text._ZN6FEHLCD5ClearENS_11FEHLCDColorE
                0x000147e4       0x28 Libraries\FEHLCD.o
                0x000147e4                FEHLCD::Clear(FEHLCD::FEHLCDColor)
 .text._ZN6FEHLCD5ClearEj
                0x0001480c       0x2c Libraries\FEHLCD.o
                0x0001480c                FEHLCD::Clear(unsigned int)
 .text._ZN6FEHLCD5ClearEv
                0x00014838       0x18 Libraries\FEHLCD.o
                0x00014838                FEHLCD::Clear()
 .text._ZN6FEHLCD18SetBackgroundColorENS_11FEHLCDColorE
                0x00014850       0x28 Libraries\FEHLCD.o
                0x00014850                FEHLCD::SetBackgroundColor(FEHLCD::FEHLCDColor)
 .text._ZN6FEHLCD18SetBackgroundColorEj
                0x00014878       0x28 Libraries\FEHLCD.o
                0x00014878                FEHLCD::SetBackgroundColor(unsigned int)
 .text._ZN6FEHLCD12SetFontColorENS_11FEHLCDColorE
                0x000148a0       0x28 Libraries\FEHLCD.o
                0x000148a0                FEHLCD::SetFontColor(FEHLCD::FEHLCDColor)
 .text._ZN6FEHLCD12SetFontColorEj
                0x000148c8       0x28 Libraries\FEHLCD.o
                0x000148c8                FEHLCD::SetFontColor(unsigned int)
 .text._ZN6FEHLCD7WriteAtEPKcii
                0x000148f0       0x58 Libraries\FEHLCD.o
                0x000148f0                FEHLCD::WriteAt(char const*, int, int)
 .text._ZN6FEHLCD11TS_SPI_InitEv
                0x00014948       0xa8 Libraries\FEHLCD.o
                0x00014948                FEHLCD::TS_SPI_Init()
 .text._ZN6FEHLCD5TouchEPfS0_
                0x000149f0      0x240 Libraries\FEHLCD.o
                0x000149f0                FEHLCD::Touch(float*, float*)
 .text._ZN6FEHLCD3absEi
                0x00014c30       0x28 Libraries\FEHLCD.o
                0x00014c30                FEHLCD::abs(int)
 .text._ZN6FEHLCD5WriteEPKc
                0x00014c58       0x5c Libraries\FEHLCD.o
                0x00014c58                FEHLCD::Write(char const*)
 .text._ZN6FEHLCD5WriteEf
                0x00014cb4       0xdc Libraries\FEHLCD.o
                0x00014cb4                FEHLCD::Write(float)
 .text._ZN6FEHLCD5WriteEc
                0x00014d90       0x30 Libraries\FEHLCD.o
                0x00014d90                FEHLCD::Write(char)
 .text._ZN6FEHLCD9WriteLineEPKc
                0x00014dc0       0x28 Libraries\FEHLCD.o
                0x00014dc0                FEHLCD::WriteLine(char const*)
 .text._ZN6FEHLCD9WriteLineEf
                0x00014de8       0x28 Libraries\FEHLCD.o
                0x00014de8                FEHLCD::WriteLine(float)
 .text._ZN6FEHLCD9WriteLineEc
                0x00014e10       0x2c Libraries\FEHLCD.o
                0x00014e10                FEHLCD::WriteLine(char)
 .text._ZN6FEHLCD10WriteIndexEh
                0x00014e3c      0x288 Libraries\FEHLCD.o
                0x00014e3c                FEHLCD::WriteIndex(unsigned char)
 .text._ZN6FEHLCD14WriteParameterEh
                0x000150c4      0x254 Libraries\FEHLCD.o
                0x000150c4                FEHLCD::WriteParameter(unsigned char)
 .text._ZN6FEHLCD6_ClearEv
                0x00015318      0x228 Libraries\FEHLCD.o
                0x00015318                FEHLCD::_Clear()
 .text._ZN6FEHLCD8NextLineEv
                0x00015540       0x30 Libraries\FEHLCD.o
                0x00015540                FEHLCD::NextLine()
 .text._ZN6FEHLCD9CheckLineEv
                0x00015570       0x2c Libraries\FEHLCD.o
                0x00015570                FEHLCD::CheckLine()
 .text._ZN6FEHLCD8NextCharEv
                0x0001559c       0x34 Libraries\FEHLCD.o
                0x0001559c                FEHLCD::NextChar()
 .text._ZN6FEHLCD9DrawPixelEii
                0x000155d0       0x30 Libraries\FEHLCD.o
                0x000155d0                FEHLCD::DrawPixel(int, int)
 .text._Z4SwapRiS_
                0x00015600       0x28 Libraries\FEHLCD.o
                0x00015600                Swap(int&, int&)
 .text._ZN6FEHLCD13DrawRectangleEiiii
                0x00015628       0x80 Libraries\FEHLCD.o
                0x00015628                FEHLCD::DrawRectangle(int, int, int, int)
 .text._ZN6FEHLCD13SetDrawRegionEiiii
                0x000156a8      0x10c Libraries\FEHLCD.o
                0x000156a8                FEHLCD::SetDrawRegion(int, int, int, int)
 .text._ZN6FEHLCD8DrawLineEiiii
                0x000157b4      0x17c Libraries\FEHLCD.o
                0x000157b4                FEHLCD::DrawLine(int, int, int, int)
 .text._ZN6FEHLCD9WriteCharEiic
                0x00015930       0x40 Libraries\FEHLCD.o
                0x00015930                FEHLCD::WriteChar(int, int, char)
 .text._ZN6FEHLCD11WriteCharAtEiic
                0x00015970      0x278 Libraries\FEHLCD.o
                0x00015970                FEHLCD::WriteCharAt(int, int, char)
 .text._ZN6FEHLCD11RepeatColorEv
                0x00015be8       0xbc Libraries\FEHLCD.o
                0x00015be8                FEHLCD::RepeatColor()
 .text._ZN6FEHLCD10_ForePixelEv
                0x00015ca4      0x160 Libraries\FEHLCD.o
                0x00015ca4                FEHLCD::_ForePixel()
 .text._ZN6FEHLCD10_BackPixelEv
                0x00015e04      0x160 Libraries\FEHLCD.o
                0x00015e04                FEHLCD::_BackPixel()
 .text._ZN6FEHLCD22SetRegisterColorValuesEv
                0x00015f64      0x4c0 Libraries\FEHLCD.o
                0x00015f64                FEHLCD::SetRegisterColorValues()
 .text._ZN7FEHIcon4IconC2Ev
                0x00016424       0x18 Libraries\FEHLCD.o
                0x00016424                FEHIcon::Icon::Icon()
                0x00016424                FEHIcon::Icon::Icon()
 .text._ZN7FEHIcon4Icon13SetPropertiesEPciiiijj
                0x0001643c       0x70 Libraries\FEHLCD.o
                0x0001643c                FEHIcon::Icon::SetProperties(char*, int, int, int, int, unsigned int, unsigned int)
 .text._ZN7FEHIcon4Icon4DrawEv
                0x000164ac       0xb0 Libraries\FEHLCD.o
                0x000164ac                FEHIcon::Icon::Draw()
 .text._ZN7FEHIcon4Icon6SelectEv
                0x0001655c       0xb8 Libraries\FEHLCD.o
                0x0001655c                FEHIcon::Icon::Select()
 .text._ZN7FEHIcon4Icon8DeselectEv
                0x00016614       0xb4 Libraries\FEHLCD.o
                0x00016614                FEHIcon::Icon::Deselect()
 .text._ZN7FEHIcon4Icon7PressedEffi
                0x000166c8      0x1dc Libraries\FEHLCD.o
                0x000166c8                FEHIcon::Icon::Pressed(float, float, int)
 .text._ZN7FEHIcon4Icon12WhilePressedEff
                0x000168a4       0x5c Libraries\FEHLCD.o
                0x000168a4                FEHIcon::Icon::WhilePressed(float, float)
 .text._ZN7FEHIcon13DrawIconArrayEPNS_4IconEiiiiiiPA20_cjj
                0x00016900      0x194 Libraries\FEHLCD.o
                0x00016900                FEHIcon::DrawIconArray(FEHIcon::Icon*, int, int, int, int, int, int, char (*) [20], unsigned int, unsigned int)
 .text._Z41__static_initialization_and_destruction_0ii
                0x00016a94       0x30 Libraries\FEHLCD.o
 .text._GLOBAL__sub_I_image
                0x00016ac4       0x14 Libraries\FEHLCD.o
 .text._ZN8FEHAccelC2Ev
                0x00016ad8       0x8c Libraries\FEHAccel.o
                0x00016ad8                FEHAccel::FEHAccel()
                0x00016ad8                FEHAccel::FEHAccel()
 .text._Z41__static_initialization_and_destruction_0ii
                0x00016b64       0x30 Libraries\FEHAccel.o
 .text._GLOBAL__sub_I_Accel
                0x00016b94       0x14 Libraries\FEHAccel.o
 .text._ZN10FEHBatteryC2EN5FEHIO8FEHIOPinE
                0x00016ba8       0x24 Libraries\FEHBattery.o
                0x00016ba8                FEHBattery::FEHBattery(FEHIO::FEHIOPin)
                0x00016ba8                FEHBattery::FEHBattery(FEHIO::FEHIOPin)
 .text._Z41__static_initialization_and_destruction_0ii
                0x00016bcc       0x34 Libraries\FEHBattery.o
 .text._GLOBAL__sub_I_Battery
                0x00016c00       0x14 Libraries\FEHBattery.o
 .text._ZN7FEHXBeeC2Ev
                0x00016c14       0x20 Drivers\FEHXBee.o
                0x00016c14                FEHXBee::FEHXBee()
                0x00016c14                FEHXBee::FEHXBee()
 .text._ZN7FEHXBee10InitializeEv
                0x00016c34      0x148 Drivers\FEHXBee.o
                0x00016c34                FEHXBee::Initialize()
 .text._ZN7FEHXBee13IsInitializedEv
                0x00016d7c       0x18 Drivers\FEHXBee.o
                0x00016d7c                FEHXBee::IsInitialized()
 .text._ZN7FEHXBee17ReceiveDataSearchEPcjh
                0x00016d94       0xb4 Drivers\FEHXBee.o
                0x00016d94                FEHXBee::ReceiveDataSearch(char*, unsigned int, unsigned char)
 .text._ZN7FEHXBee8SendDataEPcj
                0x00016e48       0x50 Drivers\FEHXBee.o
                0x00016e48                FEHXBee::SendData(char*, unsigned int)
 .text._ZN7FEHXBee17SetPacketCallBackEPFvPhhE
                0x00016e98       0x20 Drivers\FEHXBee.o
                0x00016e98                FEHXBee::SetPacketCallBack(void (*)(unsigned char*, unsigned char))
 .text._Z9UART0_ISRv
                0x00016eb8      0x174 Drivers\FEHXBee.o
                0x00016eb8                UART0_ISR()
 .text._ZN6FEHRPSC2Ev
                0x0001702c       0x88 Libraries\FEHRPS.o
                0x0001702c                FEHRPS::FEHRPS()
                0x0001702c                FEHRPS::FEHRPS()
 .text._ZN6FEHRPS10InitializeEi
                0x000170b4      0x8b4 Libraries\FEHRPS.o
                0x000170b4                FEHRPS::Initialize(int)
 .text._ZN6FEHRPS10InitializeEc
                0x00017968       0x4c Libraries\FEHRPS.o
                0x00017968                FEHRPS::Initialize(char)
 .text._ZN6FEHRPS19InitializeTouchMenuEv
                0x000179b4      0x908 Libraries\FEHRPS.o
                0x000179b4                FEHRPS::InitializeTouchMenu()
 .text._ZN6FEHRPS19CurrentRegionLetterEv
                0x000182bc       0x20 Libraries\FEHRPS.o
                0x000182bc                FEHRPS::CurrentRegionLetter()
 .text._ZN6FEHRPS13WaitForPacketEv
                0x000182dc       0x78 Libraries\FEHRPS.o
                0x000182dc                FEHRPS::WaitForPacket()
 .text._ZN6FEHRPS1XEv
                0x00018354       0x20 Libraries\FEHRPS.o
                0x00018354                FEHRPS::X()
 .text._ZN6FEHRPS1YEv
                0x00018374       0x20 Libraries\FEHRPS.o
                0x00018374                FEHRPS::Y()
 .text._ZN6FEHRPS7HeadingEv
                0x00018394       0x20 Libraries\FEHRPS.o
                0x00018394                FEHRPS::Heading()
 .text._Z14RPSDataProcessPhh
                0x000183b4      0x18c Libraries\FEHRPS.o
                0x000183b4                RPSDataProcess(unsigned char*, unsigned char)
 .text._Z41__static_initialization_and_destruction_0ii
                0x00018540       0x30 Libraries\FEHRPS.o
 .text._GLOBAL__sub_I_RPS
                0x00018570       0x14 Libraries\FEHRPS.o
 .text._ZN5FEHSDC2Ev
                0x00018584       0x24 Libraries\FEHSD.o
                0x00018584                FEHSD::FEHSD()
                0x00018584                FEHSD::FEHSD()
 .text._ZN5FEHSD8CloseLogEv
                0x000185a8       0x38 Libraries\FEHSD.o
                0x000185a8                FEHSD::CloseLog()
 .text._Z41__static_initialization_and_destruction_0ii
                0x000185e0       0x30 Libraries\FEHSD.o
 .text._GLOBAL__sub_I_SD
                0x00018610       0x14 Libraries\FEHSD.o
 .text.cosf     0x00018624       0x98 C:\fehqt\Proteus/EWL/lib/armv7e-m\libm.a(s_cosf.o)
                0x00018624                cosf
 .text.sinf     0x000186bc       0x88 C:\fehqt\Proteus/EWL/lib/armv7e-m\libm.a(s_sinf.o)
                0x000186bc                sinf
 .text.__ieee754_rem_pio2f
                0x00018744      0x2ac C:\fehqt\Proteus/EWL/lib/armv7e-m\libm.a(e_rem_pio2f.o)
                0x00018744                __ieee754_rem_pio2f
 .text.__kernel_cosf
                0x000189f0      0x138 C:\fehqt\Proteus/EWL/lib/armv7e-m\libm.a(k_cosf.o)
                0x000189f0                __kernel_cosf
 .text.__kernel_rem_pio2f
                0x00018b28      0x5e8 C:\fehqt\Proteus/EWL/lib/armv7e-m\libm.a(k_rem_pio2f.o)
                0x00018b28                __kernel_rem_pio2f
 .text.__kernel_sinf
                0x00019110       0xf4 C:\fehqt\Proteus/EWL/lib/armv7e-m\libm.a(k_sinf.o)
                0x00019110                __kernel_sinf
 .text.floorf   0x00019204       0x84 C:\fehqt\Proteus/EWL/lib/armv7e-m\libm.a(s_floorf.o)
                0x00019204                floorf
 .text.scalbnf  0x00019288       0xac C:\fehqt\Proteus/EWL/lib/armv7e-m\libm.a(s_scalbnf.o)
                0x00019288                scalbnf
 .text.sprintf  0x00019334       0x1c C:\fehqt\Proteus/EWL/lib/armv7e-m\libc.a(sprintf.o)
                0x00019334                sprintf
 .text.__StringWrite
                0x00019350       0x28 C:\fehqt\Proteus/EWL/lib/armv7e-m\libc.a(vsnprintf.o)
                0x00019350                __StringWrite
 .text.vsnprintf
                0x00019378       0x34 C:\fehqt\Proteus/EWL/lib/armv7e-m\libc.a(vsnprintf.o)
                0x00019378                vsnprintf
 .text.exit     0x000193ac       0x38 C:\fehqt\Proteus/EWL/lib/armv7e-m\libc.a(exit.o)
                0x000193ac                exit
 .text.memcpy   0x000193e4       0x12 C:\fehqt\Proteus/EWL/lib/armv7e-m\libc.a(memcpy.o)
                0x000193e4                memcpy
 .text.memset   0x000193f6        0xc C:\fehqt\Proteus/EWL/lib/armv7e-m\libc.a(memset.o)
                0x000193f6                memset
 .text.strcmp   0x00019402       0x18 C:\fehqt\Proteus/EWL/lib/armv7e-m\libc.a(strcmp.o)
                0x00019402                strcmp
 .text.strcpy   0x0001941a       0x18 C:\fehqt\Proteus/EWL/lib/armv7e-m\libc.a(strcpy.o)
                0x0001941a                strcpy
 .text.strlen   0x00019432       0x10 C:\fehqt\Proteus/EWL/lib/armv7e-m\libc.a(strlen.o)
                0x00019432                strlen
 .text.long2str.isra.0
                0x00019442      0x196 C:\fehqt\Proteus/EWL/lib/armv7e-m\libc.a(printformat_.o)
 .text.__pformatter_
                0x000195d8      0x3f8 C:\fehqt\Proteus/EWL/lib/armv7e-m\libc.a(printformat_.o)
                0x000195d8                __pformatter_
 .text.__sformatter
                0x000199d0      0x74e C:\fehqt\Proteus/EWL/lib/armv7e-m\libc.a(scanformat_.o)
                0x000199d0                __sformatter
 *fill*         0x0001a11e        0x2 00
 .text.isalpha  0x0001a120       0x1c C:\fehqt\Proteus/EWL/lib/armv7e-m\libc.a(ctype_aeabi.o)
                0x0001a120                isalpha
 .text.isspace  0x0001a13c       0x1c C:\fehqt\Proteus/EWL/lib/armv7e-m\libc.a(ctype_aeabi.o)
                0x0001a13c                isspace
 .text.toupper  0x0001a158        0xc C:\fehqt\Proteus/EWL/lib/armv7e-m\libc.a(ctype_aeabi.o)
                0x0001a158                toupper
 .text.__strtoul
                0x0001a164      0x1dc C:\fehqt\Proteus/EWL/lib/armv7e-m\libc.a(__strtoul.o)
                0x0001a164                __strtoul
 .text.__fill_mem
                0x0001a340       0x76 C:\fehqt\Proteus/EWL/lib/armv7e-m\libc.a(__filll_mem.o)
                0x0001a340                __fill_mem
 .text.memchr   0x0001a3b6       0x1a C:\fehqt\Proteus/EWL/lib/armv7e-m\libc.a(memchr.o)
                0x0001a3b6                memchr
 .text.strchr   0x0001a3d0       0x1c C:\fehqt\Proteus/EWL/lib/armv7e-m\libc.a(strchr.o)
                0x0001a3d0                strchr
 .text.__init_cpp
                0x0001a3ec       0x4c C:\fehqt\Proteus/EWL/lib/armv7e-m\librt.a(gcc_ctor_dtor.o)
                0x0001a3ec                __init_cpp
 .text.__fini_cpp
                0x0001a438       0x34 C:\fehqt\Proteus/EWL/lib/armv7e-m\librt.a(gcc_ctor_dtor.o)
                0x0001a438                __fini_cpp
 .text.__copy_rom_section
                0x0001a46c       0x44 C:\fehqt\Proteus/EWL/lib/armv7e-m\librt.a(ROMCopy.o)
                0x0001a46c                __copy_rom_section
 .text.__copy_rom_sections_to_ram
                0x0001a4b0       0x34 C:\fehqt\Proteus/EWL/lib/armv7e-m\librt.a(ROMCopy.o)
                0x0001a4b0                __copy_rom_sections_to_ram
 .text.__destroy_global_chain
                0x0001a4e4       0x1c C:\fehqt\Proteus/EWL/lib/armv7e-m\librt.a(__arm_eabi_init.o)
                0x0001a4e4                __destroy_global_chain
 .text.__init_registers
                0x0001a500       0x20 C:\fehqt\Proteus/EWL/lib/armv7e-m\librt.a(__arm_eabi_init.o)
                0x0001a500                __init_registers
 .text.__init_user
                0x0001a520        0x4 C:\fehqt\Proteus/EWL/lib/armv7e-m\librt.a(__arm_eabi_init.o)
                0x0001a520                __init_user
 .text._ZNSt9bad_allocD2Ev
                0x0001a524        0xc C:\fehqt\Proteus/EWL/lib/armv7e-m\librt.a(New.o)
                0x0001a524                std::bad_alloc::~bad_alloc()
                0x0001a524                std::bad_alloc::~bad_alloc()
 .text._ZNKSt9bad_alloc4whatEv
                0x0001a530        0x8 C:\fehqt\Proteus/EWL/lib/armv7e-m\librt.a(New.o)
                0x0001a530                std::bad_alloc::what() const
 .text._Znwj    0x0001a538       0x4c C:\fehqt\Proteus/EWL/lib/armv7e-m\librt.a(New.o)
                0x0001a538                operator new(unsigned int)
 .text._ZdlPv   0x0001a584        0x8 C:\fehqt\Proteus/EWL/lib/armv7e-m\librt.a(New.o)
                0x0001a584                operator delete(void*)
 .text._ZNSt9bad_allocD0Ev
                0x0001a58c       0x14 C:\fehqt\Proteus/EWL/lib/armv7e-m\librt.a(New.o)
                0x0001a58c                std::bad_alloc::~bad_alloc()
 .text._ZNK10__cxxabiv117__class_type_info11__do_upcastEPKS0_PPv
                0x0001a5a0       0x38 c:/fehqt/proteus/gcc/bin/../lib/gcc/arm-none-eabi/4.6.2/../../../../arm-none-eabi/lib/armv7e-m\libsupc++.a(class_type_info.o)
                0x0001a5a0                __cxxabiv1::__class_type_info::__do_upcast(__cxxabiv1::__class_type_info const*, void**) const
 .text._ZNK10__cxxabiv117__class_type_info20__do_find_public_srcEiPKvPKS0_S2_
                0x0001a5d8        0xc c:/fehqt/proteus/gcc/bin/../lib/gcc/arm-none-eabi/4.6.2/../../../../arm-none-eabi/lib/armv7e-m\libsupc++.a(class_type_info.o)
                0x0001a5d8                __cxxabiv1::__class_type_info::__do_find_public_src(int, void const*, __cxxabiv1::__class_type_info const*, void const*) const
 .text._ZNK10__cxxabiv117__class_type_info11__do_upcastEPKS0_PKvRNS0_15__upcast_resultE
                0x0001a5e4       0x1c c:/fehqt/proteus/gcc/bin/../lib/gcc/arm-none-eabi/4.6.2/../../../../arm-none-eabi/lib/armv7e-m\libsupc++.a(class_type_info.o)
                0x0001a5e4                __cxxabiv1::__class_type_info::__do_upcast(__cxxabiv1::__class_type_info const*, void const*, __cxxabiv1::__class_type_info::__upcast_result&) const
 .text._ZN10__cxxabiv117__class_type_infoD2Ev
                0x0001a600       0x14 c:/fehqt/proteus/gcc/bin/../lib/gcc/arm-none-eabi/4.6.2/../../../../arm-none-eabi/lib/armv7e-m\libsupc++.a(class_type_info.o)
                0x0001a600                __cxxabiv1::__class_type_info::~__class_type_info()
                0x0001a600                __cxxabiv1::__class_type_info::~__class_type_info()
 .text._ZN10__cxxabiv117__class_type_infoD0Ev
                0x0001a614       0x1c c:/fehqt/proteus/gcc/bin/../lib/gcc/arm-none-eabi/4.6.2/../../../../arm-none-eabi/lib/armv7e-m\libsupc++.a(class_type_info.o)
                0x0001a614                __cxxabiv1::__class_type_info::~__class_type_info()
 .text._ZNK10__cxxabiv117__class_type_info12__do_dyncastEiNS0_10__sub_kindEPKS0_PKvS3_S5_RNS0_16__dyncast_resultE
                0x0001a630       0x3c c:/fehqt/proteus/gcc/bin/../lib/gcc/arm-none-eabi/4.6.2/../../../../arm-none-eabi/lib/armv7e-m\libsupc++.a(class_type_info.o)
                0x0001a630                __cxxabiv1::__class_type_info::__do_dyncast(int, __cxxabiv1::__class_type_info::__sub_kind, __cxxabiv1::__class_type_info const*, void const*, __cxxabiv1::__class_type_info const*, void const*, __cxxabiv1::__class_type_info::__dyncast_result&) const
 .text._ZNK10__cxxabiv117__class_type_info10__do_catchEPKSt9type_infoPPvj
                0x0001a66c       0x28 c:/fehqt/proteus/gcc/bin/../lib/gcc/arm-none-eabi/4.6.2/../../../../arm-none-eabi/lib/armv7e-m\libsupc++.a(class_type_info.o)
                0x0001a66c                __cxxabiv1::__class_type_info::__do_catch(std::type_info const*, void**, unsigned int) const
 .text.__cxa_allocate_exception
                0x0001a694       0x70 c:/fehqt/proteus/gcc/bin/../lib/gcc/arm-none-eabi/4.6.2/../../../../arm-none-eabi/lib/armv7e-m\libsupc++.a(eh_alloc.o)
                0x0001a694                __cxa_allocate_exception
 .text.__cxa_free_exception
                0x0001a704       0x34 c:/fehqt/proteus/gcc/bin/../lib/gcc/arm-none-eabi/4.6.2/../../../../arm-none-eabi/lib/armv7e-m\libsupc++.a(eh_alloc.o)
                0x0001a704                __cxa_free_exception
 .text.__cxa_end_cleanup
                0x0001a738        0xc c:/fehqt/proteus/gcc/bin/../lib/gcc/arm-none-eabi/4.6.2/../../../../arm-none-eabi/lib/armv7e-m\libsupc++.a(eh_arm.o)
                0x0001a738                __cxa_end_cleanup
 .text.__cxa_type_match
                0x0001a744       0xec c:/fehqt/proteus/gcc/bin/../lib/gcc/arm-none-eabi/4.6.2/../../../../arm-none-eabi/lib/armv7e-m\libsupc++.a(eh_arm.o)
                0x0001a744                __cxa_type_match
 .text.__cxa_begin_cleanup
                0x0001a830       0x78 c:/fehqt/proteus/gcc/bin/../lib/gcc/arm-none-eabi/4.6.2/../../../../arm-none-eabi/lib/armv7e-m\libsupc++.a(eh_arm.o)
                0x0001a830                __cxa_begin_cleanup
 .text.__gnu_end_cleanup
                0x0001a8a8       0x7c c:/fehqt/proteus/gcc/bin/../lib/gcc/arm-none-eabi/4.6.2/../../../../arm-none-eabi/lib/armv7e-m\libsupc++.a(eh_arm.o)
                0x0001a8a8                __gnu_end_cleanup
 .text.__cxa_bad_typeid
                0x0001a924       0x24 c:/fehqt/proteus/gcc/bin/../lib/gcc/arm-none-eabi/4.6.2/../../../../arm-none-eabi/lib/armv7e-m\libsupc++.a(eh_aux_runtime.o)
                0x0001a924                __cxa_bad_typeid
 .text.__cxa_call_terminate
                0x0001a948       0x50 c:/fehqt/proteus/gcc/bin/../lib/gcc/arm-none-eabi/4.6.2/../../../../arm-none-eabi/lib/armv7e-m\libsupc++.a(eh_call.o)
                0x0001a948                __cxa_call_terminate
 .text.__cxa_call_unexpected
                0x0001a998      0x120 c:/fehqt/proteus/gcc/bin/../lib/gcc/arm-none-eabi/4.6.2/../../../../arm-none-eabi/lib/armv7e-m\libsupc++.a(eh_call.o)
                0x0001a998                __cxa_call_unexpected
 .text.__cxa_begin_catch
                0x0001aab8       0x98 c:/fehqt/proteus/gcc/bin/../lib/gcc/arm-none-eabi/4.6.2/../../../../arm-none-eabi/lib/armv7e-m\libsupc++.a(eh_catch.o)
                0x0001aab8                __cxa_begin_catch
 .text.__cxa_end_catch
                0x0001ab50       0x98 c:/fehqt/proteus/gcc/bin/../lib/gcc/arm-none-eabi/4.6.2/../../../../arm-none-eabi/lib/armv7e-m\libsupc++.a(eh_catch.o)
                0x0001ab50                __cxa_end_catch
 .text._ZNSt9exceptionD2Ev
                0x0001abe8        0xc c:/fehqt/proteus/gcc/bin/../lib/gcc/arm-none-eabi/4.6.2/../../../../arm-none-eabi/lib/armv7e-m\libsupc++.a(eh_exception.o)
                0x0001abe8                std::exception::~exception()
                0x0001abe8                std::exception::~exception()
 .text._ZNSt13bad_exceptionD2Ev
                0x0001abf4        0xc c:/fehqt/proteus/gcc/bin/../lib/gcc/arm-none-eabi/4.6.2/../../../../arm-none-eabi/lib/armv7e-m\libsupc++.a(eh_exception.o)
                0x0001abf4                std::bad_exception::~bad_exception()
                0x0001abf4                std::bad_exception::~bad_exception()
 .text._ZNKSt9exception4whatEv
                0x0001ac00        0xc c:/fehqt/proteus/gcc/bin/../lib/gcc/arm-none-eabi/4.6.2/../../../../arm-none-eabi/lib/armv7e-m\libsupc++.a(eh_exception.o)
                0x0001ac00                std::exception::what() const
 .text._ZNKSt13bad_exception4whatEv
                0x0001ac0c        0xc c:/fehqt/proteus/gcc/bin/../lib/gcc/arm-none-eabi/4.6.2/../../../../arm-none-eabi/lib/armv7e-m\libsupc++.a(eh_exception.o)
                0x0001ac0c                std::bad_exception::what() const
 .text._ZNSt13bad_exceptionD0Ev
                0x0001ac18       0x14 c:/fehqt/proteus/gcc/bin/../lib/gcc/arm-none-eabi/4.6.2/../../../../arm-none-eabi/lib/armv7e-m\libsupc++.a(eh_exception.o)
                0x0001ac18                std::bad_exception::~bad_exception()
 .text._ZNSt9exceptionD0Ev
                0x0001ac2c       0x14 c:/fehqt/proteus/gcc/bin/../lib/gcc/arm-none-eabi/4.6.2/../../../../arm-none-eabi/lib/armv7e-m\libsupc++.a(eh_exception.o)
                0x0001ac2c                std::exception::~exception()
 .text.__cxa_get_globals_fast
                0x0001ac40        0xc c:/fehqt/proteus/gcc/bin/../lib/gcc/arm-none-eabi/4.6.2/../../../../arm-none-eabi/lib/armv7e-m\libsupc++.a(eh_globals.o)
                0x0001ac40                __cxa_get_globals_fast
 .text.__cxa_get_globals
                0x0001ac4c        0xc c:/fehqt/proteus/gcc/bin/../lib/gcc/arm-none-eabi/4.6.2/../../../../arm-none-eabi/lib/armv7e-m\libsupc++.a(eh_globals.o)
                0x0001ac4c                __cxa_get_globals
 .text._ZL12read_sleb128PKhPl
                0x0001ac58       0x3c c:/fehqt/proteus/gcc/bin/../lib/gcc/arm-none-eabi/4.6.2/../../../../arm-none-eabi/lib/armv7e-m\libsupc++.a(eh_personality.o)
 .text._ZL28read_encoded_value_with_basehjPKhPj
                0x0001ac94       0xa4 c:/fehqt/proteus/gcc/bin/../lib/gcc/arm-none-eabi/4.6.2/../../../../arm-none-eabi/lib/armv7e-m\libsupc++.a(eh_personality.o)
 .text._ZL21base_of_encoded_valuehP15_Unwind_Context
                0x0001ad38       0x4c c:/fehqt/proteus/gcc/bin/../lib/gcc/arm-none-eabi/4.6.2/../../../../arm-none-eabi/lib/armv7e-m\libsupc++.a(eh_personality.o)
 .text._ZL17parse_lsda_headerP15_Unwind_ContextPKhP16lsda_header_info.constprop.1
                0x0001ad84       0x90 c:/fehqt/proteus/gcc/bin/../lib/gcc/arm-none-eabi/4.6.2/../../../../arm-none-eabi/lib/armv7e-m\libsupc++.a(eh_personality.o)
 .text.__gxx_personality_v0
                0x0001ae14      0x3bc c:/fehqt/proteus/gcc/bin/../lib/gcc/arm-none-eabi/4.6.2/../../../../arm-none-eabi/lib/armv7e-m\libsupc++.a(eh_personality.o)
                0x0001ae14                __gxx_personality_v0
 .text._ZN10__cxxabiv111__terminateEPFvvE
                0x0001b1d0       0x28 c:/fehqt/proteus/gcc/bin/../lib/gcc/arm-none-eabi/4.6.2/../../../../arm-none-eabi/lib/armv7e-m\libsupc++.a(eh_terminate.o)
                0x0001b1d0                __cxxabiv1::__terminate(void (*)())
 .text._ZSt9terminatev
                0x0001b1f8       0x10 c:/fehqt/proteus/gcc/bin/../lib/gcc/arm-none-eabi/4.6.2/../../../../arm-none-eabi/lib/armv7e-m\libsupc++.a(eh_terminate.o)
                0x0001b1f8                std::terminate()
 .text._ZN10__cxxabiv112__unexpectedEPFvvE
                0x0001b208        0x8 c:/fehqt/proteus/gcc/bin/../lib/gcc/arm-none-eabi/4.6.2/../../../../arm-none-eabi/lib/armv7e-m\libsupc++.a(eh_terminate.o)
                0x0001b208                __cxxabiv1::__unexpected(void (*)())
 .text._ZSt10unexpectedv
                0x0001b210       0x14 c:/fehqt/proteus/gcc/bin/../lib/gcc/arm-none-eabi/4.6.2/../../../../arm-none-eabi/lib/armv7e-m\libsupc++.a(eh_terminate.o)
                0x0001b210                std::unexpected()
 .text._ZL23__gxx_exception_cleanup19_Unwind_Reason_CodeP21_Unwind_Control_Block
                0x0001b224       0x4c c:/fehqt/proteus/gcc/bin/../lib/gcc/arm-none-eabi/4.6.2/../../../../arm-none-eabi/lib/armv7e-m\libsupc++.a(eh_throw.o)
 .text.__cxa_throw
                0x0001b270       0x80 c:/fehqt/proteus/gcc/bin/../lib/gcc/arm-none-eabi/4.6.2/../../../../arm-none-eabi/lib/armv7e-m\libsupc++.a(eh_throw.o)
                0x0001b270                __cxa_throw
 .text.__cxa_rethrow
                0x0001b2f0       0x78 c:/fehqt/proteus/gcc/bin/../lib/gcc/arm-none-eabi/4.6.2/../../../../arm-none-eabi/lib/armv7e-m\libsupc++.a(eh_throw.o)
                0x0001b2f0                __cxa_rethrow
 .text._ZN10__cxxabiv123__fundamental_type_infoD2Ev
                0x0001b368       0x14 c:/fehqt/proteus/gcc/bin/../lib/gcc/arm-none-eabi/4.6.2/../../../../arm-none-eabi/lib/armv7e-m\libsupc++.a(fundamental_type_info.o)
                0x0001b368                __cxxabiv1::__fundamental_type_info::~__fundamental_type_info()
                0x0001b368                __cxxabiv1::__fundamental_type_info::~__fundamental_type_info()
 .text._ZN10__cxxabiv123__fundamental_type_infoD0Ev
                0x0001b37c       0x1c c:/fehqt/proteus/gcc/bin/../lib/gcc/arm-none-eabi/4.6.2/../../../../arm-none-eabi/lib/armv7e-m\libsupc++.a(fundamental_type_info.o)
                0x0001b37c                __cxxabiv1::__fundamental_type_info::~__fundamental_type_info()
 .text._ZNK10__cxxabiv119__pointer_type_info14__is_pointer_pEv
                0x0001b398        0x4 c:/fehqt/proteus/gcc/bin/../lib/gcc/arm-none-eabi/4.6.2/../../../../arm-none-eabi/lib/armv7e-m\libsupc++.a(pointer_type_info.o)
                0x0001b398                __cxxabiv1::__pointer_type_info::__is_pointer_p() const
 .text._ZN10__cxxabiv119__pointer_type_infoD2Ev
                0x0001b39c       0x14 c:/fehqt/proteus/gcc/bin/../lib/gcc/arm-none-eabi/4.6.2/../../../../arm-none-eabi/lib/armv7e-m\libsupc++.a(pointer_type_info.o)
                0x0001b39c                __cxxabiv1::__pointer_type_info::~__pointer_type_info()
                0x0001b39c                __cxxabiv1::__pointer_type_info::~__pointer_type_info()
 .text._ZN10__cxxabiv119__pointer_type_infoD0Ev
                0x0001b3b0       0x1c c:/fehqt/proteus/gcc/bin/../lib/gcc/arm-none-eabi/4.6.2/../../../../arm-none-eabi/lib/armv7e-m\libsupc++.a(pointer_type_info.o)
                0x0001b3b0                __cxxabiv1::__pointer_type_info::~__pointer_type_info()
 .text._ZNK10__cxxabiv119__pointer_type_info15__pointer_catchEPKNS_17__pbase_type_infoEPPvj
                0x0001b3cc       0x44 c:/fehqt/proteus/gcc/bin/../lib/gcc/arm-none-eabi/4.6.2/../../../../arm-none-eabi/lib/armv7e-m\libsupc++.a(pointer_type_info.o)
                0x0001b3cc                __cxxabiv1::__pointer_type_info::__pointer_catch(__cxxabiv1::__pbase_type_info const*, void**, unsigned int) const
 .text.__cxa_pure_virtual
                0x0001b410        0x8 c:/fehqt/proteus/gcc/bin/../lib/gcc/arm-none-eabi/4.6.2/../../../../arm-none-eabi/lib/armv7e-m\libsupc++.a(pure.o)
                0x0001b410                __cxa_pure_virtual
 .text._ZN10__cxxabiv120__si_class_type_infoD2Ev
                0x0001b418       0x14 c:/fehqt/proteus/gcc/bin/../lib/gcc/arm-none-eabi/4.6.2/../../../../arm-none-eabi/lib/armv7e-m\libsupc++.a(si_class_type_info.o)
                0x0001b418                __cxxabiv1::__si_class_type_info::~__si_class_type_info()
                0x0001b418                __cxxabiv1::__si_class_type_info::~__si_class_type_info()
 .text._ZN10__cxxabiv120__si_class_type_infoD0Ev
                0x0001b42c       0x1c c:/fehqt/proteus/gcc/bin/../lib/gcc/arm-none-eabi/4.6.2/../../../../arm-none-eabi/lib/armv7e-m\libsupc++.a(si_class_type_info.o)
                0x0001b42c                __cxxabiv1::__si_class_type_info::~__si_class_type_info()
 .text._ZNK10__cxxabiv120__si_class_type_info11__do_upcastEPKNS_17__class_type_infoEPKvRNS1_15__upcast_resultE
                0x0001b448       0x24 c:/fehqt/proteus/gcc/bin/../lib/gcc/arm-none-eabi/4.6.2/../../../../arm-none-eabi/lib/armv7e-m\libsupc++.a(si_class_type_info.o)
                0x0001b448                __cxxabiv1::__si_class_type_info::__do_upcast(__cxxabiv1::__class_type_info const*, void const*, __cxxabiv1::__class_type_info::__upcast_result&) const
 .text._ZNK10__cxxabiv120__si_class_type_info12__do_dyncastEiNS_17__class_type_info10__sub_kindEPKS1_PKvS4_S6_RNS1_16__dyncast_resultE
                0x0001b46c       0x94 c:/fehqt/proteus/gcc/bin/../lib/gcc/arm-none-eabi/4.6.2/../../../../arm-none-eabi/lib/armv7e-m\libsupc++.a(si_class_type_info.o)
                0x0001b46c                __cxxabiv1::__si_class_type_info::__do_dyncast(int, __cxxabiv1::__class_type_info::__sub_kind, __cxxabiv1::__class_type_info const*, void const*, __cxxabiv1::__class_type_info const*, void const*, __cxxabiv1::__class_type_info::__dyncast_result&) const
 .text._ZNK10__cxxabiv120__si_class_type_info20__do_find_public_srcEiPKvPKNS_17__class_type_infoES2_
                0x0001b500       0x34 c:/fehqt/proteus/gcc/bin/../lib/gcc/arm-none-eabi/4.6.2/../../../../arm-none-eabi/lib/armv7e-m\libsupc++.a(si_class_type_info.o)
                0x0001b500                __cxxabiv1::__si_class_type_info::__do_find_public_src(int, void const*, __cxxabiv1::__class_type_info const*, void const*) const
 .text._ZNSt9type_infoD2Ev
                0x0001b534        0xc c:/fehqt/proteus/gcc/bin/../lib/gcc/arm-none-eabi/4.6.2/../../../../arm-none-eabi/lib/armv7e-m\libsupc++.a(tinfo.o)
                0x0001b534                std::type_info::~type_info()
                0x0001b534                std::type_info::~type_info()
 .text._ZNKSt9type_info14__is_pointer_pEv
                0x0001b540        0x4 c:/fehqt/proteus/gcc/bin/../lib/gcc/arm-none-eabi/4.6.2/../../../../arm-none-eabi/lib/armv7e-m\libsupc++.a(tinfo.o)
                0x0001b540                std::type_info::__is_pointer_p() const
 .text._ZNKSt9type_info15__is_function_pEv
                0x0001b544        0x4 c:/fehqt/proteus/gcc/bin/../lib/gcc/arm-none-eabi/4.6.2/../../../../arm-none-eabi/lib/armv7e-m\libsupc++.a(tinfo.o)
                0x0001b544                std::type_info::__is_function_p() const
 .text._ZNKSt9type_info11__do_upcastEPKN10__cxxabiv117__class_type_infoEPPv
                0x0001b548        0x4 c:/fehqt/proteus/gcc/bin/../lib/gcc/arm-none-eabi/4.6.2/../../../../arm-none-eabi/lib/armv7e-m\libsupc++.a(tinfo.o)
                0x0001b548                std::type_info::__do_upcast(__cxxabiv1::__class_type_info const*, void**) const
 .text._ZNSt9type_infoD0Ev
                0x0001b54c       0x14 c:/fehqt/proteus/gcc/bin/../lib/gcc/arm-none-eabi/4.6.2/../../../../arm-none-eabi/lib/armv7e-m\libsupc++.a(tinfo.o)
                0x0001b54c                std::type_info::~type_info()
 .text._ZNKSt9type_infoeqERKS_
                0x0001b560       0x30 c:/fehqt/proteus/gcc/bin/../lib/gcc/arm-none-eabi/4.6.2/../../../../arm-none-eabi/lib/armv7e-m\libsupc++.a(tinfo.o)
                0x0001b560                std::type_info::operator==(std::type_info const&) const
 .text._ZNKSt9type_info10__do_catchEPKS_PPvj
                0x0001b590        0x4 c:/fehqt/proteus/gcc/bin/../lib/gcc/arm-none-eabi/4.6.2/../../../../arm-none-eabi/lib/armv7e-m\libsupc++.a(tinfo.o)
                0x0001b590                std::type_info::__do_catch(std::type_info const*, void**, unsigned int) const
 .text._ZNKSt10bad_typeid4whatEv
                0x0001b594        0xc c:/fehqt/proteus/gcc/bin/../lib/gcc/arm-none-eabi/4.6.2/../../../../arm-none-eabi/lib/armv7e-m\libsupc++.a(bad_typeid.o)
                0x0001b594                std::bad_typeid::what() const
 .text._ZNSt10bad_typeidD2Ev
                0x0001b5a0       0x14 c:/fehqt/proteus/gcc/bin/../lib/gcc/arm-none-eabi/4.6.2/../../../../arm-none-eabi/lib/armv7e-m\libsupc++.a(bad_typeid.o)
                0x0001b5a0                std::bad_typeid::~bad_typeid()
                0x0001b5a0                std::bad_typeid::~bad_typeid()
 .text._ZNSt10bad_typeidD0Ev
                0x0001b5b4       0x1c c:/fehqt/proteus/gcc/bin/../lib/gcc/arm-none-eabi/4.6.2/../../../../arm-none-eabi/lib/armv7e-m\libsupc++.a(bad_typeid.o)
                0x0001b5b4                std::bad_typeid::~bad_typeid()
 .text._ZNK10__cxxabiv117__pbase_type_info15__pointer_catchEPKS0_PPvj
                0x0001b5d0       0x10 c:/fehqt/proteus/gcc/bin/../lib/gcc/arm-none-eabi/4.6.2/../../../../arm-none-eabi/lib/armv7e-m\libsupc++.a(pbase_type_info.o)
                0x0001b5d0                __cxxabiv1::__pbase_type_info::__pointer_catch(__cxxabiv1::__pbase_type_info const*, void**, unsigned int) const
 .text._ZN10__cxxabiv117__pbase_type_infoD2Ev
                0x0001b5e0       0x14 c:/fehqt/proteus/gcc/bin/../lib/gcc/arm-none-eabi/4.6.2/../../../../arm-none-eabi/lib/armv7e-m\libsupc++.a(pbase_type_info.o)
                0x0001b5e0                __cxxabiv1::__pbase_type_info::~__pbase_type_info()
                0x0001b5e0                __cxxabiv1::__pbase_type_info::~__pbase_type_info()
 .text._ZN10__cxxabiv117__pbase_type_infoD0Ev
                0x0001b5f4       0x1c c:/fehqt/proteus/gcc/bin/../lib/gcc/arm-none-eabi/4.6.2/../../../../arm-none-eabi/lib/armv7e-m\libsupc++.a(pbase_type_info.o)
                0x0001b5f4                __cxxabiv1::__pbase_type_info::~__pbase_type_info()
 .text._ZNK10__cxxabiv117__pbase_type_info10__do_catchEPKSt9type_infoPPvj
                0x0001b610       0x68 c:/fehqt/proteus/gcc/bin/../lib/gcc/arm-none-eabi/4.6.2/../../../../arm-none-eabi/lib/armv7e-m\libsupc++.a(pbase_type_info.o)
                0x0001b610                __cxxabiv1::__pbase_type_info::__do_catch(std::type_info const*, void**, unsigned int) const
 .text.abort    0x0001b678       0x24 C:\fehqt\Proteus/EWL/lib/armv7e-m\libc.a(abort.o)
                0x0001b678                abort
 .text.sbrk     0x0001b69c       0x28 C:\fehqt\Proteus/EWL/lib/armv7e-m\libc.a(alloc.o)
                0x0001b69c                sbrk
 .text.malloc   0x0001b6c4      0x110 C:\fehqt\Proteus/EWL/lib/armv7e-m\libc.a(alloc.o)
                0x0001b6c4                malloc
 .text.free     0x0001b7d4       0x10 C:\fehqt\Proteus/EWL/lib/armv7e-m\libc.a(alloc.o)
                0x0001b7d4                free
 .text.raise    0x0001b7e4       0x3c C:\fehqt\Proteus/EWL/lib/armv7e-m\libc.a(raise.o)
                0x0001b7e4                raise
 *(.rodata)
 .rodata        0x0001b820        0xc ..\readlight.o
 .rodata        0x0001b82c       0x1c ..\main.o
 .rodata        0x0001b848        0xc ..\waitfortouch.o
 .rodata        0x0001b854       0x78 Libraries\FEHIO.o
 .rodata        0x0001b8cc       0x34 Libraries\FEHLCD.o
 .rodata        0x0001b900      0x220 Libraries\FEHRPS.o
 *(.rodata*)
 .rodata._ZTV11DepositCore
                0x0001bb20       0x18 ..\depositcore.o
                0x0001bb20                vtable for DepositCore
 .rodata._ZTV4Task
                0x0001bb38       0x18 ..\depositcore.o
                0x0001bb38                vtable for Task
 .rodata._ZTI11DepositCore
                0x0001bb50        0xc ..\depositcore.o
                0x0001bb50                typeinfo for DepositCore
 .rodata._ZTS11DepositCore
                0x0001bb5c       0x10 ..\depositcore.o
                0x0001bb5c                typeinfo name for DepositCore
 .rodata._ZTS4Task
                0x0001bb6c        0x8 ..\depositcore.o
                0x0001bb6c                typeinfo name for Task
 .rodata._ZTI4Task
                0x0001bb74        0x8 ..\depositcore.o
                0x0001bb74                typeinfo for Task
 *fill*         0x0001bb7c        0x4 00
 .rodata._ZTV13DriveDistance
                0x0001bb80       0x18 ..\drivedistance.o
                0x0001bb80                vtable for DriveDistance
 .rodata._ZTI13DriveDistance
                0x0001bb98        0xc ..\drivedistance.o
                0x0001bb98                typeinfo for DriveDistance
 .rodata._ZTS13DriveDistance
                0x0001bba4       0x10 ..\drivedistance.o
                0x0001bba4                typeinfo name for DriveDistance
 *fill*         0x0001bbb4        0x4 00
 .rodata._ZTV3End
                0x0001bbb8       0x18 ..\end.o
                0x0001bbb8                vtable for End
 .rodata._ZTI3End
                0x0001bbd0        0xc ..\end.o
                0x0001bbd0                typeinfo for End
 .rodata._ZTS3End
                0x0001bbdc        0x8 ..\end.o
                0x0001bbdc                typeinfo name for End
 *fill*         0x0001bbe4        0x4 00
 .rodata._ZTV5GoToX
                0x0001bbe8       0x18 ..\gotox.o
                0x0001bbe8                vtable for GoToX
 .rodata._ZTI5GoToX
                0x0001bc00        0xc ..\gotox.o
                0x0001bc00                typeinfo for GoToX
 .rodata._ZTS5GoToX
                0x0001bc0c        0x8 ..\gotox.o
                0x0001bc0c                typeinfo name for GoToX
 *fill*         0x0001bc14        0x4 00
 .rodata._ZTV5GoToY
                0x0001bc18       0x18 ..\gotoy.o
                0x0001bc18                vtable for GoToY
 .rodata._ZTI5GoToY
                0x0001bc30        0xc ..\gotoy.o
                0x0001bc30                typeinfo for GoToY
 .rodata._ZTS5GoToY
                0x0001bc3c        0x8 ..\gotoy.o
                0x0001bc3c                typeinfo name for GoToY
 *fill*         0x0001bc44        0x4 00
 .rodata._ZTV9MoveServo
                0x0001bc48       0x18 ..\moveservo.o
                0x0001bc48                vtable for MoveServo
 .rodata._ZTI9MoveServo
                0x0001bc60        0xc ..\moveservo.o
                0x0001bc60                typeinfo for MoveServo
 .rodata._ZTS9MoveServo
                0x0001bc6c        0xc ..\moveservo.o
                0x0001bc6c                typeinfo name for MoveServo
 .rodata._ZTV6Orient
                0x0001bc78       0x18 ..\orient.o
                0x0001bc78                vtable for Orient
 .rodata._ZTI6Orient
                0x0001bc90        0xc ..\orient.o
                0x0001bc90                typeinfo for Orient
 .rodata._ZTS6Orient
                0x0001bc9c        0x8 ..\orient.o
                0x0001bc9c                typeinfo name for Orient
 *fill*         0x0001bca4        0x4 00
 .rodata._ZTV9ReadLight
                0x0001bca8       0x18 ..\readlight.o
                0x0001bca8                vtable for ReadLight
 .rodata._ZTI9ReadLight
                0x0001bcc0        0xc ..\readlight.o
                0x0001bcc0                typeinfo for ReadLight
 .rodata._ZTS9ReadLight
                0x0001bccc        0xc ..\readlight.o
                0x0001bccc                typeinfo name for ReadLight
 .rodata._ZTV12WaitForLight
                0x0001bcd8       0x18 ..\waitforlight.o
                0x0001bcd8                vtable for WaitForLight
 .rodata._ZTI12WaitForLight
                0x0001bcf0        0xc ..\waitforlight.o
                0x0001bcf0                typeinfo for WaitForLight
 .rodata._ZTS12WaitForLight
                0x0001bcfc       0x10 ..\waitforlight.o
                0x0001bcfc                typeinfo name for WaitForLight
 *fill*         0x0001bd0c        0x4 00
 .rodata._ZTV12WaitForTouch
                0x0001bd10       0x18 ..\waitfortouch.o
                0x0001bd10                vtable for WaitForTouch
 .rodata._ZTI12WaitForTouch
                0x0001bd28        0xc ..\waitfortouch.o
                0x0001bd28                typeinfo for WaitForTouch
 .rodata._ZTS12WaitForTouch
                0x0001bd34       0x10 ..\waitfortouch.o
                0x0001bd34                typeinfo name for WaitForTouch
 .rodata.K60_SDHC0_init
                0x0001bd44        0xc Drivers\SDHC.o
                0x0001bd44                K60_SDHC0_init
 .rodata._ZL21ESDHC_COMMAND_XFERTYP
                0x0001bd50      0x100 Drivers\SDHC.o
 .rodata._ZL9GPIOPorts
                0x0001be50       0x20 Libraries\FEHIO.o
 .rodata._ZL10ADCNumbers
                0x0001be70       0x24 Libraries\FEHIO.o
 .rodata._ZL14GPIOPinNumbers
                0x0001be94       0x80 Libraries\FEHIO.o
 .rodata._ZL16AnalogPinNumbers
                0x0001bf14       0x84 Libraries\FEHIO.o
 .rodata.npio2_hw
                0x0001bf98       0x80 C:\fehqt\Proteus/EWL/lib/armv7e-m\libm.a(e_rem_pio2f.o)
 .rodata.two_over_pi
                0x0001c018      0x318 C:\fehqt\Proteus/EWL/lib/armv7e-m\libm.a(e_rem_pio2f.o)
 .rodata.init_jk
                0x0001c330        0xc C:\fehqt\Proteus/EWL/lib/armv7e-m\libm.a(k_rem_pio2f.o)
 .rodata.PIo2   0x0001c33c       0x2c C:\fehqt\Proteus/EWL/lib/armv7e-m\libm.a(k_rem_pio2f.o)
 .rodata.str1.1
                0x00000000        0x0 C:\fehqt\Proteus/EWL/lib/armv7e-m\libc.a(printformat_.o)
                                  0x1 (size before relaxing)
 .rodata.__aeabi_ctype_table_C
                0x0001c368      0x101 C:\fehqt\Proteus/EWL/lib/armv7e-m\libc.a(ctype_aeabi.o)
                0x0001c368                __aeabi_ctype_table_C
 *fill*         0x0001c469        0x7 00
 .rodata._ZTVSt9bad_alloc
                0x0001c470       0x18 C:\fehqt\Proteus/EWL/lib/armv7e-m\librt.a(New.o)
                0x0001c470                vtable for std::bad_alloc
 .rodata._ZTISt9bad_alloc
                0x0001c488        0xc C:\fehqt\Proteus/EWL/lib/armv7e-m\librt.a(New.o)
                0x0001c488                typeinfo for std::bad_alloc
 .rodata._ZTSSt9bad_alloc
                0x0001c494        0xd C:\fehqt\Proteus/EWL/lib/armv7e-m\librt.a(New.o)
                0x0001c494                typeinfo name for std::bad_alloc
 .rodata.str1.1
                0x0001c4a1       0x14 C:\fehqt\Proteus/EWL/lib/armv7e-m\librt.a(New.o)
 *fill*         0x0001c4b5        0x3 00
 .rodata._ZTVN10__cxxabiv117__class_type_infoE
                0x0001c4b8       0x30 c:/fehqt/proteus/gcc/bin/../lib/gcc/arm-none-eabi/4.6.2/../../../../arm-none-eabi/lib/armv7e-m\libsupc++.a(class_type_info.o)
                0x0001c4b8                vtable for __cxxabiv1::__class_type_info
 .rodata._ZTIN10__cxxabiv117__class_type_infoE
                0x0001c4e8        0xc c:/fehqt/proteus/gcc/bin/../lib/gcc/arm-none-eabi/4.6.2/../../../../arm-none-eabi/lib/armv7e-m\libsupc++.a(class_type_info.o)
                0x0001c4e8                typeinfo for __cxxabiv1::__class_type_info
 .rodata._ZTSN10__cxxabiv117__class_type_infoE
                0x0001c4f4       0x24 c:/fehqt/proteus/gcc/bin/../lib/gcc/arm-none-eabi/4.6.2/../../../../arm-none-eabi/lib/armv7e-m\libsupc++.a(class_type_info.o)
                0x0001c4f4                typeinfo name for __cxxabiv1::__class_type_info
 .rodata._ZTVSt9exception
                0x0001c518       0x18 c:/fehqt/proteus/gcc/bin/../lib/gcc/arm-none-eabi/4.6.2/../../../../arm-none-eabi/lib/armv7e-m\libsupc++.a(eh_exception.o)
                0x0001c518                vtable for std::exception
 .rodata._ZTIN10__cxxabiv115__forced_unwindE
                0x0001c530        0x8 c:/fehqt/proteus/gcc/bin/../lib/gcc/arm-none-eabi/4.6.2/../../../../arm-none-eabi/lib/armv7e-m\libsupc++.a(eh_exception.o)
                0x0001c530                typeinfo for __cxxabiv1::__forced_unwind
 .rodata._ZTISt9exception
                0x0001c538        0x8 c:/fehqt/proteus/gcc/bin/../lib/gcc/arm-none-eabi/4.6.2/../../../../arm-none-eabi/lib/armv7e-m\libsupc++.a(eh_exception.o)
                0x0001c538                typeinfo for std::exception
 .rodata._ZTSSt13bad_exception
                0x0001c540       0x14 c:/fehqt/proteus/gcc/bin/../lib/gcc/arm-none-eabi/4.6.2/../../../../arm-none-eabi/lib/armv7e-m\libsupc++.a(eh_exception.o)
                0x0001c540                typeinfo name for std::bad_exception
 .rodata.str1.4
                0x0001c554       0x23 c:/fehqt/proteus/gcc/bin/../lib/gcc/arm-none-eabi/4.6.2/../../../../arm-none-eabi/lib/armv7e-m\libsupc++.a(eh_exception.o)
                                 0x24 (size before relaxing)
 *fill*         0x0001c577        0x1 00
 .rodata._ZTSN10__cxxabiv119__foreign_exceptionE
                0x0001c578       0x24 c:/fehqt/proteus/gcc/bin/../lib/gcc/arm-none-eabi/4.6.2/../../../../arm-none-eabi/lib/armv7e-m\libsupc++.a(eh_exception.o)
                0x0001c578                typeinfo name for __cxxabiv1::__foreign_exception
 .rodata._ZTIN10__cxxabiv119__foreign_exceptionE
                0x0001c59c        0x8 c:/fehqt/proteus/gcc/bin/../lib/gcc/arm-none-eabi/4.6.2/../../../../arm-none-eabi/lib/armv7e-m\libsupc++.a(eh_exception.o)
                0x0001c59c                typeinfo for __cxxabiv1::__foreign_exception
 *fill*         0x0001c5a4        0x4 00
 .rodata._ZTVSt13bad_exception
                0x0001c5a8       0x18 c:/fehqt/proteus/gcc/bin/../lib/gcc/arm-none-eabi/4.6.2/../../../../arm-none-eabi/lib/armv7e-m\libsupc++.a(eh_exception.o)
                0x0001c5a8                vtable for std::bad_exception
 .rodata._ZTSSt9exception
                0x0001c5c0       0x10 c:/fehqt/proteus/gcc/bin/../lib/gcc/arm-none-eabi/4.6.2/../../../../arm-none-eabi/lib/armv7e-m\libsupc++.a(eh_exception.o)
                0x0001c5c0                typeinfo name for std::exception
 .rodata._ZTSN10__cxxabiv115__forced_unwindE
                0x0001c5d0       0x20 c:/fehqt/proteus/gcc/bin/../lib/gcc/arm-none-eabi/4.6.2/../../../../arm-none-eabi/lib/armv7e-m\libsupc++.a(eh_exception.o)
                0x0001c5d0                typeinfo name for __cxxabiv1::__forced_unwind
 .rodata._ZTISt13bad_exception
                0x0001c5f0        0xc c:/fehqt/proteus/gcc/bin/../lib/gcc/arm-none-eabi/4.6.2/../../../../arm-none-eabi/lib/armv7e-m\libsupc++.a(eh_exception.o)
                0x0001c5f0                typeinfo for std::bad_exception
 .rodata._ZTIPv
                0x0001c5fc       0x10 c:/fehqt/proteus/gcc/bin/../lib/gcc/arm-none-eabi/4.6.2/../../../../arm-none-eabi/lib/armv7e-m\libsupc++.a(fundamental_type_info.o)
                0x0001c5fc                typeinfo for void*
 .rodata._ZTIv  0x0001c60c        0x8 c:/fehqt/proteus/gcc/bin/../lib/gcc/arm-none-eabi/4.6.2/../../../../arm-none-eabi/lib/armv7e-m\libsupc++.a(fundamental_type_info.o)
                0x0001c60c                typeinfo for void
 .rodata._ZTSPv
                0x0001c614        0x4 c:/fehqt/proteus/gcc/bin/../lib/gcc/arm-none-eabi/4.6.2/../../../../arm-none-eabi/lib/armv7e-m\libsupc++.a(fundamental_type_info.o)
                0x0001c614                typeinfo name for void*
 .rodata._ZTSv  0x0001c618        0x4 c:/fehqt/proteus/gcc/bin/../lib/gcc/arm-none-eabi/4.6.2/../../../../arm-none-eabi/lib/armv7e-m\libsupc++.a(fundamental_type_info.o)
                0x0001c618                typeinfo name for void
 .rodata._ZTIN10__cxxabiv123__fundamental_type_infoE
                0x0001c61c        0xc c:/fehqt/proteus/gcc/bin/../lib/gcc/arm-none-eabi/4.6.2/../../../../arm-none-eabi/lib/armv7e-m\libsupc++.a(fundamental_type_info.o)
                0x0001c61c                typeinfo for __cxxabiv1::__fundamental_type_info
 .rodata._ZTSN10__cxxabiv123__fundamental_type_infoE
                0x0001c628       0x28 c:/fehqt/proteus/gcc/bin/../lib/gcc/arm-none-eabi/4.6.2/../../../../arm-none-eabi/lib/armv7e-m\libsupc++.a(fundamental_type_info.o)
                0x0001c628                typeinfo name for __cxxabiv1::__fundamental_type_info
 .rodata._ZTVN10__cxxabiv123__fundamental_type_infoE
                0x0001c650       0x20 c:/fehqt/proteus/gcc/bin/../lib/gcc/arm-none-eabi/4.6.2/../../../../arm-none-eabi/lib/armv7e-m\libsupc++.a(fundamental_type_info.o)
                0x0001c650                vtable for __cxxabiv1::__fundamental_type_info
 .rodata._ZTSN10__cxxabiv119__pointer_type_infoE
                0x0001c670       0x24 c:/fehqt/proteus/gcc/bin/../lib/gcc/arm-none-eabi/4.6.2/../../../../arm-none-eabi/lib/armv7e-m\libsupc++.a(pointer_type_info.o)
                0x0001c670                typeinfo name for __cxxabiv1::__pointer_type_info
 .rodata._ZTIN10__cxxabiv119__pointer_type_infoE
                0x0001c694        0xc c:/fehqt/proteus/gcc/bin/../lib/gcc/arm-none-eabi/4.6.2/../../../../arm-none-eabi/lib/armv7e-m\libsupc++.a(pointer_type_info.o)
                0x0001c694                typeinfo for __cxxabiv1::__pointer_type_info
 .rodata._ZTVN10__cxxabiv119__pointer_type_infoE
                0x0001c6a0       0x28 c:/fehqt/proteus/gcc/bin/../lib/gcc/arm-none-eabi/4.6.2/../../../../arm-none-eabi/lib/armv7e-m\libsupc++.a(pointer_type_info.o)
                0x0001c6a0                vtable for __cxxabiv1::__pointer_type_info
 .rodata._ZTVN10__cxxabiv120__si_class_type_infoE
                0x0001c6c8       0x30 c:/fehqt/proteus/gcc/bin/../lib/gcc/arm-none-eabi/4.6.2/../../../../arm-none-eabi/lib/armv7e-m\libsupc++.a(si_class_type_info.o)
                0x0001c6c8                vtable for __cxxabiv1::__si_class_type_info
 .rodata._ZTIN10__cxxabiv120__si_class_type_infoE
                0x0001c6f8        0xc c:/fehqt/proteus/gcc/bin/../lib/gcc/arm-none-eabi/4.6.2/../../../../arm-none-eabi/lib/armv7e-m\libsupc++.a(si_class_type_info.o)
                0x0001c6f8                typeinfo for __cxxabiv1::__si_class_type_info
 .rodata._ZTSN10__cxxabiv120__si_class_type_infoE
                0x0001c704       0x28 c:/fehqt/proteus/gcc/bin/../lib/gcc/arm-none-eabi/4.6.2/../../../../arm-none-eabi/lib/armv7e-m\libsupc++.a(si_class_type_info.o)
                0x0001c704                typeinfo name for __cxxabiv1::__si_class_type_info
 .rodata._ZTISt9type_info
                0x0001c72c        0x8 c:/fehqt/proteus/gcc/bin/../lib/gcc/arm-none-eabi/4.6.2/../../../../arm-none-eabi/lib/armv7e-m\libsupc++.a(tinfo.o)
                0x0001c72c                typeinfo for std::type_info
 .rodata._ZTSSt9type_info
                0x0001c734       0x10 c:/fehqt/proteus/gcc/bin/../lib/gcc/arm-none-eabi/4.6.2/../../../../arm-none-eabi/lib/armv7e-m\libsupc++.a(tinfo.o)
                0x0001c734                typeinfo name for std::type_info
 *fill*         0x0001c744        0x4 00
 .rodata._ZTVSt9type_info
                0x0001c748       0x20 c:/fehqt/proteus/gcc/bin/../lib/gcc/arm-none-eabi/4.6.2/../../../../arm-none-eabi/lib/armv7e-m\libsupc++.a(tinfo.o)
                0x0001c748                vtable for std::type_info
 .rodata._ZTVSt10bad_typeid
                0x0001c768       0x18 c:/fehqt/proteus/gcc/bin/../lib/gcc/arm-none-eabi/4.6.2/../../../../arm-none-eabi/lib/armv7e-m\libsupc++.a(bad_typeid.o)
                0x0001c768                vtable for std::bad_typeid
 .rodata._ZTISt10bad_typeid
                0x0001c780        0xc c:/fehqt/proteus/gcc/bin/../lib/gcc/arm-none-eabi/4.6.2/../../../../arm-none-eabi/lib/armv7e-m\libsupc++.a(bad_typeid.o)
                0x0001c780                typeinfo for std::bad_typeid
 .rodata.str1.4
                0x0001c78c       0x10 c:/fehqt/proteus/gcc/bin/../lib/gcc/arm-none-eabi/4.6.2/../../../../arm-none-eabi/lib/armv7e-m\libsupc++.a(bad_typeid.o)
 .rodata._ZTSSt10bad_typeid
                0x0001c79c       0x10 c:/fehqt/proteus/gcc/bin/../lib/gcc/arm-none-eabi/4.6.2/../../../../arm-none-eabi/lib/armv7e-m\libsupc++.a(bad_typeid.o)
                0x0001c79c                typeinfo name for std::bad_typeid
 .rodata._ZTIN10__cxxabiv117__pbase_type_infoE
                0x0001c7ac        0xc c:/fehqt/proteus/gcc/bin/../lib/gcc/arm-none-eabi/4.6.2/../../../../arm-none-eabi/lib/armv7e-m\libsupc++.a(pbase_type_info.o)
                0x0001c7ac                typeinfo for __cxxabiv1::__pbase_type_info
 .rodata._ZTSN10__cxxabiv117__pbase_type_infoE
                0x0001c7b8       0x24 c:/fehqt/proteus/gcc/bin/../lib/gcc/arm-none-eabi/4.6.2/../../../../arm-none-eabi/lib/armv7e-m\libsupc++.a(pbase_type_info.o)
                0x0001c7b8                typeinfo name for __cxxabiv1::__pbase_type_info
 *fill*         0x0001c7dc        0x4 00
 .rodata._ZTVN10__cxxabiv117__pbase_type_infoE
                0x0001c7e0       0x28 c:/fehqt/proteus/gcc/bin/../lib/gcc/arm-none-eabi/4.6.2/../../../../arm-none-eabi/lib/armv7e-m\libsupc++.a(pbase_type_info.o)
                0x0001c7e0                vtable for __cxxabiv1::__pbase_type_info
 *(.glue_7)
 .glue_7        0x00000000        0x0 linker stubs
 *(.glue_7t)
 .glue_7t       0x00000000        0x0 linker stubs
 *(.eh_frame)
 *(.init)
 *(.fini)
                0x0001c808                . = ALIGN (0x4)
                0x0001c808                _etext = .

.vfp11_veneer   0x0001c808        0x0
 .vfp11_veneer  0x00000000        0x0 linker stubs

.v4_bx          0x0001c808        0x0
 .v4_bx         0x00000000        0x0 linker stubs

.ARM.extab      0x0001c808      0x114
 *(.ARM.extab* .gnu.linkonce.armextab.*)
 .ARM.extab.text._ZNSt9bad_allocD2Ev
                0x0001c808        0x0 C:\fehqt\Proteus/EWL/lib/armv7e-m\librt.a(New.o)
 .ARM.extab.text._ZNKSt9bad_alloc4whatEv
                0x0001c808        0x0 C:\fehqt\Proteus/EWL/lib/armv7e-m\librt.a(New.o)
 .ARM.extab.text._Znwj
                0x0001c808       0x20 C:\fehqt\Proteus/EWL/lib/armv7e-m\librt.a(New.o)
 .ARM.extab.text._ZNSt9bad_allocD0Ev
                0x0001c828        0x0 C:\fehqt\Proteus/EWL/lib/armv7e-m\librt.a(New.o)
 .ARM.extab.text.__cxa_bad_typeid
                0x0001c828        0xc c:/fehqt/proteus/gcc/bin/../lib/gcc/arm-none-eabi/4.6.2/../../../../arm-none-eabi/lib/armv7e-m\libsupc++.a(eh_aux_runtime.o)
 .ARM.extab.text.__cxa_call_unexpected
                0x0001c834       0x28 c:/fehqt/proteus/gcc/bin/../lib/gcc/arm-none-eabi/4.6.2/../../../../arm-none-eabi/lib/armv7e-m\libsupc++.a(eh_call.o)
 .ARM.extab.text.__cxa_begin_catch
                0x0001c85c       0x20 c:/fehqt/proteus/gcc/bin/../lib/gcc/arm-none-eabi/4.6.2/../../../../arm-none-eabi/lib/armv7e-m\libsupc++.a(eh_catch.o)
 .ARM.extab.text._ZL21base_of_encoded_valuehP15_Unwind_Context